Archive member included to satisfy reference by file (symbol)

C:\studies\year3\period1\Embedded_Systems_programming\Labs\Lab1\lpc_board_nxp_lpcxpresso_1549\Debug\liblpc_board_nxp_lpcxpresso_1549.a(board.o)
                              ./src/lab1.o (Board_LED_Set)
C:\studies\year3\period1\Embedded_Systems_programming\Labs\Lab1\lpc_board_nxp_lpcxpresso_1549\Debug\liblpc_board_nxp_lpcxpresso_1549.a(board_sysinit.o)
                              ./src/sysinit.o (Board_SystemInit)
C:\studies\year3\period1\Embedded_Systems_programming\Labs\Lab1\lpc_chip_15xx\Debug\liblpc_chip_15xx.a(chip_15xx.o)
                              ./src/lab1.o (SystemCoreClockUpdate)
C:\studies\year3\period1\Embedded_Systems_programming\Labs\Lab1\lpc_chip_15xx\Debug\liblpc_chip_15xx.a(clock_15xx.o)
                              C:\studies\year3\period1\Embedded_Systems_programming\Labs\Lab1\lpc_board_nxp_lpcxpresso_1549\Debug\liblpc_board_nxp_lpcxpresso_1549.a(board.o) (Chip_Clock_GetMainClockRate)
C:\studies\year3\period1\Embedded_Systems_programming\Labs\Lab1\lpc_chip_15xx\Debug\liblpc_chip_15xx.a(gpio_15xx.o)
                              C:\studies\year3\period1\Embedded_Systems_programming\Labs\Lab1\lpc_board_nxp_lpcxpresso_1549\Debug\liblpc_board_nxp_lpcxpresso_1549.a(board.o) (Chip_GPIO_Init)
C:\studies\year3\period1\Embedded_Systems_programming\Labs\Lab1\lpc_chip_15xx\Debug\liblpc_chip_15xx.a(iocon_15xx.o)
                              C:\studies\year3\period1\Embedded_Systems_programming\Labs\Lab1\lpc_board_nxp_lpcxpresso_1549\Debug\liblpc_board_nxp_lpcxpresso_1549.a(board_sysinit.o) (Chip_IOCON_SetPinMuxing)
C:\studies\year3\period1\Embedded_Systems_programming\Labs\Lab1\lpc_chip_15xx\Debug\liblpc_chip_15xx.a(swm_15xx.o)
                              C:\studies\year3\period1\Embedded_Systems_programming\Labs\Lab1\lpc_board_nxp_lpcxpresso_1549\Debug\liblpc_board_nxp_lpcxpresso_1549.a(board.o) (Chip_SWM_MovablePinAssign)
C:\studies\year3\period1\Embedded_Systems_programming\Labs\Lab1\lpc_chip_15xx\Debug\liblpc_chip_15xx.a(sysctl_15xx.o)
                              C:\studies\year3\period1\Embedded_Systems_programming\Labs\Lab1\lpc_board_nxp_lpcxpresso_1549\Debug\liblpc_board_nxp_lpcxpresso_1549.a(board_sysinit.o) (Chip_SYSCTL_AssertPeriphReset)
C:\studies\year3\period1\Embedded_Systems_programming\Labs\Lab1\lpc_chip_15xx\Debug\liblpc_chip_15xx.a(sysinit_15xx.o)
                              C:\studies\year3\period1\Embedded_Systems_programming\Labs\Lab1\lpc_board_nxp_lpcxpresso_1549\Debug\liblpc_board_nxp_lpcxpresso_1549.a(board_sysinit.o) (Chip_SetupXtalClocking)
C:\studies\year3\period1\Embedded_Systems_programming\Labs\Lab1\lpc_chip_15xx\Debug\liblpc_chip_15xx.a(uart_15xx.o)
                              C:\studies\year3\period1\Embedded_Systems_programming\Labs\Lab1\lpc_board_nxp_lpcxpresso_1549\Debug\liblpc_board_nxp_lpcxpresso_1549.a(board.o) (Chip_UART_Init)
C:\studies\year3\period1\Embedded_Systems_programming\Labs\Lab1\lpc_chip_15xx\Debug\liblpc_chip_15xx.a(ring_buffer.o)
                              C:\studies\year3\period1\Embedded_Systems_programming\Labs\Lab1\lpc_chip_15xx\Debug\liblpc_chip_15xx.a(uart_15xx.o) (RingBuffer_Insert)
c:/additional_crap/mcuxpressoide_11.2.1_4149/ide/plugins/com.nxp.mcuxpresso.tools.win32_11.2.0.202008311134/tools/bin/../lib/gcc/arm-none-eabi/9.2.1/thumb/v7-m/nofp\libgcc.a(_aeabi_uldivmod.o)
                              C:\studies\year3\period1\Embedded_Systems_programming\Labs\Lab1\lpc_chip_15xx\Debug\liblpc_chip_15xx.a(clock_15xx.o) (__aeabi_uldivmod)
c:/additional_crap/mcuxpressoide_11.2.1_4149/ide/plugins/com.nxp.mcuxpresso.tools.win32_11.2.0.202008311134/tools/bin/../lib/gcc/arm-none-eabi/9.2.1/thumb/v7-m/nofp\libgcc.a(_udivmoddi4.o)
                              c:/additional_crap/mcuxpressoide_11.2.1_4149/ide/plugins/com.nxp.mcuxpresso.tools.win32_11.2.0.202008311134/tools/bin/../lib/gcc/arm-none-eabi/9.2.1/thumb/v7-m/nofp\libgcc.a(_aeabi_uldivmod.o) (__udivmoddi4)
c:/additional_crap/mcuxpressoide_11.2.1_4149/ide/plugins/com.nxp.mcuxpresso.tools.win32_11.2.0.202008311134/tools/bin/../lib/gcc/arm-none-eabi/9.2.1/thumb/v7-m/nofp\libgcc.a(_dvmd_tls.o)
                              c:/additional_crap/mcuxpressoide_11.2.1_4149/ide/plugins/com.nxp.mcuxpresso.tools.win32_11.2.0.202008311134/tools/bin/../lib/gcc/arm-none-eabi/9.2.1/thumb/v7-m/nofp\libgcc.a(_aeabi_uldivmod.o) (__aeabi_ldiv0)
c:/additional_crap/mcuxpressoide_11.2.1_4149/ide/plugins/com.nxp.mcuxpresso.tools.win32_11.2.0.202008311134/tools/bin/../lib/gcc/arm-none-eabi/9.2.1/../../../../arm-none-eabi/lib/thumb/v7-m/nofp\libc.a(lib_a-init.o)
                              ./src/cr_startup_lpc15xx.o (__libc_init_array)
c:/additional_crap/mcuxpressoide_11.2.1_4149/ide/plugins/com.nxp.mcuxpresso.tools.win32_11.2.0.202008311134/tools/bin/../lib/gcc/arm-none-eabi/9.2.1/../../../../arm-none-eabi/lib/thumb/v7-m/nofp\libc.a(lib_a-malloc.o)
                              ./src/cr_cpp_config.o (malloc)
[...]
Memory Configuration

Name             Origin             Length             Attributes
MFlash256        0x00000000         0x00040000         xr
Ram0_16_32       0x02000000         0x00008000         xrw
Ram2_4           0x02008000         0x00001000         xrw
*default*        0x00000000         0xffffffff

Linker script and memory map

LOAD ./src/cr_cpp_config.o
LOAD ./src/cr_startup_lpc15xx.o
LOAD ./src/crp.o
LOAD ./src/lab1.o
LOAD ./src/sysinit.o
LOAD C:\studies\year3\period1\Embedded_Systems_programming\Labs\Lab1\lpc_board_nxp_lpcxpresso_1549\Debug\liblpc_board_nxp_lpcxpresso_1549.a
LOAD C:\studies\year3\period1\Embedded_Systems_programming\Labs\Lab1\lpc_chip_15xx\Debug\liblpc_chip_15xx.a
START GROUP
LOAD c:/additional_crap/mcuxpressoide_11.2.1_4149/ide/plugins/com.nxp.mcuxpresso.tools.win32_11.2.0.202008311134/tools/bin/../lib/gcc/arm-none-eabi/9.2.1/thumb/v7-m/nofp\libgcc.a
LOAD c:/additional_crap/mcuxpressoide_11.2.1_4149/ide/plugins/com.nxp.mcuxpresso.tools.win32_11.2.0.202008311134/tools/bin/../lib/gcc/arm-none-eabi/9.2.1/../../../../arm-none-eabi/lib/thumb/v7-m/nofp\libc.a
LOAD c:/additional_crap/mcuxpressoide_11.2.1_4149/ide/plugins/com.nxp.mcuxpresso.tools.win32_11.2.0.202008311134/tools/bin/../lib/gcc/arm-none-eabi/9.2.1/../../../../arm-none-eabi/lib/thumb/v7-m/nofp\libstdc++.a
LOAD c:/additional_crap/mcuxpressoide_11.2.1_4149/ide/plugins/com.nxp.mcuxpresso.tools.win32_11.2.0.202008311134/tools/bin/../lib/gcc/arm-none-eabi/9.2.1/../../../../arm-none-eabi/lib/thumb/v7-m/nofp\libm.a
LOAD c:/additional_crap/mcuxpressoide_11.2.1_4149/ide/plugins/com.nxp.mcuxpresso.tools.win32_11.2.0.202008311134/tools/bin/../lib/gcc/arm-none-eabi/9.2.1/../../../../arm-none-eabi/lib/thumb/v7-m/nofp\libcr_newlib_nohost.a
LOAD c:/additional_crap/mcuxpressoide_11.2.1_4149/ide/plugins/com.nxp.mcuxpresso.tools.win32_11.2.0.202008311134/tools/bin/../lib/gcc/arm-none-eabi/9.2.1/thumb/v7-m/nofp\crti.o
LOAD c:/additional_crap/mcuxpressoide_11.2.1_4149/ide/plugins/com.nxp.mcuxpresso.tools.win32_11.2.0.202008311134/tools/bin/../lib/gcc/arm-none-eabi/9.2.1/thumb/v7-m/nofp\crtn.o
LOAD c:/additional_crap/mcuxpressoide_11.2.1_4149/ide/plugins/com.nxp.mcuxpresso.tools.win32_11.2.0.202008311134/tools/bin/../lib/gcc/arm-none-eabi/9.2.1/thumb/v7-m/nofp\crtbegin.o
LOAD c:/additional_crap/mcuxpressoide_11.2.1_4149/ide/plugins/com.nxp.mcuxpresso.tools.win32_11.2.0.202008311134/tools/bin/../lib/gcc/arm-none-eabi/9.2.1/thumb/v7-m/nofp\crtend.o
END GROUP
                0x00000000                __base_MFlash256 = 0x0
                0x00000000                __base_Flash = 0x0
                0x00040000                __top_MFlash256 = 0x40000
                0x00040000                __top_Flash = 0x40000
                0x02000000                __base_Ram0_16_32 = 0x2000000
                0x02000000                __base_RAM = 0x2000000
                0x02008000                __top_Ram0_16_32 = 0x2008000
                0x02008000                __top_RAM = 0x2008000
                0x02008000                __base_Ram2_4 = 0x2008000
                0x02008000                __base_RAM2 = 0x2008000
                0x02009000                __top_Ram2_4 = 0x2009000
                0x02009000                __top_RAM2 = 0x2009000

.text           0x00000000     0x1744
 FILL mask 0xff
                0x00000000                __vectors_start__ = ABSOLUTE (.)
 *(.isr_vector)
 .isr_vector    0x00000000       0xfc ./src/cr_startup_lpc15xx.o
                0x00000000                g_pfnVectors
                0x000000fc                . = ALIGN (0x4)
                0x000000fc                __section_table_start = .
                0x000000fc                __data_section_table = .
                0x000000fc        0x4 LONG 0x174c LOADADDR (.data)
                0x00000100        0x4 LONG 0x2000000 ADDR (.data)
                0x00000104        0x4 LONG 0x0 SIZEOF (.data)
                0x00000108        0x4 LONG 0x174c LOADADDR (.data_RAM2)
                0x0000010c        0x4 LONG 0x2008000 ADDR (.data_RAM2)
                0x00000110        0x4 LONG 0x0 SIZEOF (.data_RAM2)
                0x00000114                __data_section_table_end = .
                0x00000114                __bss_section_table = .
                0x00000114        0x4 LONG 0x2000000 ADDR (.bss)
                0x00000118        0x4 LONG 0x24 SIZEOF (.bss)
                0x0000011c        0x4 LONG 0x2008000 ADDR (.bss_RAM2)
                0x00000120        0x4 LONG 0x0 SIZEOF (.bss_RAM2)
                0x00000124                __bss_section_table_end = .
                0x00000124                __section_table_end = .
 *(.after_vectors*)
 .after_vectors
                0x00000124      0x140 ./src/cr_startup_lpc15xx.o
                0x00000124                data_init(unsigned int, unsigned int, unsigned int)
                0x00000166                bss_init(unsigned int, unsigned int)
                0x0000019c                ResetISR
                0x00000228                NMI_Handler
                0x0000022e                HardFault_Handler
                0x00000234                MemManage_Handler
                0x0000023a                BusFault_Handler
                0x00000240                UsageFault_Handler
                0x00000246                SVC_Handler
                0x0000024c                DebugMon_Handler
                0x00000252                PendSV_Handler
                0x0000025e                UART1_IRQHandler
                0x0000025e                RTC_WAKE_IRQHandler
                0x0000025e                UART0_IRQHandler
                0x0000025e                ADC1_THCMP_IRQHandler
                0x0000025e                SPI1_IRQHandler
                0x0000025e                PIN_INT6_IRQHandler
                0x0000025e                IntDefaultHandler
                0x0000025e                PIN_INT4_IRQHandler
                0x0000025e                CAN_IRQHandler
                0x0000025e                RTC_ALARM_IRQHandler
                0x0000025e                ADC1B_IRQHandler
                0x0000025e                ADC1_OVR_IRQHandler
                0x0000025e                MRT_IRQHandler
                0x0000025e                UART2_IRQHandler
                0x0000025e                ADC0_OVR_IRQHandler
                0x0000025e                SCT1_IRQHandler
                0x0000025e                PIN_INT2_IRQHandler
                0x0000025e                USB_FIQHandler
                0x0000025e                SCT3_IRQHandler
                0x0000025e                PIN_INT7_IRQHandler
                0x0000025e                I2C0_IRQHandler
                0x0000025e                PIN_INT1_IRQHandler
                0x0000025e                USB_IRQHandler
                0x0000025e                BOD_IRQHandler
                0x0000025e                ADC0B_IRQHandler
                0x0000025e                ACMP0_IRQHandler
                0x0000025e                RIT_IRQHandler
                0x0000025e                USBWakeup_IRQHandler
                0x0000025e                WDT_IRQHandler
                0x0000025e                SCT2_IRQHandler
                0x0000025e                PIN_INT0_IRQHandler
                0x0000025e                QEI_IRQHandler
                0x0000025e                ACMP3_IRQHandler
                0x0000025e                GINT0_IRQHandler
                0x0000025e                DAC_IRQHandler
                0x0000025e                SPI0_IRQHandler
                0x0000025e                EEPROM_IRQHandler
                0x0000025e                ACMP2_IRQHandler
                0x0000025e                PIN_INT5_IRQHandler
                0x0000025e                ADC1A_IRQHandler
                0x0000025e                DMA_IRQHandler
                0x0000025e                PIN_INT3_IRQHandler
                0x0000025e                ACMP1_IRQHandler
                0x0000025e                SCT0_IRQHandler
                0x0000025e                ADC0A_IRQHandler
                0x0000025e                FMC_IRQHandler
                0x0000025e                GINT1_IRQHandler
                0x0000025e                ADC0_THCMP_IRQHandler
 *(.text*)
 .text.NVIC_SetPriority
                0x00000264       0x54 ./src/lab1.o
 .text.SysTick_Config
                0x000002b8       0x44 ./src/lab1.o
 .text.Chip_Clock_SetSysTickClockDiv
                0x000002fc       0x20 ./src/lab1.o
 .text.Chip_IOCON_PinMuxSet
                0x0000031c       0x2c ./src/lab1.o
 .text.Chip_GPIO_SetPinDIRInput
                0x00000348       0x3e ./src/lab1.o
 .text.Chip_GPIO_ReadValue
                0x00000386       0x22 ./src/lab1.o
 .text._ZStanSt12memory_orderSt23__memory_order_modifier
                0x000003a8       0x24 ./src/lab1.o
                0x000003a8                std::operator&(std::memory_order, std::__memory_order_modifier)
 .text.SysTick_Handler
                0x000003cc       0x2c ./src/lab1.o
                0x000003cc                SysTick_Handler
 .text._Z5Sleepi
                0x000003f8       0x38 ./src/lab1.o
                0x000003f8                Sleep(int)
 .text._Z8SW1_Initv
                0x00000430       0x24 ./src/lab1.o
                0x00000430                SW1_Init()
 .text._Z8SW1_readv
                0x00000454       0x1a ./src/lab1.o
                0x00000454                SW1_read()
 *fill*         0x0000046e        0x2 ff
 .text.main     0x00000470       0x98 ./src/lab1.o
                0x00000470                main
 .text._ZNVKSt13__atomic_baseIiEcviEv
                0x00000508       0x34 ./src/lab1.o
                0x00000508                std::__atomic_base<int>::operator int() const volatile
 .text._ZNVSt13__atomic_baseIiEmmEi
                0x0000053c       0x40 ./src/lab1.o
                0x0000053c                std::__atomic_base<int>::operator--(int) volatile
 .text._ZNVSt13__atomic_baseIiEaSEi
                0x0000057c       0x40 ./src/lab1.o
                0x0000057c                std::__atomic_base<int>::operator=(int) volatile
 .text._Z41__static_initialization_and_destruction_0ii
                0x000005bc       0x14 ./src/lab1.o
 .text._GLOBAL__sub_I_SysTick_Handler
                0x000005d0       0x10 ./src/lab1.o
 .text.SystemInit
                0x000005e0        0xc ./src/sysinit.o
                0x000005e0                SystemInit
 .text.Chip_IOCON_PinMuxSet
                0x000005ec       0x2c C:\studies\year3\period1\Embedded_Systems_programming\Labs\Lab1\lpc_board_nxp_lpcxpresso_1549\Debug\liblpc_board_nxp_lpcxpresso_1549.a(board.o)
 .text.Chip_SWM_MovablePortPinAssign
                0x00000618       0x30 C:\studies\year3\period1\Embedded_Systems_programming\Labs\Lab1\lpc_board_nxp_lpcxpresso_1549\Debug\liblpc_board_nxp_lpcxpresso_1549.a(board.o)
 .text.Chip_GPIO_SetPinState
                0x00000648       0x36 C:\studies\year3\period1\Embedded_Systems_programming\Labs\Lab1\lpc_board_nxp_lpcxpresso_1549\Debug\liblpc_board_nxp_lpcxpresso_1549.a(board.o)
 .text.Chip_GPIO_SetPinDIROutput
                0x0000067e       0x3c C:\studies\year3\period1\Embedded_Systems_programming\Labs\Lab1\lpc_board_nxp_lpcxpresso_1549\Debug\liblpc_board_nxp_lpcxpresso_1549.a(board.o)
 .text.Chip_UART_Enable
                0x000006ba       0x1e C:\studies\year3\period1\Embedded_Systems_programming\Labs\Lab1\lpc_board_nxp_lpcxpresso_1549\Debug\liblpc_board_nxp_lpcxpresso_1549.a(board.o)
 .text.Chip_UART_TXEnable
                0x000006d8       0x1e C:\studies\year3\period1\Embedded_Systems_programming\Labs\Lab1\lpc_board_nxp_lpcxpresso_1549\Debug\liblpc_board_nxp_lpcxpresso_1549.a(board.o)
 .text.Chip_UART_ConfigData
                0x000006f6       0x28 C:\studies\year3\period1\Embedded_Systems_programming\Labs\Lab1\lpc_board_nxp_lpcxpresso_1549\Debug\liblpc_board_nxp_lpcxpresso_1549.a(board.o)
 *fill*         0x0000071e        0x2 ff
 .text.Board_Debug_Init
                0x00000720       0x70 C:\studies\year3\period1\Embedded_Systems_programming\Labs\Lab1\lpc_board_nxp_lpcxpresso_1549\Debug\liblpc_board_nxp_lpcxpresso_1549.a(board.o)
                0x00000720                Board_Debug_Init
 .text.Board_LED_Init
                0x00000790       0x60 C:\studies\year3\period1\Embedded_Systems_programming\Labs\Lab1\lpc_board_nxp_lpcxpresso_1549\Debug\liblpc_board_nxp_lpcxpresso_1549.a(board.o)
 .text.Board_LED_Set
                0x000007f0       0x54 C:\studies\year3\period1\Embedded_Systems_programming\Labs\Lab1\lpc_board_nxp_lpcxpresso_1549\Debug\liblpc_board_nxp_lpcxpresso_1549.a(board.o)
                0x000007f0                Board_LED_Set
 .text.Board_Init
                0x00000844       0x18 C:\studies\year3\period1\Embedded_Systems_programming\Labs\Lab1\lpc_board_nxp_lpcxpresso_1549\Debug\liblpc_board_nxp_lpcxpresso_1549.a(board.o)
                0x00000844                Board_Init
 .text.Chip_SYSCTL_PeriphReset
                0x0000085c       0x22 C:\studies\year3\period1\Embedded_Systems_programming\Labs\Lab1\lpc_board_nxp_lpcxpresso_1549\Debug\liblpc_board_nxp_lpcxpresso_1549.a(board_sysinit.o)
 *fill*         0x0000087e        0x2 ff
 .text.Chip_Clock_SetUSBPLLSource
                0x00000880       0x20 C:\studies\year3\period1\Embedded_Systems_programming\Labs\Lab1\lpc_board_nxp_lpcxpresso_1549\Debug\liblpc_board_nxp_lpcxpresso_1549.a(board_sysinit.o)
 .text.Chip_Clock_SetupUSBPLL
                0x000008a0       0x34 C:\studies\year3\period1\Embedded_Systems_programming\Labs\Lab1\lpc_board_nxp_lpcxpresso_1549\Debug\liblpc_board_nxp_lpcxpresso_1549.a(board_sysinit.o)
 .text.Chip_Clock_IsUSBPLLLocked
                0x000008d4       0x24 C:\studies\year3\period1\Embedded_Systems_programming\Labs\Lab1\lpc_board_nxp_lpcxpresso_1549\Debug\liblpc_board_nxp_lpcxpresso_1549.a(board_sysinit.o)
 .text.Chip_Clock_SetSysTickClockDiv
                0x000008f8       0x20 C:\studies\year3\period1\Embedded_Systems_programming\Labs\Lab1\lpc_board_nxp_lpcxpresso_1549\Debug\liblpc_board_nxp_lpcxpresso_1549.a(board_sysinit.o)
 .text.Chip_SWM_MovablePortPinAssign
                0x00000918       0x30 C:\studies\year3\period1\Embedded_Systems_programming\Labs\Lab1\lpc_board_nxp_lpcxpresso_1549\Debug\liblpc_board_nxp_lpcxpresso_1549.a(board_sysinit.o)
 .text.Board_SetupMuxing
                0x00000948       0x84 C:\studies\year3\period1\Embedded_Systems_programming\Labs\Lab1\lpc_board_nxp_lpcxpresso_1549\Debug\liblpc_board_nxp_lpcxpresso_1549.a(board_sysinit.o)
                0x00000948                Board_SetupMuxing
 .text.Board_SetupClocking
                0x000009cc       0x3a C:\studies\year3\period1\Embedded_Systems_programming\Labs\Lab1\lpc_board_nxp_lpcxpresso_1549\Debug\liblpc_board_nxp_lpcxpresso_1549.a(board_sysinit.o)
                0x000009cc                Board_SetupClocking
 *fill*         0x00000a06        0x2 ff
 .text.Board_SystemInit
                0x00000a08       0x1c C:\studies\year3\period1\Embedded_Systems_programming\Labs\Lab1\lpc_board_nxp_lpcxpresso_1549\Debug\liblpc_board_nxp_lpcxpresso_1549.a(board_sysinit.o)
                0x00000a08                Board_SystemInit
 .text.SystemCoreClockUpdate
                0x00000a24       0x18 C:\studies\year3\period1\Embedded_Systems_programming\Labs\Lab1\lpc_chip_15xx\Debug\liblpc_chip_15xx.a(chip_15xx.o)
                0x00000a24                SystemCoreClockUpdate
 .text.Chip_Clock_SetMain_A_ClockSource
                0x00000a3c       0x20 C:\studies\year3\period1\Embedded_Systems_programming\Labs\Lab1\lpc_chip_15xx\Debug\liblpc_chip_15xx.a(clock_15xx.o)
 .text.Chip_Clock_GetMain_A_ClockSource
                0x00000a5c       0x18 C:\studies\year3\period1\Embedded_Systems_programming\Labs\Lab1\lpc_chip_15xx\Debug\liblpc_chip_15xx.a(clock_15xx.o)
 .text.Chip_Clock_SetMain_B_ClockSource
                0x00000a74       0x20 C:\studies\year3\period1\Embedded_Systems_programming\Labs\Lab1\lpc_chip_15xx\Debug\liblpc_chip_15xx.a(clock_15xx.o)
 .text.Chip_Clock_GetMain_B_ClockSource
                0x00000a94       0x18 C:\studies\year3\period1\Embedded_Systems_programming\Labs\Lab1\lpc_chip_15xx\Debug\liblpc_chip_15xx.a(clock_15xx.o)
 .text.Chip_Clock_GetSysTickClockDiv
                0x00000aac       0x18 C:\studies\year3\period1\Embedded_Systems_programming\Labs\Lab1\lpc_chip_15xx\Debug\liblpc_chip_15xx.a(clock_15xx.o)
 .text.Chip_Clock_SetUARTFRGDivider
                0x00000ac4       0x20 C:\studies\year3\period1\Embedded_Systems_programming\Labs\Lab1\lpc_chip_15xx\Debug\liblpc_chip_15xx.a(clock_15xx.o)
 .text.Chip_Clock_GetUARTFRGDivider
                0x00000ae4       0x18 C:\studies\year3\period1\Embedded_Systems_programming\Labs\Lab1\lpc_chip_15xx\Debug\liblpc_chip_15xx.a(clock_15xx.o)
 .text.Chip_Clock_GetMainOscRate
                0x00000afc       0x14 C:\studies\year3\period1\Embedded_Systems_programming\Labs\Lab1\lpc_chip_15xx\Debug\liblpc_chip_15xx.a(clock_15xx.o)
 .text.Chip_Clock_GetIntOscRate
                0x00000b10       0x14 C:\studies\year3\period1\Embedded_Systems_programming\Labs\Lab1\lpc_chip_15xx\Debug\liblpc_chip_15xx.a(clock_15xx.o)
 .text.Chip_Clock_GetRTCOscRate
                0x00000b24       0x14 C:\studies\year3\period1\Embedded_Systems_programming\Labs\Lab1\lpc_chip_15xx\Debug\liblpc_chip_15xx.a(clock_15xx.o)
 .text.Chip_Clock_GetWDTOSCRate
                0x00000b38       0x14 C:\studies\year3\period1\Embedded_Systems_programming\Labs\Lab1\lpc_chip_15xx\Debug\liblpc_chip_15xx.a(clock_15xx.o)
 .text.Chip_Clock_GetPLLFreq
                0x00000b4c       0x26 C:\studies\year3\period1\Embedded_Systems_programming\Labs\Lab1\lpc_chip_15xx\Debug\liblpc_chip_15xx.a(clock_15xx.o)
 .text.Chip_Clock_GetPLLInClockRate
                0x00000b72       0x38 C:\studies\year3\period1\Embedded_Systems_programming\Labs\Lab1\lpc_chip_15xx\Debug\liblpc_chip_15xx.a(clock_15xx.o)
 *fill*         0x00000baa        0x2 ff
 .text.Chip_Clock_GetSystemPLLInClockRate
                0x00000bac       0x1c C:\studies\year3\period1\Embedded_Systems_programming\Labs\Lab1\lpc_chip_15xx\Debug\liblpc_chip_15xx.a(clock_15xx.o)
                0x00000bac                Chip_Clock_GetSystemPLLInClockRate
 .text.Chip_Clock_GetSystemPLLOutClockRate
                0x00000bc8       0x24 C:\studies\year3\period1\Embedded_Systems_programming\Labs\Lab1\lpc_chip_15xx\Debug\liblpc_chip_15xx.a(clock_15xx.o)
                0x00000bc8                Chip_Clock_GetSystemPLLOutClockRate
 .text.Chip_Clock_GetMain_A_ClockRate
                0x00000bec       0x4a C:\studies\year3\period1\Embedded_Systems_programming\Labs\Lab1\lpc_chip_15xx\Debug\liblpc_chip_15xx.a(clock_15xx.o)
                0x00000bec                Chip_Clock_GetMain_A_ClockRate
 *fill*         0x00000c36        0x2 ff
 .text.Chip_Clock_GetMain_B_ClockRate
                0x00000c38       0x58 C:\studies\year3\period1\Embedded_Systems_programming\Labs\Lab1\lpc_chip_15xx\Debug\liblpc_chip_15xx.a(clock_15xx.o)
                0x00000c38                Chip_Clock_GetMain_B_ClockRate
 .text.Chip_Clock_SetMainClockSource
                0x00000c90       0x3c C:\studies\year3\period1\Embedded_Systems_programming\Labs\Lab1\lpc_chip_15xx\Debug\liblpc_chip_15xx.a(clock_15xx.o)
                0x00000c90                Chip_Clock_SetMainClockSource
 .text.Chip_Clock_GetMainClockRate
                0x00000ccc       0x28 C:\studies\year3\period1\Embedded_Systems_programming\Labs\Lab1\lpc_chip_15xx\Debug\liblpc_chip_15xx.a(clock_15xx.o)
                0x00000ccc                Chip_Clock_GetMainClockRate
 .text.Chip_Clock_EnablePeriphClock
                0x00000cf4       0x58 C:\studies\year3\period1\Embedded_Systems_programming\Labs\Lab1\lpc_chip_15xx\Debug\liblpc_chip_15xx.a(clock_15xx.o)
                0x00000cf4                Chip_Clock_EnablePeriphClock
 .text.Chip_Clock_GetSysTickClockRate
                0x00000d4c       0x30 C:\studies\year3\period1\Embedded_Systems_programming\Labs\Lab1\lpc_chip_15xx\Debug\liblpc_chip_15xx.a(clock_15xx.o)
                0x00000d4c                Chip_Clock_GetSysTickClockRate
 .text.Chip_Clock_GetUARTBaseClockRate
                0x00000d7c       0x8c C:\studies\year3\period1\Embedded_Systems_programming\Labs\Lab1\lpc_chip_15xx\Debug\liblpc_chip_15xx.a(clock_15xx.o)
                0x00000d7c                Chip_Clock_GetUARTBaseClockRate
 .text.Chip_Clock_SetUARTBaseClockRate
                0x00000e08       0xa4 C:\studies\year3\period1\Embedded_Systems_programming\Labs\Lab1\lpc_chip_15xx\Debug\liblpc_chip_15xx.a(clock_15xx.o)
                0x00000e08                Chip_Clock_SetUARTBaseClockRate
 .text.Chip_Clock_GetSystemClockRate
                0x00000eac       0x1c C:\studies\year3\period1\Embedded_Systems_programming\Labs\Lab1\lpc_chip_15xx\Debug\liblpc_chip_15xx.a(clock_15xx.o)
                0x00000eac                Chip_Clock_GetSystemClockRate
 .text.Chip_SYSCTL_PeriphReset
                0x00000ec8       0x22 C:\studies\year3\period1\Embedded_Systems_programming\Labs\Lab1\lpc_chip_15xx\Debug\liblpc_chip_15xx.a(gpio_15xx.o)
 .text.Chip_GPIO_Init
                0x00000eea       0x2e C:\studies\year3\period1\Embedded_Systems_programming\Labs\Lab1\lpc_chip_15xx\Debug\liblpc_chip_15xx.a(gpio_15xx.o)
                0x00000eea                Chip_GPIO_Init
 .text.Chip_IOCON_PinMuxSet
                0x00000f18       0x2c C:\studies\year3\period1\Embedded_Systems_programming\Labs\Lab1\lpc_chip_15xx\Debug\liblpc_chip_15xx.a(iocon_15xx.o)
 .text.Chip_IOCON_SetPinMuxing
                0x00000f44       0x50 C:\studies\year3\period1\Embedded_Systems_programming\Labs\Lab1\lpc_chip_15xx\Debug\liblpc_chip_15xx.a(iocon_15xx.o)
                0x00000f44                Chip_IOCON_SetPinMuxing
 .text.Chip_SWM_MovablePinAssign
                0x00000f94       0x5c C:\studies\year3\period1\Embedded_Systems_programming\Labs\Lab1\lpc_chip_15xx\Debug\liblpc_chip_15xx.a(swm_15xx.o)
                0x00000f94                Chip_SWM_MovablePinAssign
 .text.Chip_SYSCTL_AssertPeriphReset
                0x00000ff0       0x4c C:\studies\year3\period1\Embedded_Systems_programming\Labs\Lab1\lpc_chip_15xx\Debug\liblpc_chip_15xx.a(sysctl_15xx.o)
                0x00000ff0                Chip_SYSCTL_AssertPeriphReset
 .text.Chip_SYSCTL_DeassertPeriphReset
                0x0000103c       0x50 C:\studies\year3\period1\Embedded_Systems_programming\Labs\Lab1\lpc_chip_15xx\Debug\liblpc_chip_15xx.a(sysctl_15xx.o)
                0x0000103c                Chip_SYSCTL_DeassertPeriphReset
 .text.Chip_SYSCTL_PowerDown
                0x0000108c       0x40 C:\studies\year3\period1\Embedded_Systems_programming\Labs\Lab1\lpc_chip_15xx\Debug\liblpc_chip_15xx.a(sysctl_15xx.o)
                0x0000108c                Chip_SYSCTL_PowerDown
 .text.Chip_SYSCTL_PowerUp
                0x000010cc       0x40 C:\studies\year3\period1\Embedded_Systems_programming\Labs\Lab1\lpc_chip_15xx\Debug\liblpc_chip_15xx.a(sysctl_15xx.o)
                0x000010cc                Chip_SYSCTL_PowerUp
 .text.Chip_FMC_SetFLASHAccess
                0x0000110c       0x38 C:\studies\year3\period1\Embedded_Systems_programming\Labs\Lab1\lpc_chip_15xx\Debug\liblpc_chip_15xx.a(sysinit_15xx.o)
 .text.Chip_Clock_SetSystemPLLSource
                0x00001144       0x20 C:\studies\year3\period1\Embedded_Systems_programming\Labs\Lab1\lpc_chip_15xx\Debug\liblpc_chip_15xx.a(sysinit_15xx.o)
 .text.Chip_Clock_SetupSystemPLL
                0x00001164       0x34 C:\studies\year3\period1\Embedded_Systems_programming\Labs\Lab1\lpc_chip_15xx\Debug\liblpc_chip_15xx.a(sysinit_15xx.o)
 .text.Chip_Clock_IsSystemPLLLocked
                0x00001198       0x24 C:\studies\year3\period1\Embedded_Systems_programming\Labs\Lab1\lpc_chip_15xx\Debug\liblpc_chip_15xx.a(sysinit_15xx.o)
 .text.Chip_Clock_SetSysClockDiv
                0x000011bc       0x20 C:\studies\year3\period1\Embedded_Systems_programming\Labs\Lab1\lpc_chip_15xx\Debug\liblpc_chip_15xx.a(sysinit_15xx.o)
 .text.Chip_SetupXtalClocking
                0x000011dc       0x6c C:\studies\year3\period1\Embedded_Systems_programming\Labs\Lab1\lpc_chip_15xx\Debug\liblpc_chip_15xx.a(sysinit_15xx.o)
                0x000011dc                Chip_SetupXtalClocking
 .text.Chip_SYSCTL_PeriphReset
                0x00001248       0x22 C:\studies\year3\period1\Embedded_Systems_programming\Labs\Lab1\lpc_chip_15xx\Debug\liblpc_chip_15xx.a(uart_15xx.o)
 *fill*         0x0000126a        0x2 ff
 .text.getUARTClockID
                0x0000126c       0x34 C:\studies\year3\period1\Embedded_Systems_programming\Labs\Lab1\lpc_chip_15xx\Debug\liblpc_chip_15xx.a(uart_15xx.o)
 .text.Chip_UART_Init
                0x000012a0       0x4c C:\studies\year3\period1\Embedded_Systems_programming\Labs\Lab1\lpc_chip_15xx\Debug\liblpc_chip_15xx.a(uart_15xx.o)
                0x000012a0                Chip_UART_Init
 .text.Chip_UART_SetBaud
                0x000012ec       0x2a C:\studies\year3\period1\Embedded_Systems_programming\Labs\Lab1\lpc_chip_15xx\Debug\liblpc_chip_15xx.a(uart_15xx.o)
                0x000012ec                Chip_UART_SetBaud
 *fill*         0x00001316        0x2 ff
 .text          0x00001318       0x30 c:/additional_crap/mcuxpressoide_11.2.1_4149/ide/plugins/com.nxp.mcuxpresso.tools.win32_11.2.0.202008311134/tools/bin/../lib/gcc/arm-none-eabi/9.2.1/thumb/v7-m/nofp\libgcc.a(_aeabi_uldivmod.o)
                0x00001318                __aeabi_uldivmod
 .text          0x00001348      0x2c4 c:/additional_crap/mcuxpressoide_11.2.1_4149/ide/plugins/com.nxp.mcuxpresso.tools.win32_11.2.0.202008311134/tools/bin/../lib/gcc/arm-none-eabi/9.2.1/thumb/v7-m/nofp\libgcc.a(_udivmoddi4.o)
                0x00001348                __udivmoddi4
 .text          0x0000160c        0x4 c:/additional_crap/mcuxpressoide_11.2.1_4149/ide/plugins/com.nxp.mcuxpresso.tools.win32_11.2.0.202008311134/tools/bin/../lib/gcc/arm-none-eabi/9.2.1/thumb/v7-m/nofp\libgcc.a(_dvmd_tls.o)
                0x0000160c                __aeabi_idiv0
                0x0000160c                __aeabi_ldiv0
 .text.__libc_init_array
                0x00001610       0x48 c:/additional_crap/mcuxpressoide_11.2.1_4149/ide/plugins/com.nxp.mcuxpresso.tools.win32_11.2.0.202008311134/tools/bin/../lib/gcc/arm-none-eabi/9.2.1/../../../../arm-none-eabi/lib/thumb/v7-m/nofp\libc.a(lib_a-init.o)
                0x00001610                __libc_init_array
 .text          0x00001658       0x40 c:/additional_crap/mcuxpressoide_11.2.1_4149/ide/plugins/com.nxp.mcuxpresso.tools.win32_11.2.0.202008311134/tools/bin/../lib/gcc/arm-none-eabi/9.2.1/thumb/v7-m/nofp\crtbegin.o
 *(.rodata .rodata.* .constdata .constdata.*)
 .rodata.OscRateIn
                0x00001698        0x4 C:\studies\year3\period1\Embedded_Systems_programming\Labs\Lab1\lpc_board_nxp_lpcxpresso_1549\Debug\liblpc_board_nxp_lpcxpresso_1549.a(board.o)
                0x00001698                OscRateIn
 .rodata.RTCOscRateIn
                0x0000169c        0x4 C:\studies\year3\period1\Embedded_Systems_programming\Labs\Lab1\lpc_board_nxp_lpcxpresso_1549\Debug\liblpc_board_nxp_lpcxpresso_1549.a(board.o)
                0x0000169c                RTCOscRateIn
 .rodata.ledpins
                0x000016a0        0x3 C:\studies\year3\period1\Embedded_Systems_programming\Labs\Lab1\lpc_board_nxp_lpcxpresso_1549\Debug\liblpc_board_nxp_lpcxpresso_1549.a(board.o)
 *fill*         0x000016a3        0x1 ff
 .rodata.ledports
                0x000016a4        0x3 C:\studies\year3\period1\Embedded_Systems_programming\Labs\Lab1\lpc_board_nxp_lpcxpresso_1549\Debug\liblpc_board_nxp_lpcxpresso_1549.a(board.o)
 *fill*         0x000016a7        0x1 ff
 .rodata.ioconSetup
                0x000016a8       0x74 C:\studies\year3\period1\Embedded_Systems_programming\Labs\Lab1\lpc_board_nxp_lpcxpresso_1549\Debug\liblpc_board_nxp_lpcxpresso_1549.a(board_sysinit.o)
 .rodata.swmSetup
                0x0000171c        0x6 C:\studies\year3\period1\Embedded_Systems_programming\Labs\Lab1\lpc_board_nxp_lpcxpresso_1549\Debug\liblpc_board_nxp_lpcxpresso_1549.a(board_sysinit.o)
                0x00001724                . = ALIGN (0x4)
 *fill*         0x00001722        0x2 ff
                0x00001724                . = ALIGN (0x4)
 *(.init)
 .init          0x00001724        0x4 c:/additional_crap/mcuxpressoide_11.2.1_4149/ide/plugins/com.nxp.mcuxpresso.tools.win32_11.2.0.202008311134/tools/bin/../lib/gcc/arm-none-eabi/9.2.1/thumb/v7-m/nofp\crti.o
                0x00001724                _init
 .init          0x00001728        0x8 c:/additional_crap/mcuxpressoide_11.2.1_4149/ide/plugins/com.nxp.mcuxpresso.tools.win32_11.2.0.202008311134/tools/bin/../lib/gcc/arm-none-eabi/9.2.1/thumb/v7-m/nofp\crtn.o
                0x00001730                . = ALIGN (0x4)
                0x00001730                __preinit_array_start = .
 *(.preinit_array)
                0x00001730                __preinit_array_end = .
                0x00001730                . = ALIGN (0x4)
                0x00001730                __init_array_start = .
 *(SORT_BY_NAME(.init_array.*))
 *(.init_array)
 .init_array    0x00001730        0x4 ./src/lab1.o
 .init_array    0x00001734        0x4 c:/additional_crap/mcuxpressoide_11.2.1_4149/ide/plugins/com.nxp.mcuxpresso.tools.win32_11.2.0.202008311134/tools/bin/../lib/gcc/arm-none-eabi/9.2.1/thumb/v7-m/nofp\crtbegin.o
                0x00001738                __init_array_end = .
 *(.fini)
 .fini          0x00001738        0x4 c:/additional_crap/mcuxpressoide_11.2.1_4149/ide/plugins/com.nxp.mcuxpresso.tools.win32_11.2.0.202008311134/tools/bin/../lib/gcc/arm-none-eabi/9.2.1/thumb/v7-m/nofp\crti.o
                0x00001738                _fini
 .fini          0x0000173c        0x8 c:/additional_crap/mcuxpressoide_11.2.1_4149/ide/plugins/com.nxp.mcuxpresso.tools.win32_11.2.0.202008311134/tools/bin/../lib/gcc/arm-none-eabi/9.2.1/thumb/v7-m/nofp\crtn.o
                0x00001744                . = ALIGN (0x4)
 *crtbegin.o(.ctors)
 *(EXCLUDE_FILE(*crtend.o) .ctors)
 *(SORT_BY_NAME(.ctors.*))
 *crtend.o(.ctors)
                0x00001744                . = ALIGN (0x4)
 *crtbegin.o(.dtors)
 *(EXCLUDE_FILE(*crtend.o) .dtors)
 *(SORT_BY_NAME(.dtors.*))
 *crtend.o(.dtors)
                0x00001744                . = ALIGN (0x4)

.glue_7         0x00001744        0x0
 .glue_7        0x00001744        0x0 linker stubs

.glue_7t        0x00001744        0x0
 .glue_7t       0x00001744        0x0 linker stubs

.vfp11_veneer   0x00001744        0x0
 .vfp11_veneer  0x00001744        0x0 linker stubs

.v4_bx          0x00001744        0x0
 .v4_bx         0x00001744        0x0 linker stubs

.iplt           0x00001744        0x0
 .iplt          0x00001744        0x0 ./src/cr_startup_lpc15xx.o

.ARM.extab
 *(.ARM.extab* .gnu.linkonce.armextab.*)

.ARM.exidx      0x00001744        0x8
                0x00001744                __exidx_start = .
 *(.ARM.exidx* .gnu.linkonce.armexidx.*)
 .ARM.exidx     0x00001744        0x8 c:/additional_crap/mcuxpressoide_11.2.1_4149/ide/plugins/com.nxp.mcuxpresso.tools.win32_11.2.0.202008311134/tools/bin/../lib/gcc/arm-none-eabi/9.2.1/thumb/v7-m/nofp\libgcc.a(_udivmoddi4.o)
                0x0000174c                __exidx_end = .
                0x0000174c                _etext = .

.rel.dyn        0x0000174c        0x0
 .rel.iplt      0x0000174c        0x0 ./src/cr_startup_lpc15xx.o

.eh_frame       0x0000174c        0x0
 .eh_frame      0x0000174c        0x0 c:/additional_crap/mcuxpressoide_11.2.1_4149/ide/plugins/com.nxp.mcuxpresso.tools.win32_11.2.0.202008311134/tools/bin/../lib/gcc/arm-none-eabi/9.2.1/thumb/v7-m/nofp\crtbegin.o

.data_RAM2      0x02008000        0x0 load address 0x0000174c
 FILL mask 0xff
                [!provide]                PROVIDE (__start_data_RAM2 = .)
                [!provide]                PROVIDE (__start_data_Ram2_4 = .)
 *(.ramfunc.$RAM2)
 *(.ramfunc.$Ram2_4)
 *(.data.$RAM2)
 *(.data.$Ram2_4)
 *(.data.$RAM2.*)
 *(.data.$Ram2_4.*)
                0x02008000                . = ALIGN (0x4)
                [!provide]                PROVIDE (__end_data_RAM2 = .)
                [!provide]                PROVIDE (__end_data_Ram2_4 = .)

.uninit_RESERVED
                0x02000000        0x0
                0x02000000                _start_uninit_RESERVED = .
 *(.bss.$RESERVED*)
                0x02000000                . = ALIGN (0x4)
                0x02000000                _end_uninit_RESERVED = .

.data           0x02000000        0x0 load address 0x0000174c
 FILL mask 0xff
                0x02000000                _data = .
                [!provide]                PROVIDE (__start_data_RAM = .)
                [!provide]                PROVIDE (__start_data_Ram0_16_32 = .)
 *(vtable)
 *(.ramfunc*)
 *(CodeQuickAccess)
 *(DataQuickAccess)
 *(RamFunction)
 *(.data*)
                0x02000000                . = ALIGN (0x4)
                0x02000000                _edata = .
                [!provide]                PROVIDE (__end_data_RAM = .)
                [!provide]                PROVIDE (__end_data_Ram0_16_32 = .)

.igot.plt       0x02000000        0x0 load address 0x0000174c
 .igot.plt      0x02000000        0x0 ./src/cr_startup_lpc15xx.o

.bss_RAM2       0x02008000        0x0
                [!provide]                PROVIDE (__start_bss_RAM2 = .)
                [!provide]                PROVIDE (__start_bss_Ram2_4 = .)
 *(.bss.$RAM2)
 *(.bss.$Ram2_4)
 *(.bss.$RAM2.*)
 *(.bss.$Ram2_4.*)
                0x02008000                . = ALIGN ((. != 0x0)?0x4:0x1)
                [!provide]                PROVIDE (__end_bss_RAM2 = .)
                [!provide]                PROVIDE (__end_bss_Ram2_4 = .)

.bss            0x02000000       0x24
                0x02000000                _bss = .
                [!provide]                PROVIDE (__start_bss_RAM = .)
                [!provide]                PROVIDE (__start_bss_Ram0_16_32 = .)
 *(.bss*)
 .bss._ZL7counter
                0x02000000        0x4 ./src/lab1.o
 .bss           0x02000004       0x1c c:/additional_crap/mcuxpressoide_11.2.1_4149/ide/plugins/com.nxp.mcuxpresso.tools.win32_11.2.0.202008311134/tools/bin/../lib/gcc/arm-none-eabi/9.2.1/thumb/v7-m/nofp\crtbegin.o
 *(COMMON)
 COMMON         0x02000020        0x4 C:\studies\year3\period1\Embedded_Systems_programming\Labs\Lab1\lpc_chip_15xx\Debug\liblpc_chip_15xx.a(chip_15xx.o)
                0x02000020                SystemCoreClock
                0x02000024                . = ALIGN (0x4)
                0x02000024                _ebss = .
                [!provide]                PROVIDE (__end_bss_RAM = .)
                [!provide]                PROVIDE (__end_bss_Ram0_16_32 = .)
                [!provide]                PROVIDE (end = .)

.noinit_RAM2    0x02008000        0x0
                [!provide]                PROVIDE (__start_noinit_RAM2 = .)
                [!provide]                PROVIDE (__start_noinit_Ram2_4 = .)
 *(.noinit.$RAM2)
 *(.noinit.$Ram2_4)
 *(.noinit.$RAM2.*)
 *(.noinit.$Ram2_4.*)
                0x02008000                . = ALIGN (0x4)
                [!provide]                PROVIDE (__end_noinit_RAM2 = .)
                [!provide]                PROVIDE (__end_noinit_Ram2_4 = .)

.noinit         0x02000024        0x0
                0x02000024                _noinit = .
                [!provide]                PROVIDE (__start_noinit_RAM = .)
                [!provide]                PROVIDE (__start_noinit_Ram0_16_32 = .)
 *(.noinit*)
                0x02000024                . = ALIGN (0x4)
                0x02000024                _end_noinit = .
                [!provide]                PROVIDE (__end_noinit_RAM = .)
                [!provide]                PROVIDE (__end_noinit_Ram0_16_32 = .)
                0x02000024                PROVIDE (_pvHeapStart = DEFINED (__user_heap_base)?__user_heap_base:.)
                0x02008000                PROVIDE (_vStackTop = DEFINED (__user_stack_top)?__user_stack_top:(__top_Ram0_16_32 - 0x0))
                0xfdff735a                PROVIDE (__valid_user_code_checksum = (0x0 - ((((((_vStackTop + (ResetISR + 0x1)) + (NMI_Handler + 0x1)) + (HardFault_Handler + 0x1)) + (DEFINED (MemManage_Handler)?MemManage_Handler:0x0 + 0x1)) + (DEFINED (BusFault_Handler)?BusFault_Handler:0x0 + 0x1)) + (DEFINED (UsageFault_Handler)?UsageFault_Handler:0x0 + 0x1))))
                0x00000000                _image_start = LOADADDR (.text)
                0x0000174c                _image_end = (LOADADDR (.data) + SIZEOF (.data))
                0x0000174c                _image_size = (_image_end - _image_start)
OUTPUT(lab1.axf elf32-littlearm)

.debug_info     0x00000000     0x8eca
 .debug_info    0x00000000      0x2a0 ./src/cr_startup_lpc15xx.o
 .debug_info    0x000002a0     0x2437 ./src/lab1.o
 .debug_info    0x000026d7      0x9fc ./src/sysinit.o
 .debug_info    0x000030d3      0xca8 C:\studies\year3\period1\Embedded_Systems_programming\Labs\Lab1\lpc_board_nxp_lpcxpresso_1549\Debug\liblpc_board_nxp_lpcxpresso_1549.a(board.o)
 .debug_info    0x00003d7b      0xe7d C:\studies\year3\period1\Embedded_Systems_programming\Labs\Lab1\lpc_board_nxp_lpcxpresso_1549\Debug\liblpc_board_nxp_lpcxpresso_1549.a(board_sysinit.o)
 .debug_info    0x00004bf8      0xa58 C:\studies\year3\period1\Embedded_Systems_programming\Labs\Lab1\lpc_chip_15xx\Debug\liblpc_chip_15xx.a(chip_15xx.o)
 .debug_info    0x00005650      0xe4e C:\studies\year3\period1\Embedded_Systems_programming\Labs\Lab1\lpc_chip_15xx\Debug\liblpc_chip_15xx.a(clock_15xx.o)
 .debug_info    0x0000649e      0x6e5 C:\studies\year3\period1\Embedded_Systems_programming\Labs\Lab1\lpc_chip_15xx\Debug\liblpc_chip_15xx.a(gpio_15xx.o)
 .debug_info    0x00006b83      0x2b0 C:\studies\year3\period1\Embedded_Systems_programming\Labs\Lab1\lpc_chip_15xx\Debug\liblpc_chip_15xx.a(iocon_15xx.o)
 .debug_info    0x00006e33      0x6af C:\studies\year3\period1\Embedded_Systems_programming\Labs\Lab1\lpc_chip_15xx\Debug\liblpc_chip_15xx.a(swm_15xx.o)
 .debug_info    0x000074e2      0x816 C:\studies\year3\period1\Embedded_Systems_programming\Labs\Lab1\lpc_chip_15xx\Debug\liblpc_chip_15xx.a(sysctl_15xx.o)
 .debug_info    0x00007cf8      0x7f0 C:\studies\year3\period1\Embedded_Systems_programming\Labs\Lab1\lpc_chip_15xx\Debug\liblpc_chip_15xx.a(sysinit_15xx.o)
 .debug_info    0x000084e8      0x9e2 C:\studies\year3\period1\Embedded_Systems_programming\Labs\Lab1\lpc_chip_15xx\Debug\liblpc_chip_15xx.a(uart_15xx.o)

.debug_abbrev   0x00000000     0x1d39
 .debug_abbrev  0x00000000      0x11a ./src/cr_startup_lpc15xx.o
 .debug_abbrev  0x0000011a      0x619 ./src/lab1.o
 .debug_abbrev  0x00000733      0x1d9 ./src/sysinit.o
 .debug_abbrev  0x0000090c      0x26e C:\studies\year3\period1\Embedded_Systems_programming\Labs\Lab1\lpc_board_nxp_lpcxpresso_1549\Debug\liblpc_board_nxp_lpcxpresso_1549.a(board.o)
 .debug_abbrev  0x00000b7a      0x27e C:\studies\year3\period1\Embedded_Systems_programming\Labs\Lab1\lpc_board_nxp_lpcxpresso_1549\Debug\liblpc_board_nxp_lpcxpresso_1549.a(board_sysinit.o)
 .debug_abbrev  0x00000df8      0x1ff C:\studies\year3\period1\Embedded_Systems_programming\Labs\Lab1\lpc_chip_15xx\Debug\liblpc_chip_15xx.a(chip_15xx.o)
 .debug_abbrev  0x00000ff7      0x2fd C:\studies\year3\period1\Embedded_Systems_programming\Labs\Lab1\lpc_chip_15xx\Debug\liblpc_chip_15xx.a(clock_15xx.o)
 .debug_abbrev  0x000012f4      0x1b6 C:\studies\year3\period1\Embedded_Systems_programming\Labs\Lab1\lpc_chip_15xx\Debug\liblpc_chip_15xx.a(gpio_15xx.o)
 .debug_abbrev  0x000014aa      0x16c C:\studies\year3\period1\Embedded_Systems_programming\Labs\Lab1\lpc_chip_15xx\Debug\liblpc_chip_15xx.a(iocon_15xx.o)
 .debug_abbrev  0x00001616      0x198 C:\studies\year3\period1\Embedded_Systems_programming\Labs\Lab1\lpc_chip_15xx\Debug\liblpc_chip_15xx.a(swm_15xx.o)
 .debug_abbrev  0x000017ae      0x169 C:\studies\year3\period1\Embedded_Systems_programming\Labs\Lab1\lpc_chip_15xx\Debug\liblpc_chip_15xx.a(sysctl_15xx.o)
 .debug_abbrev  0x00001917      0x1f2 C:\studies\year3\period1\Embedded_Systems_programming\Labs\Lab1\lpc_chip_15xx\Debug\liblpc_chip_15xx.a(sysinit_15xx.o)
 .debug_abbrev  0x00001b09      0x230 C:\studies\year3\period1\Embedded_Systems_programming\Labs\Lab1\lpc_chip_15xx\Debug\liblpc_chip_15xx.a(uart_15xx.o)

.debug_aranges  0x00000000      0x630
 .debug_aranges
                0x00000000       0x80 ./src/cr_startup_lpc15xx.o
 .debug_aranges
                0x00000080       0xa0 ./src/lab1.o
 .debug_aranges
                0x00000120       0x20 ./src/sysinit.o
 .debug_aranges
                0x00000140       0xd0 C:\studies\year3\period1\Embedded_Systems_programming\Labs\Lab1\lpc_board_nxp_lpcxpresso_1549\Debug\liblpc_board_nxp_lpcxpresso_1549.a(board.o)
 .debug_aranges
                0x00000210       0x60 C:\studies\year3\period1\Embedded_Systems_programming\Labs\Lab1\lpc_board_nxp_lpcxpresso_1549\Debug\liblpc_board_nxp_lpcxpresso_1549.a(board_sysinit.o)
 .debug_aranges
                0x00000270       0x50 C:\studies\year3\period1\Embedded_Systems_programming\Labs\Lab1\lpc_chip_15xx\Debug\liblpc_chip_15xx.a(chip_15xx.o)
 .debug_aranges
                0x000002c0      0x128 C:\studies\year3\period1\Embedded_Systems_programming\Labs\Lab1\lpc_chip_15xx\Debug\liblpc_chip_15xx.a(clock_15xx.o)
 .debug_aranges
                0x000003e8       0x70 C:\studies\year3\period1\Embedded_Systems_programming\Labs\Lab1\lpc_chip_15xx\Debug\liblpc_chip_15xx.a(gpio_15xx.o)
 .debug_aranges
                0x00000458       0x28 C:\studies\year3\period1\Embedded_Systems_programming\Labs\Lab1\lpc_chip_15xx\Debug\liblpc_chip_15xx.a(iocon_15xx.o)
 .debug_aranges
                0x00000480       0x40 C:\studies\year3\period1\Embedded_Systems_programming\Labs\Lab1\lpc_chip_15xx\Debug\liblpc_chip_15xx.a(swm_15xx.o)
 .debug_aranges
                0x000004c0       0x50 C:\studies\year3\period1\Embedded_Systems_programming\Labs\Lab1\lpc_chip_15xx\Debug\liblpc_chip_15xx.a(sysctl_15xx.o)
 .debug_aranges
                0x00000510       0x58 C:\studies\year3\period1\Embedded_Systems_programming\Labs\Lab1\lpc_chip_15xx\Debug\liblpc_chip_15xx.a(sysinit_15xx.o)
 .debug_aranges
                0x00000568       0xc8 C:\studies\year3\period1\Embedded_Systems_programming\Labs\Lab1\lpc_chip_15xx\Debug\liblpc_chip_15xx.a(uart_15xx.o)

.debug_ranges   0x00000000      0x560
 .debug_ranges  0x00000000       0x70 ./src/cr_startup_lpc15xx.o
 .debug_ranges  0x00000070       0x90 ./src/lab1.o
 .debug_ranges  0x00000100       0x10 ./src/sysinit.o
 .debug_ranges  0x00000110       0xc0 C:\studies\year3\period1\Embedded_Systems_programming\Labs\Lab1\lpc_board_nxp_lpcxpresso_1549\Debug\liblpc_board_nxp_lpcxpresso_1549.a(board.o)
 .debug_ranges  0x000001d0       0x50 C:\studies\year3\period1\Embedded_Systems_programming\Labs\Lab1\lpc_board_nxp_lpcxpresso_1549\Debug\liblpc_board_nxp_lpcxpresso_1549.a(board_sysinit.o)
 .debug_ranges  0x00000220       0x40 C:\studies\year3\period1\Embedded_Systems_programming\Labs\Lab1\lpc_chip_15xx\Debug\liblpc_chip_15xx.a(chip_15xx.o)
 .debug_ranges  0x00000260      0x118 C:\studies\year3\period1\Embedded_Systems_programming\Labs\Lab1\lpc_chip_15xx\Debug\liblpc_chip_15xx.a(clock_15xx.o)
 .debug_ranges  0x00000378       0x60 C:\studies\year3\period1\Embedded_Systems_programming\Labs\Lab1\lpc_chip_15xx\Debug\liblpc_chip_15xx.a(gpio_15xx.o)
 .debug_ranges  0x000003d8       0x18 C:\studies\year3\period1\Embedded_Systems_programming\Labs\Lab1\lpc_chip_15xx\Debug\liblpc_chip_15xx.a(iocon_15xx.o)
 .debug_ranges  0x000003f0       0x30 C:\studies\year3\period1\Embedded_Systems_programming\Labs\Lab1\lpc_chip_15xx\Debug\liblpc_chip_15xx.a(swm_15xx.o)
 .debug_ranges  0x00000420       0x40 C:\studies\year3\period1\Embedded_Systems_programming\Labs\Lab1\lpc_chip_15xx\Debug\liblpc_chip_15xx.a(sysctl_15xx.o)
 .debug_ranges  0x00000460       0x48 C:\studies\year3\period1\Embedded_Systems_programming\Labs\Lab1\lpc_chip_15xx\Debug\liblpc_chip_15xx.a(sysinit_15xx.o)
 .debug_ranges  0x000004a8       0xb8 C:\studies\year3\period1\Embedded_Systems_programming\Labs\Lab1\lpc_chip_15xx\Debug\liblpc_chip_15xx.a(uart_15xx.o)

.debug_macro    0x00000000     0x70f0
 .debug_macro   0x00000000       0x23 ./src/cr_startup_lpc15xx.o
 .debug_macro   0x00000023      0x451 ./src/lab1.o
 .debug_macro   0x00000474       0x1c ./src/lab1.o
 .debug_macro   0x00000490       0x8e ./src/lab1.o
 .debug_macro   0x0000051e       0x51 ./src/lab1.o
 .debug_macro   0x0000056f       0xef ./src/lab1.o
 .debug_macro   0x0000065e       0x6a ./src/lab1.o
 .debug_macro   0x000006c8      0x1df ./src/lab1.o
 .debug_macro   0x000008a7       0x16 ./src/lab1.o
 .debug_macro   0x000008bd       0x7b ./src/lab1.o
 .debug_macro   0x00000938       0x10 ./src/lab1.o
 .debug_macro   0x00000948       0x2d ./src/lab1.o
 .debug_macro   0x00000975       0x3a ./src/lab1.o
 .debug_macro   0x000009af       0x2d ./src/lab1.o
 .debug_macro   0x000009dc      0xa7d ./src/lab1.o
 .debug_macro   0x00001459      0x1b4 ./src/lab1.o
 .debug_macro   0x0000160d       0xca ./src/lab1.o
 .debug_macro   0x000016d7       0x18 ./src/lab1.o
 .debug_macro   0x000016ef       0xb2 ./src/lab1.o
 .debug_macro   0x000017a1       0x70 ./src/lab1.o
 .debug_macro   0x00001811       0x46 ./src/lab1.o
 .debug_macro   0x00001857       0xd0 ./src/lab1.o
 .debug_macro   0x00001927       0x40 ./src/lab1.o
 .debug_macro   0x00001967      0x233 ./src/lab1.o
 .debug_macro   0x00001b9a       0x16 ./src/lab1.o
 .debug_macro   0x00001bb0       0x88 ./src/lab1.o
 .debug_macro   0x00001c38       0x34 ./src/lab1.o
 .debug_macro   0x00001c6c       0x6a ./src/lab1.o
 .debug_macro   0x00001cd6       0x40 ./src/lab1.o
 .debug_macro   0x00001d16       0x1c ./src/lab1.o
 .debug_macro   0x00001d32       0x16 ./src/lab1.o
 .debug_macro   0x00001d48      0x10c ./src/lab1.o
 .debug_macro   0x00001e54      0x2a9 ./src/lab1.o
 .debug_macro   0x000020fd       0x76 ./src/lab1.o
 .debug_macro   0x00002173       0x22 ./src/lab1.o
 .debug_macro   0x00002195      0x152 ./src/lab1.o
 .debug_macro   0x000022e7       0x82 ./src/lab1.o
 .debug_macro   0x00002369       0xe6 ./src/lab1.o
 .debug_macro   0x0000244f       0x3a ./src/lab1.o
 .debug_macro   0x00002489       0x34 ./src/lab1.o
 .debug_macro   0x000024bd       0x10 ./src/lab1.o
 .debug_macro   0x000024cd       0x76 ./src/lab1.o
 .debug_macro   0x00002543       0x58 ./src/lab1.o
 .debug_macro   0x0000259b      0x2ca ./src/lab1.o
 .debug_macro   0x00002865      0x22b ./src/lab1.o
 .debug_macro   0x00002a90       0x2e ./src/lab1.o
 .debug_macro   0x00002abe       0x34 ./src/lab1.o
 .debug_macro   0x00002af2       0x5e ./src/lab1.o
 .debug_macro   0x00002b50       0x16 ./src/lab1.o
 .debug_macro   0x00002b66       0x97 ./src/lab1.o
 .debug_macro   0x00002bfd      0x104 ./src/lab1.o
 .debug_macro   0x00002d01       0x10 ./src/lab1.o
 .debug_macro   0x00002d11       0x10 ./src/lab1.o
 .debug_macro   0x00002d21       0x1c ./src/lab1.o
 .debug_macro   0x00002d3d       0x52 ./src/lab1.o
 .debug_macro   0x00002d8f       0x40 ./src/lab1.o
 .debug_macro   0x00002dcf       0x10 ./src/lab1.o
 .debug_macro   0x00002ddf       0x40 ./src/lab1.o
 .debug_macro   0x00002e1f       0xd7 ./src/lab1.o
 .debug_macro   0x00002ef6       0x1c ./src/lab1.o
 .debug_macro   0x00002f12       0x3d ./src/lab1.o
 .debug_macro   0x00002f4f       0x16 ./src/lab1.o
 .debug_macro   0x00002f65      0x137 ./src/lab1.o
 .debug_macro   0x0000309c       0x20 ./src/lab1.o
 .debug_macro   0x000030bc       0x82 ./src/lab1.o
 .debug_macro   0x0000313e       0x46 ./src/lab1.o
 .debug_macro   0x00003184       0x18 ./src/lab1.o
 .debug_macro   0x0000319c       0x28 ./src/lab1.o
 .debug_macro   0x000031c4       0x2d ./src/lab1.o
 .debug_macro   0x000031f1       0x12 ./src/lab1.o
 .debug_macro   0x00003203      0x376 ./src/sysinit.o
 .debug_macro   0x00003579       0x56 ./src/sysinit.o
 .debug_macro   0x000035cf       0x22 ./src/sysinit.o
 .debug_macro   0x000035f1      0xa7d ./src/sysinit.o
 .debug_macro   0x0000406e       0x34 ./src/sysinit.o
 .debug_macro   0x000040a2       0x97 ./src/sysinit.o
 .debug_macro   0x00004139      0x339 ./src/sysinit.o
 .debug_macro   0x00004472       0xfd ./src/sysinit.o
 .debug_macro   0x0000456f       0x43 ./src/sysinit.o
 .debug_macro   0x000045b2       0xb6 ./src/sysinit.o
 .debug_macro   0x00004668      0x129 ./src/sysinit.o
 .debug_macro   0x00004791      0x284 C:\studies\year3\period1\Embedded_Systems_programming\Labs\Lab1\lpc_board_nxp_lpcxpresso_1549\Debug\liblpc_board_nxp_lpcxpresso_1549.a(board.o)
 .debug_macro   0x00004a15      0xaa8 C:\studies\year3\period1\Embedded_Systems_programming\Labs\Lab1\lpc_board_nxp_lpcxpresso_1549\Debug\liblpc_board_nxp_lpcxpresso_1549.a(board.o)
 .debug_macro   0x000054bd       0x10 C:\studies\year3\period1\Embedded_Systems_programming\Labs\Lab1\lpc_board_nxp_lpcxpresso_1549\Debug\liblpc_board_nxp_lpcxpresso_1549.a(board.o)
 .debug_macro   0x000054cd      0x12e C:\studies\year3\period1\Embedded_Systems_programming\Labs\Lab1\lpc_board_nxp_lpcxpresso_1549\Debug\liblpc_board_nxp_lpcxpresso_1549.a(board.o)
 .debug_macro   0x000055fb      0x5b3 C:\studies\year3\period1\Embedded_Systems_programming\Labs\Lab1\lpc_board_nxp_lpcxpresso_1549\Debug\liblpc_board_nxp_lpcxpresso_1549.a(board.o)
 .debug_macro   0x00005bae       0x22 C:\studies\year3\period1\Embedded_Systems_programming\Labs\Lab1\lpc_board_nxp_lpcxpresso_1549\Debug\liblpc_board_nxp_lpcxpresso_1549.a(board.o)
 .debug_macro   0x00005bd0       0x9a C:\studies\year3\period1\Embedded_Systems_programming\Labs\Lab1\lpc_board_nxp_lpcxpresso_1549\Debug\liblpc_board_nxp_lpcxpresso_1549.a(board.o)
 .debug_macro   0x00005c6a       0x12 C:\studies\year3\period1\Embedded_Systems_programming\Labs\Lab1\lpc_board_nxp_lpcxpresso_1549\Debug\liblpc_board_nxp_lpcxpresso_1549.a(board.o)
 .debug_macro   0x00005c7c      0x288 C:\studies\year3\period1\Embedded_Systems_programming\Labs\Lab1\lpc_board_nxp_lpcxpresso_1549\Debug\liblpc_board_nxp_lpcxpresso_1549.a(board_sysinit.o)
 .debug_macro   0x00005f04      0x239 C:\studies\year3\period1\Embedded_Systems_programming\Labs\Lab1\lpc_chip_15xx\Debug\liblpc_chip_15xx.a(chip_15xx.o)
 .debug_macro   0x0000613d      0x239 C:\studies\year3\period1\Embedded_Systems_programming\Labs\Lab1\lpc_chip_15xx\Debug\liblpc_chip_15xx.a(clock_15xx.o)
 .debug_macro   0x00006376      0x239 C:\studies\year3\period1\Embedded_Systems_programming\Labs\Lab1\lpc_chip_15xx\Debug\liblpc_chip_15xx.a(gpio_15xx.o)
 .debug_macro   0x000065af      0x239 C:\studies\year3\period1\Embedded_Systems_programming\Labs\Lab1\lpc_chip_15xx\Debug\liblpc_chip_15xx.a(iocon_15xx.o)
 .debug_macro   0x000067e8      0x245 C:\studies\year3\period1\Embedded_Systems_programming\Labs\Lab1\lpc_chip_15xx\Debug\liblpc_chip_15xx.a(swm_15xx.o)
 .debug_macro   0x00006a2d      0x251 C:\studies\year3\period1\Embedded_Systems_programming\Labs\Lab1\lpc_chip_15xx\Debug\liblpc_chip_15xx.a(sysctl_15xx.o)
 .debug_macro   0x00006c7e      0x239 C:\studies\year3\period1\Embedded_Systems_programming\Labs\Lab1\lpc_chip_15xx\Debug\liblpc_chip_15xx.a(sysinit_15xx.o)
 .debug_macro   0x00006eb7      0x239 C:\studies\year3\period1\Embedded_Systems_programming\Labs\Lab1\lpc_chip_15xx\Debug\liblpc_chip_15xx.a(uart_15xx.o)

.debug_line     0x00000000     0x594a
 .debug_line    0x00000000      0x172 ./src/cr_startup_lpc15xx.o
 .debug_line    0x00000172      0xcda ./src/lab1.o
 .debug_line    0x00000e4c      0x75d ./src/sysinit.o
 .debug_line    0x000015a9      0x87d C:\studies\year3\period1\Embedded_Systems_programming\Labs\Lab1\lpc_board_nxp_lpcxpresso_1549\Debug\liblpc_board_nxp_lpcxpresso_1549.a(board.o)
 .debug_line    0x00001e26      0x6bd C:\studies\year3\period1\Embedded_Systems_programming\Labs\Lab1\lpc_board_nxp_lpcxpresso_1549\Debug\liblpc_board_nxp_lpcxpresso_1549.a(board_sysinit.o)
 .debug_line    0x000024e3      0x5ad C:\studies\year3\period1\Embedded_Systems_programming\Labs\Lab1\lpc_chip_15xx\Debug\liblpc_chip_15xx.a(chip_15xx.o)
 .debug_line    0x00002a90      0x9ce C:\studies\year3\period1\Embedded_Systems_programming\Labs\Lab1\lpc_chip_15xx\Debug\liblpc_chip_15xx.a(clock_15xx.o)
 .debug_line    0x0000345e      0x623 C:\studies\year3\period1\Embedded_Systems_programming\Labs\Lab1\lpc_chip_15xx\Debug\liblpc_chip_15xx.a(gpio_15xx.o)
 .debug_line    0x00003a81      0x52a C:\studies\year3\period1\Embedded_Systems_programming\Labs\Lab1\lpc_chip_15xx\Debug\liblpc_chip_15xx.a(iocon_15xx.o)
 .debug_line    0x00003fab      0x595 C:\studies\year3\period1\Embedded_Systems_programming\Labs\Lab1\lpc_chip_15xx\Debug\liblpc_chip_15xx.a(swm_15xx.o)
 .debug_line    0x00004540      0x5ea C:\studies\year3\period1\Embedded_Systems_programming\Labs\Lab1\lpc_chip_15xx\Debug\liblpc_chip_15xx.a(sysctl_15xx.o)
 .debug_line    0x00004b2a      0x60b C:\studies\year3\period1\Embedded_Systems_programming\Labs\Lab1\lpc_chip_15xx\Debug\liblpc_chip_15xx.a(sysinit_15xx.o)
 .debug_line    0x00005135      0x815 C:\studies\year3\period1\Embedded_Systems_programming\Labs\Lab1\lpc_chip_15xx\Debug\liblpc_chip_15xx.a(uart_15xx.o)

.debug_str      0x00000000    0x1b0e4
 .debug_str     0x00000000     0x332f ./src/cr_startup_lpc15xx.o
                               0x3352 (size before relaxing)
 .debug_str     0x0000332f    0x13b0b ./src/lab1.o
                              0x16fe8 (size before relaxing)
 .debug_str     0x00016e3a      0x383 ./src/sysinit.o
                              0x129ca (size before relaxing)
 .debug_str     0x000171bd     0x23f6 C:\studies\year3\period1\Embedded_Systems_programming\Labs\Lab1\lpc_board_nxp_lpcxpresso_1549\Debug\liblpc_board_nxp_lpcxpresso_1549.a(board.o)
                              0x1091b (size before relaxing)
 .debug_str     0x000195b3      0x5fe C:\studies\year3\period1\Embedded_Systems_programming\Labs\Lab1\lpc_board_nxp_lpcxpresso_1549\Debug\liblpc_board_nxp_lpcxpresso_1549.a(board_sysinit.o)
                              0x10f0d (size before relaxing)
 .debug_str     0x00019bb1      0x150 C:\studies\year3\period1\Embedded_Systems_programming\Labs\Lab1\lpc_chip_15xx\Debug\liblpc_chip_15xx.a(chip_15xx.o)
                              0x105ba (size before relaxing)
 .debug_str     0x00019d01      0x89d C:\studies\year3\period1\Embedded_Systems_programming\Labs\Lab1\lpc_chip_15xx\Debug\liblpc_chip_15xx.a(clock_15xx.o)
                              0x109ca (size before relaxing)
 .debug_str     0x0001a59e       0xd7 C:\studies\year3\period1\Embedded_Systems_programming\Labs\Lab1\lpc_chip_15xx\Debug\liblpc_chip_15xx.a(gpio_15xx.o)
                              0x10077 (size before relaxing)
 .debug_str     0x0001a675       0x41 C:\studies\year3\period1\Embedded_Systems_programming\Labs\Lab1\lpc_chip_15xx\Debug\liblpc_chip_15xx.a(iocon_15xx.o)
                               0xfb94 (size before relaxing)
 .debug_str     0x0001a6b6      0x55d C:\studies\year3\period1\Embedded_Systems_programming\Labs\Lab1\lpc_chip_15xx\Debug\liblpc_chip_15xx.a(swm_15xx.o)
                              0x1059c (size before relaxing)
 .debug_str     0x0001ac13      0x183 C:\studies\year3\period1\Embedded_Systems_programming\Labs\Lab1\lpc_chip_15xx\Debug\liblpc_chip_15xx.a(sysctl_15xx.o)
                              0x10081 (size before relaxing)
 .debug_str     0x0001ad96      0x13f C:\studies\year3\period1\Embedded_Systems_programming\Labs\Lab1\lpc_chip_15xx\Debug\liblpc_chip_15xx.a(sysinit_15xx.o)
                              0x10070 (size before relaxing)
 .debug_str     0x0001aed5      0x20f C:\studies\year3\period1\Embedded_Systems_programming\Labs\Lab1\lpc_chip_15xx\Debug\liblpc_chip_15xx.a(uart_15xx.o)
                              0x101d3 (size before relaxing)

.comment        0x00000000       0x79
 .comment       0x00000000       0x79 ./src/cr_startup_lpc15xx.o
                                 0x7a (size before relaxing)
 .comment       0x00000079       0x7a ./src/lab1.o
 .comment       0x00000079       0x7a ./src/sysinit.o
 .comment       0x00000079       0x7a C:\studies\year3\period1\Embedded_Systems_programming\Labs\Lab1\lpc_board_nxp_lpcxpresso_1549\Debug\liblpc_board_nxp_lpcxpresso_1549.a(board.o)
 .comment       0x00000079       0x7a C:\studies\year3\period1\Embedded_Systems_programming\Labs\Lab1\lpc_board_nxp_lpcxpresso_1549\Debug\liblpc_board_nxp_lpcxpresso_1549.a(board_sysinit.o)
 .comment       0x00000079       0x7a C:\studies\year3\period1\Embedded_Systems_programming\Labs\Lab1\lpc_chip_15xx\Debug\liblpc_chip_15xx.a(chip_15xx.o)
 .comment       0x00000079       0x7a C:\studies\year3\period1\Embedded_Systems_programming\Labs\Lab1\lpc_chip_15xx\Debug\liblpc_chip_15xx.a(clock_15xx.o)
 .comment       0x00000079       0x7a C:\studies\year3\period1\Embedded_Systems_programming\Labs\Lab1\lpc_chip_15xx\Debug\liblpc_chip_15xx.a(gpio_15xx.o)
 .comment       0x00000079       0x7a C:\studies\year3\period1\Embedded_Systems_programming\Labs\Lab1\lpc_chip_15xx\Debug\liblpc_chip_15xx.a(iocon_15xx.o)
 .comment       0x00000079       0x7a C:\studies\year3\period1\Embedded_Systems_programming\Labs\Lab1\lpc_chip_15xx\Debug\liblpc_chip_15xx.a(swm_15xx.o)
 .comment       0x00000079       0x7a C:\studies\year3\period1\Embedded_Systems_programming\Labs\Lab1\lpc_chip_15xx\Debug\liblpc_chip_15xx.a(sysctl_15xx.o)
 .comment       0x00000079       0x7a C:\studies\year3\period1\Embedded_Systems_programming\Labs\Lab1\lpc_chip_15xx\Debug\liblpc_chip_15xx.a(sysinit_15xx.o)
 .comment       0x00000079       0x7a C:\studies\year3\period1\Embedded_Systems_programming\Labs\Lab1\lpc_chip_15xx\Debug\liblpc_chip_15xx.a(uart_15xx.o)

.ARM.attributes
                0x00000000       0x2b
 .ARM.attributes
                0x00000000       0x2d ./src/cr_startup_lpc15xx.o
 .ARM.attributes
                0x0000002d       0x2d ./src/lab1.o
 .ARM.attributes
                0x0000005a       0x2d ./src/sysinit.o
 .ARM.attributes
                0x00000087       0x2d C:\studies\year3\period1\Embedded_Systems_programming\Labs\Lab1\lpc_board_nxp_lpcxpresso_1549\Debug\liblpc_board_nxp_lpcxpresso_1549.a(board.o)
 .ARM.attributes
                0x000000b4       0x2d C:\studies\year3\period1\Embedded_Systems_programming\Labs\Lab1\lpc_board_nxp_lpcxpresso_1549\Debug\liblpc_board_nxp_lpcxpresso_1549.a(board_sysinit.o)
 .ARM.attributes
                0x000000e1       0x2d C:\studies\year3\period1\Embedded_Systems_programming\Labs\Lab1\lpc_chip_15xx\Debug\liblpc_chip_15xx.a(chip_15xx.o)
 .ARM.attributes
                0x0000010e       0x2d C:\studies\year3\period1\Embedded_Systems_programming\Labs\Lab1\lpc_chip_15xx\Debug\liblpc_chip_15xx.a(clock_15xx.o)
 .ARM.attributes
                0x0000013b       0x2d C:\studies\year3\period1\Embedded_Systems_programming\Labs\Lab1\lpc_chip_15xx\Debug\liblpc_chip_15xx.a(gpio_15xx.o)
 .ARM.attributes
                0x00000168       0x2d C:\studies\year3\period1\Embedded_Systems_programming\Labs\Lab1\lpc_chip_15xx\Debug\liblpc_chip_15xx.a(iocon_15xx.o)
 .ARM.attributes
                0x00000195       0x2d C:\studies\year3\period1\Embedded_Systems_programming\Labs\Lab1\lpc_chip_15xx\Debug\liblpc_chip_15xx.a(swm_15xx.o)
 .ARM.attributes
                0x000001c2       0x2d C:\studies\year3\period1\Embedded_Systems_programming\Labs\Lab1\lpc_chip_15xx\Debug\liblpc_chip_15xx.a(sysctl_15xx.o)
 .ARM.attributes
                0x000001ef       0x2d C:\studies\year3\period1\Embedded_Systems_programming\Labs\Lab1\lpc_chip_15xx\Debug\liblpc_chip_15xx.a(sysinit_15xx.o)
 .ARM.attributes
                0x0000021c       0x2d C:\studies\year3\period1\Embedded_Systems_programming\Labs\Lab1\lpc_chip_15xx\Debug\liblpc_chip_15xx.a(uart_15xx.o)
 .ARM.attributes
                0x00000249       0x1d c:/additional_crap/mcuxpressoide_11.2.1_4149/ide/plugins/com.nxp.mcuxpresso.tools.win32_11.2.0.202008311134/tools/bin/../lib/gcc/arm-none-eabi/9.2.1/thumb/v7-m/nofp\libgcc.a(_aeabi_uldivmod.o)
 .ARM.attributes
                0x00000266       0x2d c:/additional_crap/mcuxpressoide_11.2.1_4149/ide/plugins/com.nxp.mcuxpresso.tools.win32_11.2.0.202008311134/tools/bin/../lib/gcc/arm-none-eabi/9.2.1/thumb/v7-m/nofp\libgcc.a(_udivmoddi4.o)
 .ARM.attributes
                0x00000293       0x1d c:/additional_crap/mcuxpressoide_11.2.1_4149/ide/plugins/com.nxp.mcuxpresso.tools.win32_11.2.0.202008311134/tools/bin/../lib/gcc/arm-none-eabi/9.2.1/thumb/v7-m/nofp\libgcc.a(_dvmd_tls.o)
 .ARM.attributes
                0x000002b0       0x2d c:/additional_crap/mcuxpressoide_11.2.1_4149/ide/plugins/com.nxp.mcuxpresso.tools.win32_11.2.0.202008311134/tools/bin/../lib/gcc/arm-none-eabi/9.2.1/../../../../arm-none-eabi/lib/thumb/v7-m/nofp\libc.a(lib_a-init.o)
 .ARM.attributes
                0x000002dd       0x1d c:/additional_crap/mcuxpressoide_11.2.1_4149/ide/plugins/com.nxp.mcuxpresso.tools.win32_11.2.0.202008311134/tools/bin/../lib/gcc/arm-none-eabi/9.2.1/thumb/v7-m/nofp\crti.o
 .ARM.attributes
                0x000002fa       0x1d c:/additional_crap/mcuxpressoide_11.2.1_4149/ide/plugins/com.nxp.mcuxpresso.tools.win32_11.2.0.202008311134/tools/bin/../lib/gcc/arm-none-eabi/9.2.1/thumb/v7-m/nofp\crtn.o
 .ARM.attributes
                0x00000317       0x2d c:/additional_crap/mcuxpressoide_11.2.1_4149/ide/plugins/com.nxp.mcuxpresso.tools.win32_11.2.0.202008311134/tools/bin/../lib/gcc/arm-none-eabi/9.2.1/thumb/v7-m/nofp\crtbegin.o

.debug_frame    0x00000000     0x1764
 .debug_frame   0x00000000      0x170 ./src/cr_startup_lpc15xx.o
 .debug_frame   0x00000170      0x270 ./src/lab1.o
 .debug_frame   0x000003e0       0x2c ./src/sysinit.o
 .debug_frame   0x0000040c      0x360 C:\studies\year3\period1\Embedded_Systems_programming\Labs\Lab1\lpc_board_nxp_lpcxpresso_1549\Debug\liblpc_board_nxp_lpcxpresso_1549.a(board.o)
 .debug_frame   0x0000076c      0x14c C:\studies\year3\period1\Embedded_Systems_programming\Labs\Lab1\lpc_board_nxp_lpcxpresso_1549\Debug\liblpc_board_nxp_lpcxpresso_1549.a(board_sysinit.o)
 .debug_frame   0x000008b8      0x104 C:\studies\year3\period1\Embedded_Systems_programming\Labs\Lab1\lpc_chip_15xx\Debug\liblpc_chip_15xx.a(chip_15xx.o)
 .debug_frame   0x000009bc      0x4a8 C:\studies\year3\period1\Embedded_Systems_programming\Labs\Lab1\lpc_chip_15xx\Debug\liblpc_chip_15xx.a(clock_15xx.o)
 .debug_frame   0x00000e64      0x1b4 C:\studies\year3\period1\Embedded_Systems_programming\Labs\Lab1\lpc_chip_15xx\Debug\liblpc_chip_15xx.a(gpio_15xx.o)
 .debug_frame   0x00001018       0x5c C:\studies\year3\period1\Embedded_Systems_programming\Labs\Lab1\lpc_chip_15xx\Debug\liblpc_chip_15xx.a(iocon_15xx.o)
 .debug_frame   0x00001074       0xd4 C:\studies\year3\period1\Embedded_Systems_programming\Labs\Lab1\lpc_chip_15xx\Debug\liblpc_chip_15xx.a(swm_15xx.o)
 .debug_frame   0x00001148      0x124 C:\studies\year3\period1\Embedded_Systems_programming\Labs\Lab1\lpc_chip_15xx\Debug\liblpc_chip_15xx.a(sysctl_15xx.o)
 .debug_frame   0x0000126c      0x12c C:\studies\year3\period1\Embedded_Systems_programming\Labs\Lab1\lpc_chip_15xx\Debug\liblpc_chip_15xx.a(sysinit_15xx.o)
 .debug_frame   0x00001398      0x340 C:\studies\year3\period1\Embedded_Systems_programming\Labs\Lab1\lpc_chip_15xx\Debug\liblpc_chip_15xx.a(uart_15xx.o)
 .debug_frame   0x000016d8       0x2c c:/additional_crap/mcuxpressoide_11.2.1_4149/ide/plugins/com.nxp.mcuxpresso.tools.win32_11.2.0.202008311134/tools/bin/../lib/gcc/arm-none-eabi/9.2.1/thumb/v7-m/nofp\libgcc.a(_aeabi_uldivmod.o)
 .debug_frame   0x00001704       0x34 c:/additional_crap/mcuxpressoide_11.2.1_4149/ide/plugins/com.nxp.mcuxpresso.tools.win32_11.2.0.202008311134/tools/bin/../lib/gcc/arm-none-eabi/9.2.1/thumb/v7-m/nofp\libgcc.a(_udivmoddi4.o)
 .debug_frame   0x00001738       0x2c c:/additional_crap/mcuxpressoide_11.2.1_4149/ide/plugins/com.nxp.mcuxpresso.tools.win32_11.2.0.202008311134/tools/bin/../lib/gcc/arm-none-eabi/9.2.1/../../../../arm-none-eabi/lib/thumb/v7-m/nofp\libc.a(lib_a-init.o)

Cross Reference Table

Symbol                                            File
ACMP0_IRQHandler                                  ./src/cr_startup_lpc15xx.o
ACMP1_IRQHandler                                  ./src/cr_startup_lpc15xx.o
ACMP2_IRQHandler                                  ./src/cr_startup_lpc15xx.o
ACMP3_IRQHandler                                  ./src/cr_startup_lpc15xx.o
ADC0A_IRQHandler                                  ./src/cr_startup_lpc15xx.o
ADC0B_IRQHandler                                  ./src/cr_startup_lpc15xx.o
ADC0_OVR_IRQHandler                               ./src/cr_startup_lpc15xx.o
ADC0_THCMP_IRQHandler                             ./src/cr_startup_lpc15xx.o
ADC1A_IRQHandler                                  ./src/cr_startup_lpc15xx.o
ADC1B_IRQHandler                                  ./src/cr_startup_lpc15xx.o
ADC1_OVR_IRQHandler                               ./src/cr_startup_lpc15xx.o
ADC1_THCMP_IRQHandler                             ./src/cr_startup_lpc15xx.o
BOD_IRQHandler                                    ./src/cr_startup_lpc15xx.o
Board_Debug_Init                                  C:\studies\year3\period1\Embedded_Systems_programming\Labs\Lab1\lpc_board_nxp_lpcxpresso_1549\Debug\liblpc_board_nxp_lpcxpresso_1549.a(board.o)
Board_Init                                        C:\studies\year3\period1\Embedded_Systems_programming\Labs\Lab1\lpc_board_nxp_lpcxpresso_1549\Debug\liblpc_board_nxp_lpcxpresso_1549.a(board.o)
                                                  ./src/lab1.o
Board_Joystick_Init                               C:\studies\year3\period1\Embedded_Systems_programming\Labs\Lab1\lpc_board_nxp_lpcxpresso_1549\Debug\liblpc_board_nxp_lpcxpresso_1549.a(board.o)
Board_LED_Set                                     C:\studies\year3\period1\Embedded_Systems_programming\Labs\Lab1\lpc_board_nxp_lpcxpresso_1549\Debug\liblpc_board_nxp_lpcxpresso_1549.a(board.o)
                                                  ./src/lab1.o
Board_LED_Test                                    C:\studies\year3\period1\Embedded_Systems_programming\Labs\Lab1\lpc_board_nxp_lpcxpresso_1549\Debug\liblpc_board_nxp_lpcxpresso_1549.a(board.o)
Board_LED_Toggle                                  C:\studies\year3\period1\Embedded_Systems_programming\Labs\Lab1\lpc_board_nxp_lpcxpresso_1549\Debug\liblpc_board_nxp_lpcxpresso_1549.a(board.o)
Board_SetupClocking                               C:\studies\year3\period1\Embedded_Systems_programming\Labs\Lab1\lpc_board_nxp_lpcxpresso_1549\Debug\liblpc_board_nxp_lpcxpresso_1549.a(board_sysinit.o)
Board_SetupMuxing                                 C:\studies\year3\period1\Embedded_Systems_programming\Labs\Lab1\lpc_board_nxp_lpcxpresso_1549\Debug\liblpc_board_nxp_lpcxpresso_1549.a(board_sysinit.o)
Board_SystemInit                                  C:\studies\year3\period1\Embedded_Systems_programming\Labs\Lab1\lpc_board_nxp_lpcxpresso_1549\Debug\liblpc_board_nxp_lpcxpresso_1549.a(board_sysinit.o)
                                                  ./src/sysinit.o
Board_UARTGetChar                                 C:\studies\year3\period1\Embedded_Systems_programming\Labs\Lab1\lpc_board_nxp_lpcxpresso_1549\Debug\liblpc_board_nxp_lpcxpresso_1549.a(board.o)
Board_UARTPutChar                                 C:\studies\year3\period1\Embedded_Systems_programming\Labs\Lab1\lpc_board_nxp_lpcxpresso_1549\Debug\liblpc_board_nxp_lpcxpresso_1549.a(board.o)
Board_UARTPutSTR                                  C:\studies\year3\period1\Embedded_Systems_programming\Labs\Lab1\lpc_board_nxp_lpcxpresso_1549\Debug\liblpc_board_nxp_lpcxpresso_1549.a(board.o)
BusFault_Handler                                  ./src/cr_startup_lpc15xx.o
CAN_IRQHandler                                    ./src/cr_startup_lpc15xx.o
CRP_WORD                                          ./src/crp.o
Chip_Clock_DisablePeriphClock                     C:\studies\year3\period1\Embedded_Systems_programming\Labs\Lab1\lpc_chip_15xx\Debug\liblpc_chip_15xx.a(clock_15xx.o)
                                                  C:\studies\year3\period1\Embedded_Systems_programming\Labs\Lab1\lpc_chip_15xx\Debug\liblpc_chip_15xx.a(uart_15xx.o)
                                                  C:\studies\year3\period1\Embedded_Systems_programming\Labs\Lab1\lpc_chip_15xx\Debug\liblpc_chip_15xx.a(gpio_15xx.o)
Chip_Clock_EnablePeriphClock                      C:\studies\year3\period1\Embedded_Systems_programming\Labs\Lab1\lpc_chip_15xx\Debug\liblpc_chip_15xx.a(clock_15xx.o)
                                                  C:\studies\year3\period1\Embedded_Systems_programming\Labs\Lab1\lpc_chip_15xx\Debug\liblpc_chip_15xx.a(uart_15xx.o)
                                                  C:\studies\year3\period1\Embedded_Systems_programming\Labs\Lab1\lpc_chip_15xx\Debug\liblpc_chip_15xx.a(gpio_15xx.o)
                                                  C:\studies\year3\period1\Embedded_Systems_programming\Labs\Lab1\lpc_chip_15xx\Debug\liblpc_chip_15xx.a(chip_15xx.o)
                                                  C:\studies\year3\period1\Embedded_Systems_programming\Labs\Lab1\lpc_board_nxp_lpcxpresso_1549\Debug\liblpc_board_nxp_lpcxpresso_1549.a(board_sysinit.o)
Chip_Clock_GetADCASYNCRate                        C:\studies\year3\period1\Embedded_Systems_programming\Labs\Lab1\lpc_chip_15xx\Debug\liblpc_chip_15xx.a(clock_15xx.o)
Chip_Clock_GetMainClockRate                       C:\studies\year3\period1\Embedded_Systems_programming\Labs\Lab1\lpc_chip_15xx\Debug\liblpc_chip_15xx.a(clock_15xx.o)
                                                  C:\studies\year3\period1\Embedded_Systems_programming\Labs\Lab1\lpc_board_nxp_lpcxpresso_1549\Debug\liblpc_board_nxp_lpcxpresso_1549.a(board.o)
Chip_Clock_GetMainClockSource                     C:\studies\year3\period1\Embedded_Systems_programming\Labs\Lab1\lpc_chip_15xx\Debug\liblpc_chip_15xx.a(clock_15xx.o)
Chip_Clock_GetMain_A_ClockRate                    C:\studies\year3\period1\Embedded_Systems_programming\Labs\Lab1\lpc_chip_15xx\Debug\liblpc_chip_15xx.a(clock_15xx.o)
Chip_Clock_GetMain_B_ClockRate                    C:\studies\year3\period1\Embedded_Systems_programming\Labs\Lab1\lpc_chip_15xx\Debug\liblpc_chip_15xx.a(clock_15xx.o)
Chip_Clock_GetSCTPLLInClockRate                   C:\studies\year3\period1\Embedded_Systems_programming\Labs\Lab1\lpc_chip_15xx\Debug\liblpc_chip_15xx.a(clock_15xx.o)
Chip_Clock_GetSCTPLLOutClockRate                  C:\studies\year3\period1\Embedded_Systems_programming\Labs\Lab1\lpc_chip_15xx\Debug\liblpc_chip_15xx.a(clock_15xx.o)
Chip_Clock_GetSysTickClockRate                    C:\studies\year3\period1\Embedded_Systems_programming\Labs\Lab1\lpc_chip_15xx\Debug\liblpc_chip_15xx.a(clock_15xx.o)
                                                  ./src/lab1.o
Chip_Clock_GetSystemClockRate                     C:\studies\year3\period1\Embedded_Systems_programming\Labs\Lab1\lpc_chip_15xx\Debug\liblpc_chip_15xx.a(clock_15xx.o)
                                                  C:\studies\year3\period1\Embedded_Systems_programming\Labs\Lab1\lpc_chip_15xx\Debug\liblpc_chip_15xx.a(chip_15xx.o)
Chip_Clock_GetSystemPLLInClockRate                C:\studies\year3\period1\Embedded_Systems_programming\Labs\Lab1\lpc_chip_15xx\Debug\liblpc_chip_15xx.a(clock_15xx.o)
Chip_Clock_GetSystemPLLOutClockRate               C:\studies\year3\period1\Embedded_Systems_programming\Labs\Lab1\lpc_chip_15xx\Debug\liblpc_chip_15xx.a(clock_15xx.o)
Chip_Clock_GetUARTBaseClockRate                   C:\studies\year3\period1\Embedded_Systems_programming\Labs\Lab1\lpc_chip_15xx\Debug\liblpc_chip_15xx.a(clock_15xx.o)
                                                  C:\studies\year3\period1\Embedded_Systems_programming\Labs\Lab1\lpc_chip_15xx\Debug\liblpc_chip_15xx.a(uart_15xx.o)
Chip_Clock_GetUSBPLLInClockRate                   C:\studies\year3\period1\Embedded_Systems_programming\Labs\Lab1\lpc_chip_15xx\Debug\liblpc_chip_15xx.a(clock_15xx.o)
Chip_Clock_GetUSBPLLOutClockRate                  C:\studies\year3\period1\Embedded_Systems_programming\Labs\Lab1\lpc_chip_15xx\Debug\liblpc_chip_15xx.a(clock_15xx.o)
Chip_Clock_SetCLKOUTSource                        C:\studies\year3\period1\Embedded_Systems_programming\Labs\Lab1\lpc_chip_15xx\Debug\liblpc_chip_15xx.a(clock_15xx.o)
Chip_Clock_SetMainClockSource                     C:\studies\year3\period1\Embedded_Systems_programming\Labs\Lab1\lpc_chip_15xx\Debug\liblpc_chip_15xx.a(clock_15xx.o)
                                                  C:\studies\year3\period1\Embedded_Systems_programming\Labs\Lab1\lpc_chip_15xx\Debug\liblpc_chip_15xx.a(sysinit_15xx.o)
Chip_Clock_SetPLLBypass                           C:\studies\year3\period1\Embedded_Systems_programming\Labs\Lab1\lpc_chip_15xx\Debug\liblpc_chip_15xx.a(clock_15xx.o)
Chip_Clock_SetUARTBaseClockRate                   C:\studies\year3\period1\Embedded_Systems_programming\Labs\Lab1\lpc_chip_15xx\Debug\liblpc_chip_15xx.a(clock_15xx.o)
                                                  C:\studies\year3\period1\Embedded_Systems_programming\Labs\Lab1\lpc_board_nxp_lpcxpresso_1549\Debug\liblpc_board_nxp_lpcxpresso_1549.a(board.o)
Chip_GPIO_DeInit                                  C:\studies\year3\period1\Embedded_Systems_programming\Labs\Lab1\lpc_chip_15xx\Debug\liblpc_chip_15xx.a(gpio_15xx.o)
Chip_GPIO_Init                                    C:\studies\year3\period1\Embedded_Systems_programming\Labs\Lab1\lpc_chip_15xx\Debug\liblpc_chip_15xx.a(gpio_15xx.o)
                                                  C:\studies\year3\period1\Embedded_Systems_programming\Labs\Lab1\lpc_board_nxp_lpcxpresso_1549\Debug\liblpc_board_nxp_lpcxpresso_1549.a(board.o)
Chip_GPIO_SetDir                                  C:\studies\year3\period1\Embedded_Systems_programming\Labs\Lab1\lpc_chip_15xx\Debug\liblpc_chip_15xx.a(gpio_15xx.o)
Chip_GPIO_SetPinDIR                               C:\studies\year3\period1\Embedded_Systems_programming\Labs\Lab1\lpc_chip_15xx\Debug\liblpc_chip_15xx.a(gpio_15xx.o)
Chip_GPIO_SetPortDIR                              C:\studies\year3\period1\Embedded_Systems_programming\Labs\Lab1\lpc_chip_15xx\Debug\liblpc_chip_15xx.a(gpio_15xx.o)
Chip_GPIO_WriteDirBit                             C:\studies\year3\period1\Embedded_Systems_programming\Labs\Lab1\lpc_chip_15xx\Debug\liblpc_chip_15xx.a(gpio_15xx.o)
Chip_IOCON_SetPinMuxing                           C:\studies\year3\period1\Embedded_Systems_programming\Labs\Lab1\lpc_chip_15xx\Debug\liblpc_chip_15xx.a(iocon_15xx.o)
                                                  C:\studies\year3\period1\Embedded_Systems_programming\Labs\Lab1\lpc_board_nxp_lpcxpresso_1549\Debug\liblpc_board_nxp_lpcxpresso_1549.a(board_sysinit.o)
Chip_SWM_DisableFixedPin                          C:\studies\year3\period1\Embedded_Systems_programming\Labs\Lab1\lpc_chip_15xx\Debug\liblpc_chip_15xx.a(swm_15xx.o)
Chip_SWM_EnableFixedPin                           C:\studies\year3\period1\Embedded_Systems_programming\Labs\Lab1\lpc_chip_15xx\Debug\liblpc_chip_15xx.a(swm_15xx.o)
Chip_SWM_FixedPinEnable                           C:\studies\year3\period1\Embedded_Systems_programming\Labs\Lab1\lpc_chip_15xx\Debug\liblpc_chip_15xx.a(swm_15xx.o)
Chip_SWM_IsFixedPinEnabled                        C:\studies\year3\period1\Embedded_Systems_programming\Labs\Lab1\lpc_chip_15xx\Debug\liblpc_chip_15xx.a(swm_15xx.o)
Chip_SWM_MovablePinAssign                         C:\studies\year3\period1\Embedded_Systems_programming\Labs\Lab1\lpc_chip_15xx\Debug\liblpc_chip_15xx.a(swm_15xx.o)
                                                  C:\studies\year3\period1\Embedded_Systems_programming\Labs\Lab1\lpc_board_nxp_lpcxpresso_1549\Debug\liblpc_board_nxp_lpcxpresso_1549.a(board_sysinit.o)
                                                  C:\studies\year3\period1\Embedded_Systems_programming\Labs\Lab1\lpc_board_nxp_lpcxpresso_1549\Debug\liblpc_board_nxp_lpcxpresso_1549.a(board.o)
Chip_SYSCTL_AssertPeriphReset                     C:\studies\year3\period1\Embedded_Systems_programming\Labs\Lab1\lpc_chip_15xx\Debug\liblpc_chip_15xx.a(sysctl_15xx.o)
                                                  C:\studies\year3\period1\Embedded_Systems_programming\Labs\Lab1\lpc_chip_15xx\Debug\liblpc_chip_15xx.a(uart_15xx.o)
                                                  C:\studies\year3\period1\Embedded_Systems_programming\Labs\Lab1\lpc_chip_15xx\Debug\liblpc_chip_15xx.a(gpio_15xx.o)
                                                  C:\studies\year3\period1\Embedded_Systems_programming\Labs\Lab1\lpc_chip_15xx\Debug\liblpc_chip_15xx.a(chip_15xx.o)
                                                  C:\studies\year3\period1\Embedded_Systems_programming\Labs\Lab1\lpc_board_nxp_lpcxpresso_1549\Debug\liblpc_board_nxp_lpcxpresso_1549.a(board_sysinit.o)
Chip_SYSCTL_DeassertPeriphReset                   C:\studies\year3\period1\Embedded_Systems_programming\Labs\Lab1\lpc_chip_15xx\Debug\liblpc_chip_15xx.a(sysctl_15xx.o)
                                                  C:\studies\year3\period1\Embedded_Systems_programming\Labs\Lab1\lpc_chip_15xx\Debug\liblpc_chip_15xx.a(uart_15xx.o)
                                                  C:\studies\year3\period1\Embedded_Systems_programming\Labs\Lab1\lpc_chip_15xx\Debug\liblpc_chip_15xx.a(gpio_15xx.o)
                                                  C:\studies\year3\period1\Embedded_Systems_programming\Labs\Lab1\lpc_chip_15xx\Debug\liblpc_chip_15xx.a(chip_15xx.o)
                                                  C:\studies\year3\period1\Embedded_Systems_programming\Labs\Lab1\lpc_board_nxp_lpcxpresso_1549\Debug\liblpc_board_nxp_lpcxpresso_1549.a(board_sysinit.o)
Chip_SYSCTL_GetCompFreqMeas                       C:\studies\year3\period1\Embedded_Systems_programming\Labs\Lab1\lpc_chip_15xx\Debug\liblpc_chip_15xx.a(sysctl_15xx.o)
Chip_SYSCTL_PowerDown                             C:\studies\year3\period1\Embedded_Systems_programming\Labs\Lab1\lpc_chip_15xx\Debug\liblpc_chip_15xx.a(sysctl_15xx.o)
                                                  C:\studies\year3\period1\Embedded_Systems_programming\Labs\Lab1\lpc_chip_15xx\Debug\liblpc_chip_15xx.a(sysinit_15xx.o)
Chip_SYSCTL_PowerUp                               C:\studies\year3\period1\Embedded_Systems_programming\Labs\Lab1\lpc_chip_15xx\Debug\liblpc_chip_15xx.a(sysctl_15xx.o)
                                                  C:\studies\year3\period1\Embedded_Systems_programming\Labs\Lab1\lpc_chip_15xx\Debug\liblpc_chip_15xx.a(sysinit_15xx.o)
                                                  C:\studies\year3\period1\Embedded_Systems_programming\Labs\Lab1\lpc_chip_15xx\Debug\liblpc_chip_15xx.a(chip_15xx.o)
                                                  C:\studies\year3\period1\Embedded_Systems_programming\Labs\Lab1\lpc_board_nxp_lpcxpresso_1549\Debug\liblpc_board_nxp_lpcxpresso_1549.a(board_sysinit.o)
Chip_SYSCTL_SetWakeup                             C:\studies\year3\period1\Embedded_Systems_programming\Labs\Lab1\lpc_chip_15xx\Debug\liblpc_chip_15xx.a(sysctl_15xx.o)
Chip_SetupIrcClocking                             C:\studies\year3\period1\Embedded_Systems_programming\Labs\Lab1\lpc_chip_15xx\Debug\liblpc_chip_15xx.a(sysinit_15xx.o)
Chip_SetupXtalClocking                            C:\studies\year3\period1\Embedded_Systems_programming\Labs\Lab1\lpc_chip_15xx\Debug\liblpc_chip_15xx.a(sysinit_15xx.o)
                                                  C:\studies\year3\period1\Embedded_Systems_programming\Labs\Lab1\lpc_board_nxp_lpcxpresso_1549\Debug\liblpc_board_nxp_lpcxpresso_1549.a(board_sysinit.o)
Chip_SystemInit                                   C:\studies\year3\period1\Embedded_Systems_programming\Labs\Lab1\lpc_chip_15xx\Debug\liblpc_chip_15xx.a(sysinit_15xx.o)
Chip_UART_DeInit                                  C:\studies\year3\period1\Embedded_Systems_programming\Labs\Lab1\lpc_chip_15xx\Debug\liblpc_chip_15xx.a(uart_15xx.o)
Chip_UART_IRQRBHandler                            C:\studies\year3\period1\Embedded_Systems_programming\Labs\Lab1\lpc_chip_15xx\Debug\liblpc_chip_15xx.a(uart_15xx.o)
Chip_UART_Init                                    C:\studies\year3\period1\Embedded_Systems_programming\Labs\Lab1\lpc_chip_15xx\Debug\liblpc_chip_15xx.a(uart_15xx.o)
                                                  C:\studies\year3\period1\Embedded_Systems_programming\Labs\Lab1\lpc_board_nxp_lpcxpresso_1549\Debug\liblpc_board_nxp_lpcxpresso_1549.a(board.o)
Chip_UART_RXIntHandlerRB                          C:\studies\year3\period1\Embedded_Systems_programming\Labs\Lab1\lpc_chip_15xx\Debug\liblpc_chip_15xx.a(uart_15xx.o)
Chip_UART_Read                                    C:\studies\year3\period1\Embedded_Systems_programming\Labs\Lab1\lpc_chip_15xx\Debug\liblpc_chip_15xx.a(uart_15xx.o)
                                                  C:\studies\year3\period1\Embedded_Systems_programming\Labs\Lab1\lpc_board_nxp_lpcxpresso_1549\Debug\liblpc_board_nxp_lpcxpresso_1549.a(board.o)
Chip_UART_ReadBlocking                            C:\studies\year3\period1\Embedded_Systems_programming\Labs\Lab1\lpc_chip_15xx\Debug\liblpc_chip_15xx.a(uart_15xx.o)
Chip_UART_ReadRB                                  C:\studies\year3\period1\Embedded_Systems_programming\Labs\Lab1\lpc_chip_15xx\Debug\liblpc_chip_15xx.a(uart_15xx.o)
Chip_UART_Send                                    C:\studies\year3\period1\Embedded_Systems_programming\Labs\Lab1\lpc_chip_15xx\Debug\liblpc_chip_15xx.a(uart_15xx.o)
Chip_UART_SendBlocking                            C:\studies\year3\period1\Embedded_Systems_programming\Labs\Lab1\lpc_chip_15xx\Debug\liblpc_chip_15xx.a(uart_15xx.o)
                                                  C:\studies\year3\period1\Embedded_Systems_programming\Labs\Lab1\lpc_board_nxp_lpcxpresso_1549\Debug\liblpc_board_nxp_lpcxpresso_1549.a(board.o)
Chip_UART_SendRB                                  C:\studies\year3\period1\Embedded_Systems_programming\Labs\Lab1\lpc_chip_15xx\Debug\liblpc_chip_15xx.a(uart_15xx.o)
Chip_UART_SetBaud                                 C:\studies\year3\period1\Embedded_Systems_programming\Labs\Lab1\lpc_chip_15xx\Debug\liblpc_chip_15xx.a(uart_15xx.o)
                                                  C:\studies\year3\period1\Embedded_Systems_programming\Labs\Lab1\lpc_board_nxp_lpcxpresso_1549\Debug\liblpc_board_nxp_lpcxpresso_1549.a(board.o)
Chip_UART_SetBaudWithRTC32K                       C:\studies\year3\period1\Embedded_Systems_programming\Labs\Lab1\lpc_chip_15xx\Debug\liblpc_chip_15xx.a(uart_15xx.o)
Chip_UART_TXIntHandlerRB                          C:\studies\year3\period1\Embedded_Systems_programming\Labs\Lab1\lpc_chip_15xx\Debug\liblpc_chip_15xx.a(uart_15xx.o)
Chip_USB_Init                                     C:\studies\year3\period1\Embedded_Systems_programming\Labs\Lab1\lpc_chip_15xx\Debug\liblpc_chip_15xx.a(chip_15xx.o)
DAC_IRQHandler                                    ./src/cr_startup_lpc15xx.o
DMA_IRQHandler                                    ./src/cr_startup_lpc15xx.o
DebugMon_Handler                                  ./src/cr_startup_lpc15xx.o
EEPROM_IRQHandler                                 ./src/cr_startup_lpc15xx.o
FMC_IRQHandler                                    ./src/cr_startup_lpc15xx.o
GINT0_IRQHandler                                  ./src/cr_startup_lpc15xx.o
GINT1_IRQHandler                                  ./src/cr_startup_lpc15xx.o
HardFault_Handler                                 ./src/cr_startup_lpc15xx.o
I2C0_IRQHandler                                   ./src/cr_startup_lpc15xx.o
IntDefaultHandler                                 ./src/cr_startup_lpc15xx.o
Joystick_GetStatus                                C:\studies\year3\period1\Embedded_Systems_programming\Labs\Lab1\lpc_board_nxp_lpcxpresso_1549\Debug\liblpc_board_nxp_lpcxpresso_1549.a(board.o)
MRT_IRQHandler                                    ./src/cr_startup_lpc15xx.o
MemManage_Handler                                 ./src/cr_startup_lpc15xx.o
NMI_Handler                                       ./src/cr_startup_lpc15xx.o
OscRateIn                                         C:\studies\year3\period1\Embedded_Systems_programming\Labs\Lab1\lpc_board_nxp_lpcxpresso_1549\Debug\liblpc_board_nxp_lpcxpresso_1549.a(board.o)
                                                  C:\studies\year3\period1\Embedded_Systems_programming\Labs\Lab1\lpc_chip_15xx\Debug\liblpc_chip_15xx.a(clock_15xx.o)
PIN_INT0_IRQHandler                               ./src/cr_startup_lpc15xx.o
PIN_INT1_IRQHandler                               ./src/cr_startup_lpc15xx.o
PIN_INT2_IRQHandler                               ./src/cr_startup_lpc15xx.o
PIN_INT3_IRQHandler                               ./src/cr_startup_lpc15xx.o
PIN_INT4_IRQHandler                               ./src/cr_startup_lpc15xx.o
PIN_INT5_IRQHandler                               ./src/cr_startup_lpc15xx.o
PIN_INT6_IRQHandler                               ./src/cr_startup_lpc15xx.o
PIN_INT7_IRQHandler                               ./src/cr_startup_lpc15xx.o
PendSV_Handler                                    ./src/cr_startup_lpc15xx.o
QEI_IRQHandler                                    ./src/cr_startup_lpc15xx.o
RIT_IRQHandler                                    ./src/cr_startup_lpc15xx.o
RTCOscRateIn                                      C:\studies\year3\period1\Embedded_Systems_programming\Labs\Lab1\lpc_board_nxp_lpcxpresso_1549\Debug\liblpc_board_nxp_lpcxpresso_1549.a(board.o)
                                                  C:\studies\year3\period1\Embedded_Systems_programming\Labs\Lab1\lpc_chip_15xx\Debug\liblpc_chip_15xx.a(uart_15xx.o)
                                                  C:\studies\year3\period1\Embedded_Systems_programming\Labs\Lab1\lpc_chip_15xx\Debug\liblpc_chip_15xx.a(clock_15xx.o)
RTC_ALARM_IRQHandler                              ./src/cr_startup_lpc15xx.o
RTC_WAKE_IRQHandler                               ./src/cr_startup_lpc15xx.o
ResetISR                                          ./src/cr_startup_lpc15xx.o
RingBuffer_Init                                   C:\studies\year3\period1\Embedded_Systems_programming\Labs\Lab1\lpc_chip_15xx\Debug\liblpc_chip_15xx.a(ring_buffer.o)
RingBuffer_Insert                                 C:\studies\year3\period1\Embedded_Systems_programming\Labs\Lab1\lpc_chip_15xx\Debug\liblpc_chip_15xx.a(ring_buffer.o)
                                                  C:\studies\year3\period1\Embedded_Systems_programming\Labs\Lab1\lpc_chip_15xx\Debug\liblpc_chip_15xx.a(uart_15xx.o)
RingBuffer_InsertMult                             C:\studies\year3\period1\Embedded_Systems_programming\Labs\Lab1\lpc_chip_15xx\Debug\liblpc_chip_15xx.a(ring_buffer.o)
                                                  C:\studies\year3\period1\Embedded_Systems_programming\Labs\Lab1\lpc_chip_15xx\Debug\liblpc_chip_15xx.a(uart_15xx.o)
RingBuffer_Pop                                    C:\studies\year3\period1\Embedded_Systems_programming\Labs\Lab1\lpc_chip_15xx\Debug\liblpc_chip_15xx.a(ring_buffer.o)
                                                  C:\studies\year3\period1\Embedded_Systems_programming\Labs\Lab1\lpc_chip_15xx\Debug\liblpc_chip_15xx.a(uart_15xx.o)
RingBuffer_PopMult                                C:\studies\year3\period1\Embedded_Systems_programming\Labs\Lab1\lpc_chip_15xx\Debug\liblpc_chip_15xx.a(ring_buffer.o)
                                                  C:\studies\year3\period1\Embedded_Systems_programming\Labs\Lab1\lpc_chip_15xx\Debug\liblpc_chip_15xx.a(uart_15xx.o)
SCT0_IRQHandler                                   ./src/cr_startup_lpc15xx.o
SCT1_IRQHandler                                   ./src/cr_startup_lpc15xx.o
SCT2_IRQHandler                                   ./src/cr_startup_lpc15xx.o
SCT3_IRQHandler                                   ./src/cr_startup_lpc15xx.o
SPI0_IRQHandler                                   ./src/cr_startup_lpc15xx.o
SPI1_IRQHandler                                   ./src/cr_startup_lpc15xx.o
SVC_Handler                                       ./src/cr_startup_lpc15xx.o
SW1_Init()                                        ./src/lab1.o
SW1_read()                                        ./src/lab1.o
Sleep(int)                                        ./src/lab1.o
SysTick_Handler                                   ./src/lab1.o
                                                  ./src/cr_startup_lpc15xx.o
SystemCoreClock                                   C:\studies\year3\period1\Embedded_Systems_programming\Labs\Lab1\lpc_chip_15xx\Debug\liblpc_chip_15xx.a(chip_15xx.o)
SystemCoreClockUpdate                             C:\studies\year3\period1\Embedded_Systems_programming\Labs\Lab1\lpc_chip_15xx\Debug\liblpc_chip_15xx.a(chip_15xx.o)
                                                  ./src/lab1.o
SystemInit                                        ./src/sysinit.o
                                                  ./src/cr_startup_lpc15xx.o
UART0_IRQHandler                                  ./src/cr_startup_lpc15xx.o
UART1_IRQHandler                                  ./src/cr_startup_lpc15xx.o
UART2_IRQHandler                                  ./src/cr_startup_lpc15xx.o
USBWakeup_IRQHandler                              ./src/cr_startup_lpc15xx.o
USB_FIQHandler                                    ./src/cr_startup_lpc15xx.o
USB_IRQHandler                                    ./src/cr_startup_lpc15xx.o
UsageFault_Handler                                ./src/cr_startup_lpc15xx.o
WDT_IRQHandler                                    ./src/cr_startup_lpc15xx.o
__aeabi_atexit                                    ./src/cr_cpp_config.o
__aeabi_idiv0                                     c:/additional_crap/mcuxpressoide_11.2.1_4149/ide/plugins/com.nxp.mcuxpresso.tools.win32_11.2.0.202008311134/tools/bin/../lib/gcc/arm-none-eabi/9.2.1/thumb/v7-m/nofp\libgcc.a(_dvmd_tls.o)
__aeabi_ldiv0                                     c:/additional_crap/mcuxpressoide_11.2.1_4149/ide/plugins/com.nxp.mcuxpresso.tools.win32_11.2.0.202008311134/tools/bin/../lib/gcc/arm-none-eabi/9.2.1/thumb/v7-m/nofp\libgcc.a(_dvmd_tls.o)
                                                  c:/additional_crap/mcuxpressoide_11.2.1_4149/ide/plugins/com.nxp.mcuxpresso.tools.win32_11.2.0.202008311134/tools/bin/../lib/gcc/arm-none-eabi/9.2.1/thumb/v7-m/nofp\libgcc.a(_aeabi_uldivmod.o)
__aeabi_uldivmod                                  c:/additional_crap/mcuxpressoide_11.2.1_4149/ide/plugins/com.nxp.mcuxpresso.tools.win32_11.2.0.202008311134/tools/bin/../lib/gcc/arm-none-eabi/9.2.1/thumb/v7-m/nofp\libgcc.a(_aeabi_uldivmod.o)
                                                  C:\studies\year3\period1\Embedded_Systems_programming\Labs\Lab1\lpc_chip_15xx\Debug\liblpc_chip_15xx.a(clock_15xx.o)
__bss_section_table_end                           ./src/cr_startup_lpc15xx.o
__check_heap_overflow                             c:/additional_crap/mcuxpressoide_11.2.1_4149/ide/plugins/com.nxp.mcuxpresso.tools.win32_11.2.0.202008311134/tools/bin/../lib/gcc/arm-none-eabi/9.2.1/../../../../arm-none-eabi/lib/thumb/v7-m/nofp\libcr_newlib_nohost.a(_cr_check_heap.o)
                                                  c:/additional_crap/mcuxpressoide_11.2.1_4149/ide/plugins/com.nxp.mcuxpresso.tools.win32_11.2.0.202008311134/tools/bin/../lib/gcc/arm-none-eabi/9.2.1/../../../../arm-none-eabi/lib/thumb/v7-m/nofp\libcr_newlib_nohost.a(_cr_sbrk.o)
__data_section_table                              ./src/cr_startup_lpc15xx.o
__data_section_table_end                          ./src/cr_startup_lpc15xx.o
__deregister_frame_info                           c:/additional_crap/mcuxpressoide_11.2.1_4149/ide/plugins/com.nxp.mcuxpresso.tools.win32_11.2.0.202008311134/tools/bin/../lib/gcc/arm-none-eabi/9.2.1/thumb/v7-m/nofp\crtbegin.o
__dso_handle                                      c:/additional_crap/mcuxpressoide_11.2.1_4149/ide/plugins/com.nxp.mcuxpresso.tools.win32_11.2.0.202008311134/tools/bin/../lib/gcc/arm-none-eabi/9.2.1/thumb/v7-m/nofp\crtbegin.o
__end_of_heap                                     c:/additional_crap/mcuxpressoide_11.2.1_4149/ide/plugins/com.nxp.mcuxpresso.tools.win32_11.2.0.202008311134/tools/bin/../lib/gcc/arm-none-eabi/9.2.1/../../../../arm-none-eabi/lib/thumb/v7-m/nofp\libcr_newlib_nohost.a(_cr_sbrk.o)
__errno                                           c:/additional_crap/mcuxpressoide_11.2.1_4149/ide/plugins/com.nxp.mcuxpresso.tools.win32_11.2.0.202008311134/tools/bin/../lib/gcc/arm-none-eabi/9.2.1/../../../../arm-none-eabi/lib/thumb/v7-m/nofp\libc.a(lib_a-errno.o)
                                                  c:/additional_crap/mcuxpressoide_11.2.1_4149/ide/plugins/com.nxp.mcuxpresso.tools.win32_11.2.0.202008311134/tools/bin/../lib/gcc/arm-none-eabi/9.2.1/../../../../arm-none-eabi/lib/thumb/v7-m/nofp\libcr_newlib_nohost.a(_cr_sbrk.o)
__gnu_cxx::__verbose_terminate_handler()          ./src/cr_cpp_config.o
__init_array_end                                  c:/additional_crap/mcuxpressoide_11.2.1_4149/ide/plugins/com.nxp.mcuxpresso.tools.win32_11.2.0.202008311134/tools/bin/../lib/gcc/arm-none-eabi/9.2.1/../../../../arm-none-eabi/lib/thumb/v7-m/nofp\libc.a(lib_a-init.o)
__init_array_start                                c:/additional_crap/mcuxpressoide_11.2.1_4149/ide/plugins/com.nxp.mcuxpresso.tools.win32_11.2.0.202008311134/tools/bin/../lib/gcc/arm-none-eabi/9.2.1/../../../../arm-none-eabi/lib/thumb/v7-m/nofp\libc.a(lib_a-init.o)
__libc_init_array                                 c:/additional_crap/mcuxpressoide_11.2.1_4149/ide/plugins/com.nxp.mcuxpresso.tools.win32_11.2.0.202008311134/tools/bin/../lib/gcc/arm-none-eabi/9.2.1/../../../../arm-none-eabi/lib/thumb/v7-m/nofp\libc.a(lib_a-init.o)
                                                  ./src/cr_startup_lpc15xx.o
__lock___arc4random_mutex                         c:/additional_crap/mcuxpressoide_11.2.1_4149/ide/plugins/com.nxp.mcuxpresso.tools.win32_11.2.0.202008311134/tools/bin/../lib/gcc/arm-none-eabi/9.2.1/../../../../arm-none-eabi/lib/thumb/v7-m/nofp\libc.a(lib_a-lock.o)
__lock___at_quick_exit_mutex                      c:/additional_crap/mcuxpressoide_11.2.1_4149/ide/plugins/com.nxp.mcuxpresso.tools.win32_11.2.0.202008311134/tools/bin/../lib/gcc/arm-none-eabi/9.2.1/../../../../arm-none-eabi/lib/thumb/v7-m/nofp\libc.a(lib_a-lock.o)
__lock___atexit_recursive_mutex                   c:/additional_crap/mcuxpressoide_11.2.1_4149/ide/plugins/com.nxp.mcuxpresso.tools.win32_11.2.0.202008311134/tools/bin/../lib/gcc/arm-none-eabi/9.2.1/../../../../arm-none-eabi/lib/thumb/v7-m/nofp\libc.a(lib_a-lock.o)
__lock___dd_hash_mutex                            c:/additional_crap/mcuxpressoide_11.2.1_4149/ide/plugins/com.nxp.mcuxpresso.tools.win32_11.2.0.202008311134/tools/bin/../lib/gcc/arm-none-eabi/9.2.1/../../../../arm-none-eabi/lib/thumb/v7-m/nofp\libc.a(lib_a-lock.o)