07:46:37 **** Incremental Build of configuration Debug for project lpc_board_nxp_lpcxpresso_1549 ****
make -r all 
make: Nothing to be done for 'all'.
07:46:37 **** Incremental Build of configuration Debug for project lpc_chip_15xx ****
make -r all 
make: Nothing to be done for 'all'.
07:46:37 **** Build of configuration Debug for project periph_blinky ****
make -r -j12 all 
Building file: ../example/src/cr_startup_lpc15xx.c
Building file: ../example/src/sysinit.c
Building file: ../example/src/systick.c
Invoking: MCU C Compiler
arm-none-eabi-gcc -DDEBUG -D__CODE_RED -D__USE_LPCOPEN -D__REDLIB__ -DCORE_M3 -I"C:\studies\year3\period1\Embedded_Systems_programming\Labs\Lab1\lpc_chip_15xx\inc" -I"C:\studies\year3\period1\Embedded_Systems_programming\Labs\Lab1\lpc_board_nxp_lpcxpresso_1549\inc" -O0 -g3 -Wall -c -fmessage-length=0 -fno-builtin -ffunction-sections -fdata-sections -fmerge-constants -fmacro-prefix-map="../example/src/"=. -mcpu=cortex-m3 -mthumb -fstack-usage -specs=redlib.specs -MMD -MP -MF"example/src/cr_startup_lpc15xx.d" -MT"example/src/cr_startup_lpc15xx.o" -MT"example/src/cr_startup_lpc15xx.d" -o "example/src/cr_startup_lpc15xx.o" "../example/src/cr_startup_lpc15xx.c"
Invoking: MCU C Compiler
arm-none-eabi-gcc -DDEBUG -D__CODE_RED -D__USE_LPCOPEN -D__REDLIB__ -DCORE_M3 -I"C:\studies\year3\period1\Embedded_Systems_programming\Labs\Lab1\lpc_chip_15xx\inc" -I"C:\studies\year3\period1\Embedded_Systems_programming\Labs\Lab1\lpc_board_nxp_lpcxpresso_1549\inc" -O0 -g3 -Wall -c -fmessage-length=0 -fno-builtin -ffunction-sections -fdata-sections -fmerge-constants -fmacro-prefix-map="../example/src/"=. -mcpu=cortex-m3 -mthumb -fstack-usage -specs=redlib.specs -MMD -MP -MF"example/src/sysinit.d" -MT"example/src/sysinit.o" -MT"example/src/sysinit.d" -o "example/src/sysinit.o" "../example/src/sysinit.c"
Invoking: MCU C Compiler
arm-none-eabi-gcc -DDEBUG -D__CODE_RED -D__USE_LPCOPEN -D__REDLIB__ -DCORE_M3 -I"C:\studies\year3\period1\Embedded_Systems_programming\Labs\Lab1\lpc_chip_15xx\inc" -I"C:\studies\year3\period1\Embedded_Systems_programming\Labs\Lab1\lpc_board_nxp_lpcxpresso_1549\inc" -O0 -g3 -Wall -c -fmessage-length=0 -fno-builtin -ffunction-sections -fdata-sections -fmerge-constants -fmacro-prefix-map="../example/src/"=. -mcpu=cortex-m3 -mthumb -fstack-usage -specs=redlib.specs -MMD -MP -MF"example/src/systick.d" -MT"example/src/systick.o" -MT"example/src/systick.d" -o "example/src/systick.o" "../example/src/systick.c"
Finished building: ../example/src/cr_startup_lpc15xx.c
 
Finished building: ../example/src/sysinit.c
Finished building: ../example/src/systick.c
 
 
Building target: periph_blinky.axf
Invoking: MCU Linker
arm-none-eabi-gcc -nostdlib -L"C:\studies\year3\period1\Embedded_Systems_programming\Labs\Lab1\lpc_chip_15xx\Debug" -L"C:\studies\year3\period1\Embedded_Systems_programming\Labs\Lab1\lpc_board_nxp_lpcxpresso_1549\Debug" -Xlinker -Map="periph_blinky.map" -Xlinker --gc-sections -mcpu=cortex-m3 -mthumb -T "periph_blinky_Debug.ld" -o "periph_blinky.axf"  ./example/src/cr_startup_lpc15xx.o ./example/src/sysinit.o ./example/src/systick.o   -llpc_board_nxp_lpcxpresso_1549 -llpc_chip_15xx
Finished building target: periph_blinky.axf
 
make --no-print-directory post-build
Performing post-build steps
arm-none-eabi-size "periph_blinky.axf"; # arm-none-eabi-objcopy -v -O binary "periph_blinky.axf" "periph_blinky.bin" ; # checksum -p LPC1549 -d "periph_blinky.bin";
   text	   data	    bss	    dec	    hex	filename
   6536	      0	    488	   7024	   1b70	periph_blinky.axf
 
07:46:55 **** Incremental Build of configuration Debug for project lpc_board_nxp_lpcxpresso_1549 ****
make -r all 
make: Nothing to be done for 'all'.
07:46:55 **** Incremental Build of configuration Debug for project lpc_chip_15xx ****
make -r all 
make: Nothing to be done for 'all'.
07:46:56 **** Incremental Build of configuration Debug for project periph_blinky ****
make -r -j12 all 
make: Nothing to be done for 'all'.
07:46:56 **** Incremental Build of configuration Debug for project periph_blinky ****
make -r -j12 all 
make: Nothing to be done for 'all'.
07:47:17 **** Incremental Build of configuration Debug for project lpc_board_nxp_lpcxpresso_1549 ****
make -r all 
make: Nothing to be done for 'all'.
07:47:17 **** Incremental Build of configuration Debug for project lpc_chip_15xx ****
make -r all 
make: Nothing to be done for 'all'.
07:47:17 **** Incremental Build of configuration Debug for project periph_blinky ****
make -r -j12 all 
make: Nothing to be done for 'all'.
07:47:17 **** Incremental Build of configuration Debug for project periph_blinky ****
make -r -j12 all 
make: Nothing to be done for 'all'.
07:48:38 **** Incremental Build of configuration Debug for project lpc_board_nxp_lpcxpresso_1549 ****
make -r all 
make: Nothing to be done for 'all'.
07:48:38 **** Incremental Build of configuration Debug for project lpc_chip_15xx ****
make -r all 
make: Nothing to be done for 'all'.
07:48:39 **** Incremental Build of configuration Debug for project periph_blinky ****
make -r -j12 all 
make: Nothing to be done for 'all'.
07:48:39 **** Incremental Build of configuration Debug for project periph_blinky ****
make -r -j12 all 
make: Nothing to be done for 'all'.
07:50:35 **** Incremental Build of configuration Debug for project lpc_board_nxp_lpcxpresso_1549 ****
make -r all 
make: Nothing to be done for 'all'.
07:50:35 **** Incremental Build of configuration Debug for project lpc_chip_15xx ****
make -r all 
make: Nothing to be done for 'all'.
07:50:35 **** Incremental Build of configuration Debug for project periph_blinky ****
make -r -j12 all 
make: Nothing to be done for 'all'.
07:50:36 **** Incremental Build of configuration Debug for project periph_blinky ****
make -r -j12 all 
make: Nothing to be done for 'all'.
07:51:31 **** Incremental Build of configuration Debug for project lpc_board_nxp_lpcxpresso_1549 ****
make -r all 
make: Nothing to be done for 'all'.
07:51:31 **** Incremental Build of configuration Debug for project lpc_chip_15xx ****
make -r all 
make: Nothing to be done for 'all'.
07:51:31 **** Clean-only build of configuration Debug for project periph_blinky ****
make -r -j12 clean 
rm -rf  ./example/src/cr_startup_lpc15xx.o ./example/src/sysinit.o ./example/src/systick.o  ./example/src/cr_startup_lpc15xx.d ./example/src/sysinit.d ./example/src/systick.d  periph_blinky.axf
 
07:51:31 **** Incremental Build of configuration Debug for project periph_blinky ****
make -r -j12 all 
Building file: ../example/src/cr_startup_lpc15xx.c
Building file: ../example/src/sysinit.c
Building file: ../example/src/systick.c
Invoking: MCU C Compiler
arm-none-eabi-gcc -DDEBUG -D__CODE_RED -D__USE_LPCOPEN -DCORE_M3 -D__NEWLIB__ -I"C:\studies\year3\period1\Embedded_Systems_programming\Labs\Lab1\lpc_chip_15xx\inc" -I"C:\studies\year3\period1\Embedded_Systems_programming\Labs\Lab1\lpc_board_nxp_lpcxpresso_1549\inc" -O0 -g3 -Wall -c -fmessage-length=0 -fno-builtin -ffunction-sections -fdata-sections -fmerge-constants -fmacro-prefix-map="../example/src/"=. -mcpu=cortex-m3 -mthumb -D__NEWLIB__ -fstack-usage -MMD -MP -MF"example/src/cr_startup_lpc15xx.d" -MT"example/src/cr_startup_lpc15xx.o" -MT"example/src/cr_startup_lpc15xx.d" -o "example/src/cr_startup_lpc15xx.o" "../example/src/cr_startup_lpc15xx.c"
Invoking: MCU C Compiler
arm-none-eabi-gcc -DDEBUG -D__CODE_RED -D__USE_LPCOPEN -DCORE_M3 -D__NEWLIB__ -I"C:\studies\year3\period1\Embedded_Systems_programming\Labs\Lab1\lpc_chip_15xx\inc" -I"C:\studies\year3\period1\Embedded_Systems_programming\Labs\Lab1\lpc_board_nxp_lpcxpresso_1549\inc" -O0 -g3 -Wall -c -fmessage-length=0 -fno-builtin -ffunction-sections -fdata-sections -fmerge-constants -fmacro-prefix-map="../example/src/"=. -mcpu=cortex-m3 -mthumb -D__NEWLIB__ -fstack-usage -MMD -MP -MF"example/src/sysinit.d" -MT"example/src/sInvoking: MCU C Compiler
ysinit.o" -MT"example/src/sysinit.d" -o "example/src/sysinit.o" "../example/src/sysinit.c"
arm-none-eabi-gcc -DDEBUG -D__CODE_RED -D__USE_LPCOPEN -DCORE_M3 -D__NEWLIB__ -I"C:\studies\year3\period1\Embedded_Systems_programming\Labs\Lab1\lpc_chip_15xx\inc" -I"C:\studies\year3\period1\Embedded_Systems_programming\Labs\Lab1\lpc_board_nxp_lpcxpresso_1549\inc" -O0 -g3 -Wall -c -fmessage-length=0 -fno-builtin -ffunction-sections -fdata-sections -fmerge-constants -fmacro-prefix-map="../example/src/"=. -mcpu=cortex-m3 -mthumb -D__NEWLIB__ -fstack-usage -MMD -MP -MF"example/src/systick.d" -MT"example/src/systick.o" -MT"example/src/systick.d" -o "example/src/systick.o" "../example/src/systick.c"
Finished building: ../example/src/cr_startup_lpc15xx.c
 
Finished building: ../example/src/sysinit.c
Finished building: ../example/src/systick.c
 
 
Building target: periph_blinky.axf
Invoking: MCU Linker
arm-none-eabi-gcc -nostdlib -L"C:\studies\year3\period1\Embedded_Systems_programming\Labs\Lab1\lpc_chip_15xx\Debug" -L"C:\studies\year3\period1\Embedded_Systems_programming\Labs\Lab1\lpc_board_nxp_lpcxpresso_1549\Debug" -Xlinker -Map="periph_blinky.map" -Xlinker --gc-sections -mcpu=cortex-m3 -mthumb -T "periph_blinky_Debug.ld" -o "periph_blinky.axf"  ./example/src/cr_startup_lpc15xx.o ./example/src/sysinit.o ./example/src/systick.o   -llpc_board_nxp_lpcxpresso_1549 -llpc_chip_15xx
Finished building target: periph_blinky.axf
 
make --no-print-directory post-build
Performing post-build steps
arm-none-eabi-size "periph_blinky.axf"; # arm-none-eabi-objcopy -v -O binary "periph_blinky.axf" "periph_blinky.bin" ; # checksum -p LPC1549 -d "periph_blinky.bin";
   text	   data	    bss	    dec	    hex	filename
   5292	      0	      4	   5296	   14b0	periph_blinky.axf
 
07:51:32 **** Incremental Build of configuration Debug for project periph_blinky ****
make -r -j12 all 
make: Nothing to be done for 'all'.
07:53:16 **** Incremental Build of configuration Debug for project lpc_board_nxp_lpcxpresso_1549 ****
make -r all 
make: Nothing to be done for 'all'.
07:53:16 **** Incremental Build of configuration Debug for project lpc_chip_15xx ****
make -r all 
make: Nothing to be done for 'all'.
07:53:17 **** Incremental Build of configuration Debug for project periph_blinky ****
make -r -j12 all 
make: Nothing to be done for 'all'.
07:53:17 **** Incremental Build of configuration Debug for project periph_blinky ****
make -r -j12 all 
make: Nothing to be done for 'all'.
07:55:25 **** Incremental Build of configuration Debug for project lpc_board_nxp_lpcxpresso_1549 ****
make -r all 
make: Nothing to be done for 'all'.
07:55:25 **** Incremental Build of configuration Debug for project lpc_chip_15xx ****
make -r all 
make: Nothing to be done for 'all'.
07:55:25 **** Incremental Build of configuration Debug for project lab1 ****
make -r -j12 all 
make: Nothing to be done for 'all'.
07:55:26 **** Incremental Build of configuration Debug for project lab1 ****
make -r -j12 all 
make: Nothing to be done for 'all'.
13:18:13 **** Incremental Build of configuration Debug for project lpc_board_nxp_lpcxpresso_1549 ****
make -r all 
make: Nothing to be done for 'all'.
13:18:13 **** Incremental Build of configuration Debug for project lpc_chip_15xx ****
make -r all 
make: Nothing to be done for 'all'.
13:18:14 **** Incremental Build of configuration Debug for project periph_blinky ****
make -r -j12 all 
Building target: periph_blinky.axf
Invoking: MCU Linker
arm-none-eabi-gcc -nostdlib -L"C:\studies\year3\period1\Embedded_Systems_programming\Labs\Lab1\lpc_chip_15xx\Debug" -L"C:\studies\year3\period1\Embedded_Systems_programming\Labs\Lab1\lpc_board_nxp_lpcxpresso_1549\Debug" -Xlinker -Map="periph_blinky.map" -Xlinker --gc-sections -mcpu=cortex-m3 -mthumb -T "periph_blinky_Debug.ld" -o "periph_blinky.axf"  ./example/src/cr_startup_lpc15xx.o ./example/src/sysinit.o ./example/src/systick.o   -llpc_board_nxp_lpcxpresso_1549 -llpc_chip_15xx
Finished building target: periph_blinky.axf
 
make --no-print-directory post-build
Performing post-build steps
arm-none-eabi-size "periph_blinky.axf"; # arm-none-eabi-objcopy -v -O binary "periph_blinky.axf" "periph_blinky.bin" ; # checksum -p LPC1549 -d "periph_blinky.bin";
   text	   data	    bss	    dec	    hex	filename
   5292	      0	      4	   5296	   14b0	periph_blinky.axf
 
13:18:14 **** Incremental Build of configuration Debug for project periph_blinky ****
make -r -j12 all 
make: Nothing to be done for 'all'.
16:16:30 **** Incremental Build of configuration Debug for project lpc_board_nxp_lpcxpresso_1549 ****
make -r all 
make: Nothing to be done for 'all'.
16:16:30 **** Incremental Build of configuration Debug for project lpc_chip_15xx ****
make -r all 
make: Nothing to be done for 'all'.
16:16:30 **** Incremental Build of configuration Debug for project lab1 ****
make -r -j12 all 
Building file: ../src/lab1.cpp
Invoking: MCU C++ Compiler
arm-none-eabi-c++ -std=gnu++11 -DDEBUG -D__CODE_RED -D__NEWLIB__ -DCORE_M3 -D__USE_LPCOPEN -DCPP_USE_HEAP -D__LPC15XX__ -I"C:\studies\year3\period1\Embedded_Systems_programming\Labs\Lab1\lpc_board_nxp_lpcxpresso_1549\inc" -I"C:\studies\year3\period1\Embedded_Systems_programming\Labs\Lab1\lpc_chip_15xx\inc" -O0 -fno-common -g3 -Wall -c -fmessage-length=0 -fno-builtin -ffunction-sections -fdata-sections -fno-rtti -fno-exceptions -fmerge-constants -fmacro-prefix-map="../src/"=. -mcpu=cortex-m3 -mthumb -fstack-usage -MMD -MP -MF"src/lab1.d" -MT"src/lab1.o" -MT"src/lab1.d" -o "src/lab1.o" "../src/lab1.cpp"
../src/lab1.cpp: In function 'int main()':
../src/lab1.cpp:91:13: error: 'cout' was not declared in this scope; did you mean 'counter'?
   91 |             cout << result << endl;
      |             ^~~~
      |             counter
../src/lab1.cpp:91:31: error: 'endl' was not declared in this scope
   91 |             cout << result << endl;
      |                               ^~~~
make: *** [src/subdir.mk:36: src/lab1.o] Error 1
"make -r -j12 all" terminated with exit code 2. Build might be incomplete.
16:17:53 **** Incremental Build of configuration Debug for project lpc_board_nxp_lpcxpresso_1549 ****
make -r all 
make: Nothing to be done for 'all'.
16:17:53 **** Incremental Build of configuration Debug for project lpc_chip_15xx ****
make -r all 
make: Nothing to be done for 'all'.
16:17:54 **** Incremental Build of configuration Debug for project lab1 ****
make -r -j12 all 
Building file: ../src/lab1.cpp
Invoking: MCU C++ Compiler
arm-none-eabi-c++ -std=gnu++11 -DDEBUG -D__CODE_RED -D__NEWLIB__ -DCORE_M3 -D__USE_LPCOPEN -DCPP_USE_HEAP -D__LPC15XX__ -I"C:\studies\year3\period1\Embedded_Systems_programming\Labs\Lab1\lpc_board_nxp_lpcxpresso_1549\inc" -I"C:\studies\year3\period1\Embedded_Systems_programming\Labs\Lab1\lpc_chip_15xx\inc" -O0 -fno-common -g3 -Wall -c -fmessage-length=0 -fno-builtin -ffunction-sections -fdata-sections -fno-rtti -fno-exceptions -fmerge-constants -fmacro-prefix-map="../src/"=. -mcpu=cortex-m3 -mthumb -fstack-usage -MMD -MP -MF"src/lab1.d" -MT"src/lab1.o" -MT"src/lab1.d" -o "src/lab1.o" "../src/lab1.cpp"
../src/lab1.cpp: In function 'int main()':
../src/lab1.cpp:91:22: warning: format '%d' expects argument of type 'int', but argument 2 has type 'uint32_t' {aka 'long unsigned int'} [-Wformat=]
   91 |             printf("%d\n", result);
      |                     ~^     ~~~~~~
      |                      |     |
      |                      int   uint32_t {aka long unsigned int}
      |                     %ld
Finished building: ../src/lab1.cpp
 
Building target: lab1.axf
Invoking: MCU C++ Linker
arm-none-eabi-c++ -nostdlib -L"C:\studies\year3\period1\Embedded_Systems_programming\Labs\Lab1\lpc_board_nxp_lpcxpresso_1549\Debug" -L"C:\studies\year3\period1\Embedded_Systems_programming\Labs\Lab1\lpc_chip_15xx\Debug" -Xlinker -Map="lab1.map" -Xlinker --cref -Xlinker --gc-sections -Xlinker -print-memory-usage -mcpu=cortex-m3 -mthumb -T "lab1_Debug.ld" -o "lab1.axf"  ./src/cr_cpp_config.o ./src/cr_startup_lpc15xx.o ./src/crp.o ./src/lab1.o ./src/sysinit.o   -llpc_board_nxp_lpcxpresso_1549 -llpc_chip_15xx
Memory region         Used Size  Region Size  %age Used
       MFlash256:       31644 B       256 KB     12.07%
      Ram0_16_32:        2612 B        32 KB      7.97%
          Ram2_4:          0 GB         4 KB      0.00%
Finished building target: lab1.axf
 
make --no-print-directory post-build
Performing post-build steps
arm-none-eabi-size "lab1.axf"; # arm-none-eabi-objcopy -v -O binary "lab1.axf" "lab1.bin" ; # checksum -p LPC1549 -d "lab1.bin";
   text	   data	    bss	    dec	    hex	filename
  29168	   2476	    136	  31780	   7c24	lab1.axf
 
16:19:03 **** Incremental Build of configuration Debug for project lpc_board_nxp_lpcxpresso_1549 ****
make -r all 
make: Nothing to be done for 'all'.
16:19:03 **** Incremental Build of configuration Debug for project lpc_chip_15xx ****
make -r all 
make: Nothing to be done for 'all'.
16:19:03 **** Incremental Build of configuration Debug for project lab1 ****
make -r -j12 all 
Building file: ../src/lab1.cpp
Invoking: MCU C++ Compiler
arm-none-eabi-c++ -std=gnu++11 -DDEBUG -D__CODE_RED -D__NEWLIB__ -DCORE_M3 -D__USE_LPCOPEN -DCPP_USE_HEAP -D__LPC15XX__ -I"C:\studies\year3\period1\Embedded_Systems_programming\Labs\Lab1\lpc_board_nxp_lpcxpresso_1549\inc" -I"C:\studies\year3\period1\Embedded_Systems_programming\Labs\Lab1\lpc_chip_15xx\inc" -O0 -fno-common -g3 -Wall -c -fmessage-length=0 -fno-builtin -ffunction-sections -fdata-sections -fno-rtti -fno-exceptions -fmerge-constants -fmacro-prefix-map="../src/"=. -mcpu=cortex-m3 -mthumb -fstack-usage -MMD -MP -MF"src/lab1.d" -MT"src/lab1.o" -MT"src/lab1.d" -o "src/lab1.o" "../src/lab1.cpp"
Finished building: ../src/lab1.cpp
 
Building target: lab1.axf
Invoking: MCU C++ Linker
arm-none-eabi-c++ -nostdlib -L"C:\studies\year3\period1\Embedded_Systems_programming\Labs\Lab1\lpc_board_nxp_lpcxpresso_1549\Debug" -L"C:\studies\year3\period1\Embedded_Systems_programming\Labs\Lab1\lpc_chip_15xx\Debug" -Xlinker -Map="lab1.map" -Xlinker --cref -Xlinker --gc-sections -Xlinker -print-memory-usage -mcpu=cortex-m3 -mthumb -T "lab1_Debug.ld" -o "lab1.axf"  ./src/cr_cpp_config.o ./src/cr_startup_lpc15xx.o ./src/crp.o ./src/lab1.o ./src/sysinit.o   -llpc_board_nxp_lpcxpresso_1549 -llpc_chip_15xx
Memory region         Used Size  Region Size  %age Used
       MFlash256:       31644 B       256 KB     12.07%
      Ram0_16_32:        2612 B        32 KB      7.97%
          Ram2_4:          0 GB         4 KB      0.00%
Finished building target: lab1.axf
 
make --no-print-directory post-build
Performing post-build steps
arm-none-eabi-size "lab1.axf"; # arm-none-eabi-objcopy -v -O binary "lab1.axf" "lab1.bin" ; # checksum -p LPC1549 -d "lab1.bin";
   text	   data	    bss	    dec	    hex	filename
  29168	   2476	    136	  31780	   7c24	lab1.axf
 
16:35:15 **** Incremental Build of configuration Debug for project lpc_board_nxp_lpcxpresso_1549 ****
make -r all 
make: Nothing to be done for 'all'.
16:35:15 **** Incremental Build of configuration Debug for project lpc_chip_15xx ****
make -r all 
make: Nothing to be done for 'all'.
16:35:15 **** Incremental Build of configuration Debug for project lab1 ****
make -r -j12 all 
Building file: ../src/lab1.cpp
Invoking: MCU C++ Compiler
arm-none-eabi-c++ -std=gnu++11 -DDEBUG -D__CODE_RED -D__NEWLIB__ -DCORE_M3 -D__USE_LPCOPEN -DCPP_USE_HEAP -D__LPC15XX__ -I"C:\studies\year3\period1\Embedded_Systems_programming\Labs\Lab1\lpc_board_nxp_lpcxpresso_1549\inc" -I"C:\studies\year3\period1\Embedded_Systems_programming\Labs\Lab1\lpc_chip_15xx\inc" -O0 -fno-common -g3 -Wall -c -fmessage-length=0 -fno-builtin -ffunction-sections -fdata-sections -fno-rtti -fno-exceptions -fmerge-constants -fmacro-prefix-map="../src/"=. -mcpu=cortex-m3 -mthumb -fstack-usage -MMD -MP -MF"src/lab1.d" -MT"src/lab1.o" -MT"src/lab1.d" -o "src/lab1.o" "../src/lab1.cpp"
Finished building: ../src/lab1.cpp
 
Building target: lab1.axf
Invoking: MCU C++ Linker
arm-none-eabi-c++ -nostdlib -L"C:\studies\year3\period1\Embedded_Systems_programming\Labs\Lab1\lpc_board_nxp_lpcxpresso_1549\Debug" -L"C:\studies\year3\period1\Embedded_Systems_programming\Labs\Lab1\lpc_chip_15xx\Debug" -Xlinker -Map="lab1.map" -Xlinker --cref -Xlinker --gc-sections -Xlinker -print-memory-usage -mcpu=cortex-m3 -mthumb -T "lab1_Debug.ld" -o "lab1.axf"  ./src/cr_cpp_config.o ./src/cr_startup_lpc15xx.o ./src/crp.o ./src/lab1.o ./src/sysinit.o   -llpc_board_nxp_lpcxpresso_1549 -llpc_chip_15xx
Memory region         Used Size  Region Size  %age Used
       MFlash256:       31644 B       256 KB     12.07%
      Ram0_16_32:        2612 B        32 KB      7.97%
          Ram2_4:          0 GB         4 KB      0.00%
Finished building target: lab1.axf
 
make --no-print-directory post-build
Performing post-build steps
arm-none-eabi-size "lab1.axf"; # arm-none-eabi-objcopy -v -O binary "lab1.axf" "lab1.bin" ; # checksum -p LPC1549 -d "lab1.bin";
   text	   data	    bss	    dec	    hex	filename
  29168	   2476	    136	  31780	   7c24	lab1.axf
 
16:35:23 **** Incremental Build of configuration Debug for project lpc_board_nxp_lpcxpresso_1549 ****
make -r all 
make: Nothing to be done for 'all'.
16:35:24 **** Incremental Build of configuration Debug for project lpc_chip_15xx ****
make -r all 
make: Nothing to be done for 'all'.
16:35:24 **** Incremental Build of configuration Debug for project lab1 ****
make -r -j12 all 
make: Nothing to be done for 'all'.
16:35:24 **** Incremental Build of configuration Debug for project lab1 ****
make -r -j12 all 
make: Nothing to be done for 'all'.
16:49:56 **** Incremental Build of configuration Debug for project lpc_board_nxp_lpcxpresso_1549 ****
make -r all 
make: Nothing to be done for 'all'.
16:49:56 **** Incremental Build of configuration Debug for project lpc_chip_15xx ****
make -r all 
make: Nothing to be done for 'all'.
16:49:56 **** Incremental Build of configuration Debug for project lab1 ****
make -r -j12 all 
Building file: ../src/lab1.cpp
Invoking: MCU C++ Compiler
arm-none-eabi-c++ -std=gnu++11 -DDEBUG -D__CODE_RED -D__NEWLIB__ -DCORE_M3 -D__USE_LPCOPEN -DCPP_USE_HEAP -D__LPC15XX__ -I"C:\studies\year3\period1\Embedded_Systems_programming\Labs\Lab1\lpc_board_nxp_lpcxpresso_1549\inc" -I"C:\studies\year3\period1\Embedded_Systems_programming\Labs\Lab1\lpc_chip_15xx\inc" -O0 -fno-common -g3 -Wall -c -fmessage-length=0 -fno-builtin -ffunction-sections -fdata-sections -fno-rtti -fno-exceptions -fmerge-constants -fmacro-prefix-map="../src/"=. -mcpu=cortex-m3 -mthumb -fstack-usage -MMD -MP -MF"src/lab1.d" -MT"src/lab1.o" -MT"src/lab1.d" -o "src/lab1.o" "../src/lab1.cpp"
Finished building: ../src/lab1.cpp
 
Building target: lab1.axf
Invoking: MCU C++ Linker
arm-none-eabi-c++ -nostdlib -L"C:\studies\year3\period1\Embedded_Systems_programming\Labs\Lab1\lpc_board_nxp_lpcxpresso_1549\Debug" -L"C:\studies\year3\period1\Embedded_Systems_programming\Labs\Lab1\lpc_chip_15xx\Debug" -Xlinker -Map="lab1.map" -Xlinker --cref -Xlinker --gc-sections -Xlinker -print-memory-usage -mcpu=cortex-m3 -mthumb -T "lab1_Debug.ld" -o "lab1.axf"  ./src/cr_cpp_config.o ./src/cr_startup_lpc15xx.o ./src/crp.o ./src/lab1.o ./src/sysinit.o   -llpc_board_nxp_lpcxpresso_1549 -llpc_chip_15xx
Memory region         Used Size  Region Size  %age Used
       MFlash256:       31652 B       256 KB     12.07%
      Ram0_16_32:        2612 B        32 KB      7.97%
          Ram2_4:          0 GB         4 KB      0.00%
Finished building target: lab1.axf
 
make --no-print-directory post-build
Performing post-build steps
arm-none-eabi-size "lab1.axf"; # arm-none-eabi-objcopy -v -O binary "lab1.axf" "lab1.bin" ; # checksum -p LPC1549 -d "lab1.bin";
   text	   data	    bss	    dec	    hex	filename
  29176	   2476	    136	  31788	   7c2c	lab1.axf
 
16:50:03 **** Incremental Build of configuration Debug for project lpc_board_nxp_lpcxpresso_1549 ****
make -r all 
make: Nothing to be done for 'all'.
16:50:03 **** Incremental Build of configuration Debug for project lpc_chip_15xx ****
make -r all 
make: Nothing to be done for 'all'.
16:50:03 **** Incremental Build of configuration Debug for project lab1 ****
make -r -j12 all 
make: Nothing to be done for 'all'.
16:50:04 **** Incremental Build of configuration Debug for project lab1 ****
make -r -j12 all 
make: Nothing to be done for 'all'.
16:50:26 **** Incremental Build of configuration Debug for project lpc_board_nxp_lpcxpresso_1549 ****
make -r all 
make: Nothing to be done for 'all'.
16:50:26 **** Incremental Build of configuration Debug for project lpc_chip_15xx ****
make -r all 
make: Nothing to be done for 'all'.
16:50:26 **** Incremental Build of configuration Debug for project lab1 ****
make -r -j12 all 
make: Nothing to be done for 'all'.
16:50:27 **** Incremental Build of configuration Debug for project lab1 ****
make -r -j12 all 
make: Nothing to be done for 'all'.
17:00:46 **** Incremental Build of configuration Debug for project lpc_board_nxp_lpcxpresso_1549 ****
make -r all 
make: Nothing to be done for 'all'.
17:00:46 **** Incremental Build of configuration Debug for project lpc_chip_15xx ****
make -r all 
make: Nothing to be done for 'all'.
17:00:46 **** Incremental Build of configuration Debug for project lab1 ****
make -r -j12 all 
Building file: ../src/lab1.cpp
Invoking: MCU C++ Compiler
arm-none-eabi-c++ -std=gnu++11 -DDEBUG -D__CODE_RED -D__NEWLIB__ -DCORE_M3 -D__USE_LPCOPEN -DCPP_USE_HEAP -D__LPC15XX__ -I"C:\studies\year3\period1\Embedded_Systems_programming\Labs\Lab1\lpc_board_nxp_lpcxpresso_1549\inc" -I"C:\studies\year3\period1\Embedded_Systems_programming\Labs\Lab1\lpc_chip_15xx\inc" -O0 -fno-common -g3 -Wall -c -fmessage-length=0 -fno-builtin -ffunction-sections -fdata-sections -fno-rtti -fno-exceptions -fmerge-constants -fmacro-prefix-map="../src/"=. -mcpu=cortex-m3 -mthumb -fstack-usage -MMD -MP -MF"src/lab1.d" -MT"src/lab1.o" -MT"src/lab1.d" -o "src/lab1.o" "../src/lab1.cpp"
../src/lab1.cpp: In function 'int main()':
../src/lab1.cpp:91:23: warning: format '%lu' expects argument of type 'long unsigned int', but argument 2 has type 'int' [-Wformat=]
   91 |             printf("%lu\n", result);
      |                     ~~^     ~~~~~~
      |                       |     |
      |                       |     int
      |                       long unsigned int
      |                     %u
Finished building: ../src/lab1.cpp
 
Building target: lab1.axf
Invoking: MCU C++ Linker
arm-none-eabi-c++ -nostdlib -L"C:\studies\year3\period1\Embedded_Systems_programming\Labs\Lab1\lpc_board_nxp_lpcxpresso_1549\Debug" -L"C:\studies\year3\period1\Embedded_Systems_programming\Labs\Lab1\lpc_chip_15xx\Debug" -Xlinker -Map="lab1.map" -Xlinker --cref -Xlinker --gc-sections -Xlinker -print-memory-usage -mcpu=cortex-m3 -mthumb -T "lab1_Debug.ld" -o "lab1.axf"  ./src/cr_cpp_config.o ./src/cr_startup_lpc15xx.o ./src/crp.o ./src/lab1.o ./src/sysinit.o   -llpc_board_nxp_lpcxpresso_1549 -llpc_chip_15xx
Memory region         Used Size  Region Size  %age Used
       MFlash256:       31660 B       256 KB     12.08%
      Ram0_16_32:        2612 B        32 KB      7.97%
          Ram2_4:          0 GB         4 KB      0.00%
Finished building target: lab1.axf
 
make --no-print-directory post-build
Performing post-build steps
arm-none-eabi-size "lab1.axf"; # arm-none-eabi-objcopy -v -O binary "lab1.axf" "lab1.bin" ; # checksum -p LPC1549 -d "lab1.bin";
   text	   data	    bss	    dec	    hex	filename
  29184	   2476	    136	  31796	   7c34	lab1.axf
 
17:01:11 **** Incremental Build of configuration Debug for project lpc_board_nxp_lpcxpresso_1549 ****
make -r all 
make: Nothing to be done for 'all'.
17:01:11 **** Incremental Build of configuration Debug for project lpc_chip_15xx ****
make -r all 
make: Nothing to be done for 'all'.
17:01:11 **** Incremental Build of configuration Debug for project lab1 ****
make -r -j12 all 
Building file: ../src/lab1.cpp
Invoking: MCU C++ Compiler
arm-none-eabi-c++ -std=gnu++11 -DDEBUG -D__CODE_RED -D__NEWLIB__ -DCORE_M3 -D__USE_LPCOPEN -DCPP_USE_HEAP -D__LPC15XX__ -I"C:\studies\year3\period1\Embedded_Systems_programming\Labs\Lab1\lpc_board_nxp_lpcxpresso_1549\inc" -I"C:\studies\year3\period1\Embedded_Systems_programming\Labs\Lab1\lpc_chip_15xx\inc" -O0 -fno-common -g3 -Wall -c -fmessage-length=0 -fno-builtin -ffunction-sections -fdata-sections -fno-rtti -fno-exceptions -fmerge-constants -fmacro-prefix-map="../src/"=. -mcpu=cortex-m3 -mthumb -fstack-usage -MMD -MP -MF"src/lab1.d" -MT"src/lab1.o" -MT"src/lab1.d" -o "src/lab1.o" "../src/lab1.cpp"
Finished building: ../src/lab1.cpp
 
Building target: lab1.axf
Invoking: MCU C++ Linker
arm-none-eabi-c++ -nostdlib -L"C:\studies\year3\period1\Embedded_Systems_programming\Labs\Lab1\lpc_board_nxp_lpcxpresso_1549\Debug" -L"C:\studies\year3\period1\Embedded_Systems_programming\Labs\Lab1\lpc_chip_15xx\Debug" -Xlinker -Map="lab1.map" -Xlinker --cref -Xlinker --gc-sections -Xlinker -print-memory-usage -mcpu=cortex-m3 -mthumb -T "lab1_Debug.ld" -o "lab1.axf"  ./src/cr_cpp_config.o ./src/cr_startup_lpc15xx.o ./src/crp.o ./src/lab1.o ./src/sysinit.o   -llpc_board_nxp_lpcxpresso_1549 -llpc_chip_15xx
Memory region         Used Size  Region Size  %age Used
       MFlash256:       31660 B       256 KB     12.08%
      Ram0_16_32:        2612 B        32 KB      7.97%
          Ram2_4:          0 GB         4 KB      0.00%
Finished building target: lab1.axf
 
make --no-print-directory post-build
Performing post-build steps
arm-none-eabi-size "lab1.axf"; # arm-none-eabi-objcopy -v -O binary "lab1.axf" "lab1.bin" ; # checksum -p LPC1549 -d "lab1.bin";
   text	   data	    bss	    dec	    hex	filename
  29184	   2476	    136	  31796	   7c34	lab1.axf
 
17:15:28 **** Incremental Build of configuration Debug for project lpc_board_nxp_lpcxpresso_1549 ****
make -r all 
make: Nothing to be done for 'all'.
17:15:28 **** Incremental Build of configuration Debug for project lpc_chip_15xx ****
make -r all 
make: Nothing to be done for 'all'.
17:15:28 **** Incremental Build of configuration Debug for project lab1 ****
make -r -j12 all 
Building file: ../src/lab1.cpp
Invoking: MCU C++ Compiler
arm-none-eabi-c++ -std=gnu++11 -DDEBUG -D__CODE_RED -D__NEWLIB__ -DCORE_M3 -D__USE_LPCOPEN -DCPP_USE_HEAP -D__LPC15XX__ -I"C:\studies\year3\period1\Embedded_Systems_programming\Labs\Lab1\lpc_board_nxp_lpcxpresso_1549\inc" -I"C:\studies\year3\period1\Embedded_Systems_programming\Labs\Lab1\lpc_chip_15xx\inc" -O0 -fno-common -g3 -Wall -c -fmessage-length=0 -fno-builtin -ffunction-sections -fdata-sections -fno-rtti -fno-exceptions -fmerge-constants -fmacro-prefix-map="../src/"=. -mcpu=cortex-m3 -mthumb -fstack-usage -MMD -MP -MF"src/lab1.d" -MT"src/lab1.o" -MT"src/lab1.d" -o "src/lab1.o" "../src/lab1.cpp"
../src/lab1.cpp: In function 'int main()':
../src/lab1.cpp:91:2: error: 'sysTickRate' was not declared in this scope
   91 |  sysTickRate = Chip_Clock_GetSysTickClockRate();
      |  ^~~~~~~~~~~
make: *** [src/subdir.mk:36: src/lab1.o] Error 1
"make -r -j12 all" terminated with exit code 2. Build might be incomplete.
17:16:20 **** Incremental Build of configuration Debug for project lpc_board_nxp_lpcxpresso_1549 ****
make -r all 
make: Nothing to be done for 'all'.
17:16:20 **** Incremental Build of configuration Debug for project lpc_chip_15xx ****
make -r all 
make: Nothing to be done for 'all'.
17:16:20 **** Incremental Build of configuration Debug for project lab1 ****
make -r -j12 all 
Building file: ../src/lab1.cpp
Invoking: MCU C++ Compiler
arm-none-eabi-c++ -std=gnu++11 -DDEBUG -D__CODE_RED -D__NEWLIB__ -DCORE_M3 -D__USE_LPCOPEN -DCPP_USE_HEAP -D__LPC15XX__ -I"C:\studies\year3\period1\Embedded_Systems_programming\Labs\Lab1\lpc_board_nxp_lpcxpresso_1549\inc" -I"C:\studies\year3\period1\Embedded_Systems_programming\Labs\Lab1\lpc_chip_15xx\inc" -O0 -fno-common -g3 -Wall -c -fmessage-length=0 -fno-builtin -ffunction-sections -fdata-sections -fno-rtti -fno-exceptions -fmerge-constants -fmacro-prefix-map="../src/"=. -mcpu=cortex-m3 -mthumb -fstack-usage -MMD -MP -MF"src/lab1.d" -MT"src/lab1.o" -MT"src/lab1.d" -o "src/lab1.o" "../src/lab1.cpp"
Finished building: ../src/lab1.cpp
 
Building target: lab1.axf
Invoking: MCU C++ Linker
arm-none-eabi-c++ -nostdlib -L"C:\studies\year3\period1\Embedded_Systems_programming\Labs\Lab1\lpc_board_nxp_lpcxpresso_1549\Debug" -L"C:\studies\year3\period1\Embedded_Systems_programming\Labs\Lab1\lpc_chip_15xx\Debug" -Xlinker -Map="lab1.map" -Xlinker --cref -Xlinker --gc-sections -Xlinker -print-memory-usage -mcpu=cortex-m3 -mthumb -T "lab1_Debug.ld" -o "lab1.axf"  ./src/cr_cpp_config.o ./src/cr_startup_lpc15xx.o ./src/crp.o ./src/lab1.o ./src/sysinit.o   -llpc_board_nxp_lpcxpresso_1549 -llpc_chip_15xx
Memory region         Used Size  Region Size  %age Used
       MFlash256:        5980 B       256 KB      2.28%
      Ram0_16_32:          40 B        32 KB      0.12%
          Ram2_4:          0 GB         4 KB      0.00%
Finished building target: lab1.axf
 
make --no-print-directory post-build
Performing post-build steps
arm-none-eabi-size "lab1.axf"; # arm-none-eabi-objcopy -v -O binary "lab1.axf" "lab1.bin" ; # checksum -p LPC1549 -d "lab1.bin";
   text	   data	    bss	    dec	    hex	filename
   5980	      0	     40	   6020	   1784	lab1.axf
 
17:16:28 **** Incremental Build of configuration Debug for project lpc_board_nxp_lpcxpresso_1549 ****
make -r all 
make: Nothing to be done for 'all'.
17:16:29 **** Incremental Build of configuration Debug for project lpc_chip_15xx ****
make -r all 
make: Nothing to be done for 'all'.
17:16:29 **** Incremental Build of configuration Debug for project lab1 ****
make -r -j12 all 
make: Nothing to be done for 'all'.
17:16:29 **** Incremental Build of configuration Debug for project lab1 ****
make -r -j12 all 
make: Nothing to be done for 'all'.
17:19:52 **** Incremental Build of configuration Debug for project lpc_board_nxp_lpcxpresso_1549 ****
make -r all 
make: Nothing to be done for 'all'.
17:19:52 **** Incremental Build of configuration Debug for project lpc_chip_15xx ****
make -r all 
make: Nothing to be done for 'all'.
17:19:52 **** Incremental Build of configuration Debug for project lab1 ****
make -r -j12 all 
Building file: ../src/lab1.cpp
Invoking: MCU C++ Compiler
arm-none-eabi-c++ -std=gnu++11 -DDEBUG -D__CODE_RED -D__NEWLIB__ -DCORE_M3 -D__USE_LPCOPEN -DCPP_USE_HEAP -D__LPC15XX__ -I"C:\studies\year3\period1\Embedded_Systems_programming\Labs\Lab1\lpc_board_nxp_lpcxpresso_1549\inc" -I"C:\studies\year3\period1\Embedded_Systems_programming\Labs\Lab1\lpc_chip_15xx\inc" -O0 -fno-common -g3 -Wall -c -fmessage-length=0 -fno-builtin -ffunction-sections -fdata-sections -fno-rtti -fno-exceptions -fmerge-constants -fmacro-prefix-map="../src/"=. -mcpu=cortex-m3 -mthumb -fstack-usage -MMD -MP -MF"src/lab1.d" -MT"src/lab1.o" -MT"src/lab1.d" -o "src/lab1.o" "../src/lab1.cpp"
Finished building: ../src/lab1.cpp
 
Building target: lab1.axf
Invoking: MCU C++ Linker
arm-none-eabi-c++ -nostdlib -L"C:\studies\year3\period1\Embedded_Systems_programming\Labs\Lab1\lpc_board_nxp_lpcxpresso_1549\Debug" -L"C:\studies\year3\period1\Embedded_Systems_programming\Labs\Lab1\lpc_chip_15xx\Debug" -Xlinker -Map="lab1.map" -Xlinker --cref -Xlinker --gc-sections -Xlinker -print-memory-usage -mcpu=cortex-m3 -mthumb -T "lab1_Debug.ld" -o "lab1.axf"  ./src/cr_cpp_config.o ./src/cr_startup_lpc15xx.o ./src/crp.o ./src/lab1.o ./src/sysinit.o   -llpc_board_nxp_lpcxpresso_1549 -llpc_chip_15xx
Memory region         Used Size  Region Size  %age Used
       MFlash256:        5980 B       256 KB      2.28%
      Ram0_16_32:          40 B        32 KB      0.12%
          Ram2_4:          0 GB         4 KB      0.00%
Finished building target: lab1.axf
 
make --no-print-directory post-build
Performing post-build steps
arm-none-eabi-size "lab1.axf"; # arm-none-eabi-objcopy -v -O binary "lab1.axf" "lab1.bin" ; # checksum -p LPC1549 -d "lab1.bin";
   text	   data	    bss	    dec	    hex	filename
   5980	      0	     40	   6020	   1784	lab1.axf
 
17:19:56 **** Incremental Build of configuration Debug for project lpc_board_nxp_lpcxpresso_1549 ****
make -r all 
make: Nothing to be done for 'all'.
17:19:56 **** Incremental Build of configuration Debug for project lpc_chip_15xx ****
make -r all 
make: Nothing to be done for 'all'.
17:19:56 **** Incremental Build of configuration Debug for project lab1 ****
make -r -j12 all 
make: Nothing to be done for 'all'.
17:19:57 **** Incremental Build of configuration Debug for project lab1 ****
make -r -j12 all 
make: Nothing to be done for 'all'.
17:20:45 **** Incremental Build of configuration Debug for project lpc_board_nxp_lpcxpresso_1549 ****
make -r all 
make: Nothing to be done for 'all'.
17:20:45 **** Incremental Build of configuration Debug for project lpc_chip_15xx ****
make -r all 
make: Nothing to be done for 'all'.
17:20:45 **** Incremental Build of configuration Debug for project lab1 ****
make -r -j12 all 
make: Nothing to be done for 'all'.
17:20:46 **** Incremental Build of configuration Debug for project lab1 ****
make -r -j12 all 
make: Nothing to be done for 'all'.
17:21:22 **** Incremental Build of configuration Debug for project lpc_board_nxp_lpcxpresso_1549 ****
make -r all 
make: Nothing to be done for 'all'.
17:21:22 **** Incremental Build of configuration Debug for project lpc_chip_15xx ****
make -r all 
make: Nothing to be done for 'all'.
17:21:22 **** Incremental Build of configuration Debug for project lab1 ****
make -r -j12 all 
Building file: ../src/lab1.cpp
Invoking: MCU C++ Compiler
arm-none-eabi-c++ -std=gnu++11 -DDEBUG -D__CODE_RED -D__NEWLIB__ -DCORE_M3 -D__USE_LPCOPEN -DCPP_USE_HEAP -D__LPC15XX__ -I"C:\studies\year3\period1\Embedded_Systems_programming\Labs\Lab1\lpc_board_nxp_lpcxpresso_1549\inc" -I"C:\studies\year3\period1\Embedded_Systems_programming\Labs\Lab1\lpc_chip_15xx\inc" -O0 -fno-common -g3 -Wall -c -fmessage-length=0 -fno-builtin -ffunction-sections -fdata-sections -fno-rtti -fno-exceptions -fmerge-constants -fmacro-prefix-map="../src/"=. -mcpu=cortex-m3 -mthumb -fstack-usage -MMD -MP -MF"src/lab1.d" -MT"src/lab1.o" -MT"src/lab1.d" -o "src/lab1.o" "../src/lab1.cpp"
Finished building: ../src/lab1.cpp
 
Building target: lab1.axf
Invoking: MCU C++ Linker
arm-none-eabi-c++ -nostdlib -L"C:\studies\year3\period1\Embedded_Systems_programming\Labs\Lab1\lpc_board_nxp_lpcxpresso_1549\Debug" -L"C:\studies\year3\period1\Embedded_Systems_programming\Labs\Lab1\lpc_chip_15xx\Debug" -Xlinker -Map="lab1.map" -Xlinker --cref -Xlinker --gc-sections -Xlinker -print-memory-usage -mcpu=cortex-m3 -mthumb -T "lab1_Debug.ld" -o "lab1.axf"  ./src/cr_cpp_config.o ./src/cr_startup_lpc15xx.o ./src/crp.o ./src/lab1.o ./src/sysinit.o   -llpc_board_nxp_lpcxpresso_1549 -llpc_chip_15xx
Memory region         Used Size  Region Size  %age Used
       MFlash256:        5980 B       256 KB      2.28%
      Ram0_16_32:          40 B        32 KB      0.12%
          Ram2_4:          0 GB         4 KB      0.00%
Finished building target: lab1.axf
 
make --no-print-directory post-build
Performing post-build steps
arm-none-eabi-size "lab1.axf"; # arm-none-eabi-objcopy -v -O binary "lab1.axf" "lab1.bin" ; # checksum -p LPC1549 -d "lab1.bin";
   text	   data	    bss	    dec	    hex	filename
   5980	      0	     40	   6020	   1784	lab1.axf
 
17:21:28 **** Incremental Build of configuration Debug for project lpc_board_nxp_lpcxpresso_1549 ****
make -r all 
make: Nothing to be done for 'all'.
17:21:28 **** Incremental Build of configuration Debug for project lpc_chip_15xx ****
make -r all 
make: Nothing to be done for 'all'.
17:21:28 **** Incremental Build of configuration Debug for project lab1 ****
make -r -j12 all 
make: Nothing to be done for 'all'.
17:21:29 **** Incremental Build of configuration Debug for project lab1 ****
make -r -j12 all 
make: Nothing to be done for 'all'.
17:22:12 **** Incremental Build of configuration Debug for project lpc_board_nxp_lpcxpresso_1549 ****
make -r all 
make: Nothing to be done for 'all'.
17:22:12 **** Incremental Build of configuration Debug for project lpc_chip_15xx ****
make -r all 
make: Nothing to be done for 'all'.
17:22:12 **** Incremental Build of configuration Debug for project lab1 ****
make -r -j12 all 
Building file: ../src/lab1.cpp
Invoking: MCU C++ Compiler
arm-none-eabi-c++ -std=gnu++11 -DDEBUG -D__CODE_RED -D__NEWLIB__ -DCORE_M3 -D__USE_LPCOPEN -DCPP_USE_HEAP -D__LPC15XX__ -I"C:\studies\year3\period1\Embedded_Systems_programming\Labs\Lab1\lpc_board_nxp_lpcxpresso_1549\inc" -I"C:\studies\year3\period1\Embedded_Systems_programming\Labs\Lab1\lpc_chip_15xx\inc" -O0 -fno-common -g3 -Wall -c -fmessage-length=0 -fno-builtin -ffunction-sections -fdata-sections -fno-rtti -fno-exceptions -fmerge-constants -fmacro-prefix-map="../src/"=. -mcpu=cortex-m3 -mthumb -fstack-usage -MMD -MP -MF"src/lab1.d" -MT"src/lab1.o" -MT"src/lab1.d" -o "src/lab1.o" "../src/lab1.cpp"
Finished building: ../src/lab1.cpp
 
Building target: lab1.axf
Invoking: MCU C++ Linker
arm-none-eabi-c++ -nostdlib -L"C:\studies\year3\period1\Embedded_Systems_programming\Labs\Lab1\lpc_board_nxp_lpcxpresso_1549\Debug" -L"C:\studies\year3\period1\Embedded_Systems_programming\Labs\Lab1\lpc_chip_15xx\Debug" -Xlinker -Map="lab1.map" -Xlinker --cref -Xlinker --gc-sections -Xlinker -print-memory-usage -mcpu=cortex-m3 -mthumb -T "lab1_Debug.ld" -o "lab1.axf"  ./src/cr_cpp_config.o ./src/cr_startup_lpc15xx.o ./src/crp.o ./src/lab1.o ./src/sysinit.o   -llpc_board_nxp_lpcxpresso_1549 -llpc_chip_15xx
Memory region         Used Size  Region Size  %age Used
       MFlash256:        5980 B       256 KB      2.28%
      Ram0_16_32:          40 B        32 KB      0.12%
          Ram2_4:          0 GB         4 KB      0.00%
Finished building target: lab1.axf
 
make --no-print-directory post-build
Performing post-build steps
arm-none-eabi-size "lab1.axf"; # arm-none-eabi-objcopy -v -O binary "lab1.axf" "lab1.bin" ; # checksum -p LPC1549 -d "lab1.bin";
   text	   data	    bss	    dec	    hex	filename
   5980	      0	     40	   6020	   1784	lab1.axf
 
17:22:17 **** Incremental Build of configuration Debug for project lpc_board_nxp_lpcxpresso_1549 ****
make -r all 
make: Nothing to be done for 'all'.
17:22:17 **** Incremental Build of configuration Debug for project lpc_chip_15xx ****
make -r all 
make: Nothing to be done for 'all'.
17:22:18 **** Incremental Build of configuration Debug for project lab1 ****
make -r -j12 all 
make: Nothing to be done for 'all'.
17:22:18 **** Incremental Build of configuration Debug for project lab1 ****
make -r -j12 all 
make: Nothing to be done for 'all'.
17:22:56 **** Incremental Build of configuration Debug for project lpc_board_nxp_lpcxpresso_1549 ****
make -r all 
make: Nothing to be done for 'all'.
17:22:56 **** Incremental Build of configuration Debug for project lpc_chip_15xx ****
make -r all 
make: Nothing to be done for 'all'.
17:22:56 **** Incremental Build of configuration Debug for project lab1 ****
make -r -j12 all 
Building file: ../src/lab1.cpp
Invoking: MCU C++ Compiler
arm-none-eabi-c++ -std=gnu++11 -DDEBUG -D__CODE_RED -D__NEWLIB__ -DCORE_M3 -D__USE_LPCOPEN -DCPP_USE_HEAP -D__LPC15XX__ -I"C:\studies\year3\period1\Embedded_Systems_programming\Labs\Lab1\lpc_board_nxp_lpcxpresso_1549\inc" -I"C:\studies\year3\period1\Embedded_Systems_programming\Labs\Lab1\lpc_chip_15xx\inc" -O0 -fno-common -g3 -Wall -c -fmessage-length=0 -fno-builtin -ffunction-sections -fdata-sections -fno-rtti -fno-exceptions -fmerge-constants -fmacro-prefix-map="../src/"=. -mcpu=cortex-m3 -mthumb -fstack-usage -MMD -MP -MF"src/lab1.d" -MT"src/lab1.o" -MT"src/lab1.d" -o "src/lab1.o" "../src/lab1.cpp"
Finished building: ../src/lab1.cpp
 
Building target: lab1.axf
Invoking: MCU C++ Linker
arm-none-eabi-c++ -nostdlib -L"C:\studies\year3\period1\Embedded_Systems_programming\Labs\Lab1\lpc_board_nxp_lpcxpresso_1549\Debug" -L"C:\studies\year3\period1\Embedded_Systems_programming\Labs\Lab1\lpc_chip_15xx\Debug" -Xlinker -Map="lab1.map" -Xlinker --cref -Xlinker --gc-sections -Xlinker -print-memory-usage -mcpu=cortex-m3 -mthumb -T "lab1_Debug.ld" -o "lab1.axf"  ./src/cr_cpp_config.o ./src/cr_startup_lpc15xx.o ./src/crp.o ./src/lab1.o ./src/sysinit.o   -llpc_board_nxp_lpcxpresso_1549 -llpc_chip_15xx
Memory region         Used Size  Region Size  %age Used
       MFlash256:        5980 B       256 KB      2.28%
      Ram0_16_32:          40 B        32 KB      0.12%
          Ram2_4:          0 GB         4 KB      0.00%
Finished building target: lab1.axf
 
make --no-print-directory post-build
Performing post-build steps
arm-none-eabi-size "lab1.axf"; # arm-none-eabi-objcopy -v -O binary "lab1.axf" "lab1.bin" ; # checksum -p LPC1549 -d "lab1.bin";
   text	   data	    bss	    dec	    hex	filename
   5980	      0	     40	   6020	   1784	lab1.axf
 
17:23:30 **** Incremental Build of configuration Debug for project lpc_board_nxp_lpcxpresso_1549 ****
make -r all 
make: Nothing to be done for 'all'.
17:23:30 **** Incremental Build of configuration Debug for project lpc_chip_15xx ****
make -r all 
make: Nothing to be done for 'all'.
17:23:30 **** Incremental Build of configuration Debug for project lab1 ****
make -r -j12 all 
make: Nothing to be done for 'all'.
17:23:31 **** Incremental Build of configuration Debug for project lab1 ****
make -r -j12 all 
make: Nothing to be done for 'all'.
17:24:09 **** Incremental Build of configuration Debug for project lpc_board_nxp_lpcxpresso_1549 ****
make -r all 
make: Nothing to be done for 'all'.
17:24:09 **** Incremental Build of configuration Debug for project lpc_chip_15xx ****
make -r all 
make: Nothing to be done for 'all'.
17:24:09 **** Incremental Build of configuration Debug for project lab1 ****
make -r -j12 all 
Building file: ../src/lab1.cpp
Invoking: MCU C++ Compiler
arm-none-eabi-c++ -std=gnu++11 -DDEBUG -D__CODE_RED -D__NEWLIB__ -DCORE_M3 -D__USE_LPCOPEN -DCPP_USE_HEAP -D__LPC15XX__ -I"C:\studies\year3\period1\Embedded_Systems_programming\Labs\Lab1\lpc_board_nxp_lpcxpresso_1549\inc" -I"C:\studies\year3\period1\Embedded_Systems_programming\Labs\Lab1\lpc_chip_15xx\inc" -O0 -fno-common -g3 -Wall -c -fmessage-length=0 -fno-builtin -ffunction-sections -fdata-sections -fno-rtti -fno-exceptions -fmerge-constants -fmacro-prefix-map="../src/"=. -mcpu=cortex-m3 -mthumb -fstack-usage -MMD -MP -MF"src/lab1.d" -MT"src/lab1.o" -MT"src/lab1.d" -o "src/lab1.o" "../src/lab1.cpp"
Finished building: ../src/lab1.cpp
 
Building target: lab1.axf
Invoking: MCU C++ Linker
arm-none-eabi-c++ -nostdlib -L"C:\studies\year3\period1\Embedded_Systems_programming\Labs\Lab1\lpc_board_nxp_lpcxpresso_1549\Debug" -L"C:\studies\year3\period1\Embedded_Systems_programming\Labs\Lab1\lpc_chip_15xx\Debug" -Xlinker -Map="lab1.map" -Xlinker --cref -Xlinker --gc-sections -Xlinker -print-memory-usage -mcpu=cortex-m3 -mthumb -T "lab1_Debug.ld" -o "lab1.axf"  ./src/cr_cpp_config.o ./src/cr_startup_lpc15xx.o ./src/crp.o ./src/lab1.o ./src/sysinit.o   -llpc_board_nxp_lpcxpresso_1549 -llpc_chip_15xx
Memory region         Used Size  Region Size  %age Used
       MFlash256:        5980 B       256 KB      2.28%
      Ram0_16_32:          40 B        32 KB      0.12%
          Ram2_4:          0 GB         4 KB      0.00%
Finished building target: lab1.axf
 
make --no-print-directory post-build
Performing post-build steps
arm-none-eabi-size "lab1.axf"; # arm-none-eabi-objcopy -v -O binary "lab1.axf" "lab1.bin" ; # checksum -p LPC1549 -d "lab1.bin";
   text	   data	    bss	    dec	    hex	filename
   5980	      0	     40	   6020	   1784	lab1.axf
 
17:24:13 **** Incremental Build of configuration Debug for project lpc_board_nxp_lpcxpresso_1549 ****
make -r all 
make: Nothing to be done for 'all'.
17:24:13 **** Incremental Build of configuration Debug for project lpc_chip_15xx ****
make -r all 
make: Nothing to be done for 'all'.
17:24:13 **** Incremental Build of configuration Debug for project lab1 ****
make -r -j12 all 
make: Nothing to be done for 'all'.
17:24:14 **** Incremental Build of configuration Debug for project lab1 ****
make -r -j12 all 
make: Nothing to be done for 'all'.
17:24:55 **** Incremental Build of configuration Debug for project lpc_board_nxp_lpcxpresso_1549 ****
make -r all 
make: Nothing to be done for 'all'.
17:24:55 **** Incremental Build of configuration Debug for project lpc_chip_15xx ****
make -r all 
make: Nothing to be done for 'all'.
17:24:55 **** Incremental Build of configuration Debug for project lab1 ****
make -r -j12 all 
make: Nothing to be done for 'all'.
17:24:56 **** Incremental Build of configuration Debug for project lab1 ****
make -r -j12 all 
make: Nothing to be done for 'all'.
17:25:45 **** Incremental Build of configuration Debug for project lpc_board_nxp_lpcxpresso_1549 ****
make -r all 
make: Nothing to be done for 'all'.
17:25:45 **** Incremental Build of configuration Debug for project lpc_chip_15xx ****
make -r all 
make: Nothing to be done for 'all'.
17:25:45 **** Incremental Build of configuration Debug for project lab1 ****
make -r -j12 all 
make: Nothing to be done for 'all'.
17:25:45 **** Incremental Build of configuration Debug for project lab1 ****
make -r -j12 all 
make: Nothing to be done for 'all'.
17:30:16 **** Incremental Build of configuration Debug for project lpc_board_nxp_lpcxpresso_1549 ****
make -r all 
make: Nothing to be done for 'all'.
17:30:16 **** Incremental Build of configuration Debug for project lpc_chip_15xx ****
make -r all 
make: Nothing to be done for 'all'.
17:30:17 **** Incremental Build of configuration Debug for project lab1 ****
make -r -j12 all 
Building file: ../src/lab1.cpp
Invoking: MCU C++ Compiler
arm-none-eabi-c++ -std=gnu++11 -DDEBUG -D__CODE_RED -D__NEWLIB__ -DCORE_M3 -D__USE_LPCOPEN -DCPP_USE_HEAP -D__LPC15XX__ -I"C:\studies\year3\period1\Embedded_Systems_programming\Labs\Lab1\lpc_board_nxp_lpcxpresso_1549\inc" -I"C:\studies\year3\period1\Embedded_Systems_programming\Labs\Lab1\lpc_chip_15xx\inc" -O0 -fno-common -g3 -Wall -c -fmessage-length=0 -fno-builtin -ffunction-sections -fdata-sections -fno-rtti -fno-exceptions -fmerge-constants -fmacro-prefix-map="../src/"=. -mcpu=cortex-m3 -mthumb -fstack-usage -MMD -MP -MF"src/lab1.d" -MT"src/lab1.o" -MT"src/lab1.d" -o "src/lab1.o" "../src/lab1.cpp"
Finished building: ../src/lab1.cpp
 
Building target: lab1.axf
Invoking: MCU C++ Linker
arm-none-eabi-c++ -nostdlib -L"C:\studies\year3\period1\Embedded_Systems_programming\Labs\Lab1\lpc_board_nxp_lpcxpresso_1549\Debug" -L"C:\studies\year3\period1\Embedded_Systems_programming\Labs\Lab1\lpc_chip_15xx\Debug" -Xlinker -Map="lab1.map" -Xlinker --cref -Xlinker --gc-sections -Xlinker -print-memory-usage -mcpu=cortex-m3 -mthumb -T "lab1_Debug.ld" -o "lab1.axf"  ./src/cr_cpp_config.o ./src/cr_startup_lpc15xx.o ./src/crp.o ./src/lab1.o ./src/sysinit.o   -llpc_board_nxp_lpcxpresso_1549 -llpc_chip_15xx
Memory region         Used Size  Region Size  %age Used
       MFlash256:        5984 B       256 KB      2.28%
      Ram0_16_32:          40 B        32 KB      0.12%
          Ram2_4:          0 GB         4 KB      0.00%
Finished building target: lab1.axf
 
make --no-print-directory post-build
Performing post-build steps
arm-none-eabi-size "lab1.axf"; # arm-none-eabi-objcopy -v -O binary "lab1.axf" "lab1.bin" ; # checksum -p LPC1549 -d "lab1.bin";
   text	   data	    bss	    dec	    hex	filename
   5984	      0	     40	   6024	   1788	lab1.axf
 
17:30:21 **** Incremental Build of configuration Debug for project lpc_board_nxp_lpcxpresso_1549 ****
make -r all 
make: Nothing to be done for 'all'.
17:30:21 **** Incremental Build of configuration Debug for project lpc_chip_15xx ****
make -r all 
make: Nothing to be done for 'all'.
17:30:22 **** Incremental Build of configuration Debug for project lab1 ****
make -r -j12 all 
make: Nothing to be done for 'all'.
17:30:22 **** Incremental Build of configuration Debug for project lab1 ****
make -r -j12 all 
make: Nothing to be done for 'all'.
17:31:12 **** Incremental Build of configuration Debug for project lpc_board_nxp_lpcxpresso_1549 ****
make -r all 
make: Nothing to be done for 'all'.
17:31:12 **** Incremental Build of configuration Debug for project lpc_chip_15xx ****
make -r all 
make: Nothing to be done for 'all'.
17:31:12 **** Incremental Build of configuration Debug for project lab1 ****
make -r -j12 all 
make: Nothing to be done for 'all'.
17:31:13 **** Incremental Build of configuration Debug for project lab1 ****
make -r -j12 all 
make: Nothing to be done for 'all'.
17:31:30 **** Incremental Build of configuration Debug for project lpc_board_nxp_lpcxpresso_1549 ****
make -r all 
make: Nothing to be done for 'all'.
17:31:30 **** Incremental Build of configuration Debug for project lpc_chip_15xx ****
make -r all 
make: Nothing to be done for 'all'.
17:31:30 **** Incremental Build of configuration Debug for project lab1 ****
make -r -j12 all 
make: Nothing to be done for 'all'.
17:31:31 **** Incremental Build of configuration Debug for project lab1 ****
make -r -j12 all 
make: Nothing to be done for 'all'.
17:31:57 **** Incremental Build of configuration Debug for project lpc_board_nxp_lpcxpresso_1549 ****
make -r all 
make: Nothing to be done for 'all'.
17:31:57 **** Incremental Build of configuration Debug for project lpc_chip_15xx ****
make -r all 
make: Nothing to be done for 'all'.
17:31:57 **** Incremental Build of configuration Debug for project lab1 ****
make -r -j12 all 
make: Nothing to be done for 'all'.
17:31:58 **** Incremental Build of configuration Debug for project lab1 ****
make -r -j12 all 
make: Nothing to be done for 'all'.
17:58:36 **** Incremental Build of configuration Debug for project lpc_board_nxp_lpcxpresso_1549 ****
make -r all 
make: Nothing to be done for 'all'.
17:58:36 **** Incremental Build of configuration Debug for project lpc_chip_15xx ****
make -r all 
make: Nothing to be done for 'all'.
17:58:36 **** Build of configuration Debug for project lab1ex2 ****
make -r -j12 all 
Building file: ../src/cr_cpp_config.cpp
Building file: ../src/cr_startup_lpc15xx.cpp
Building file: ../src/crp.c
Building file: ../src/lab1ex2.cpp
Building file: ../src/sysinit.c
Invoking: MCU C++ Compiler
arm-none-eabi-c++ -std=c++11 -DDEBUG -D__CODE_RED -D__NEWLIB__ -DCORE_M3 -D__USE_LPCOPEN -DCPP_USE_HEAP -D__LPC15XX__ -I"C:\studies\year3\period1\Embedded_Systems_programming\Labs\Lab1\lpc_board_nxp_lpcxpresso_1549\inc" -I"C:\studies\year3\period1\Embedded_Systems_programming\Labs\Lab1\lpc_chip_15xx\inc" -O0 -fno-common -g3 -Wall -c -fmessage-length=0 -fno-builtin -ffunction-sections -fdata-sections -fno-rtti -fno-exceptions -fmerge-constants -fmacro-prefix-map="../src/"=. -mcpu=cortex-m3 -mthumb -fstack-usage -MMD -MP -MF"src/cr_cpp_config.d" -MT"src/cr_cpp_config.o" -MT"src/cr_cpp_config.d" -o "src/cr_cpp_config.o" "../src/cr_cpp_config.cpp"
Invoking: MCU C++ Compiler
Invoking: MCU C Compiler
arm-none-eabi-c++ -std=c++11 -DDEBUG -D__CODE_RED -D__NEWLIB__ -DCORE_M3 -D__USE_LPCOPEN -DCPP_USE_HEAP -D__LPC15XX__ -I"C:\studies\year3\period1\Embedded_Systems_programming\Labs\Lab1\lpc_board_nxp_lpcxpresso_1549\inc" -I"C:\studies\year3\period1\Embedded_Systems_programming\Labs\Lab1\lpc_chip_15xx\inc" -O0 -fno-common -g3 -Wall -c -fmessage-length=0 -fno-builtin -ffunction-sections -fdata-sections -fno-rtti -fno-exceptions -fmerge-constants -fmacro-prefix-map="../src/"=. -mcpu=cortex-m3 -mthumb -fstack-usage -MMD -MP -MF"src/cr_startup_lpc15xx.d" -MT"src/cr_startup_lpc15xx.o" -MT"src/cr_startup_lpc15xx.d" -o "src/cr_startup_lpc15xx.o" "../src/cr_startup_lpc15xx.cpp"
Invoking: MCU C++ Compiler
Invoking: MCU C Compiler
arm-none-eabi-gcc -std=c11 -DDEBUG -D__CODE_RED -D__NEWLIB__ -DCORE_M3 -D__USE_LPCOPEN -DCPP_USE_HEAP -D__LPC15XX__ -I"C:\studies\year3\period1\Embedded_Systems_programming\Labs\Lab1\lpc_board_nxp_lpcxpresso_1549\inc" -I"C:\studies\year3\period1\Embedded_Systems_programming\Labs\Lab1\lpc_chip_15xx\inc" -O0 -fno-common -g3 -Wall -c -fmessage-length=0 -fno-builtin -ffunction-sections -fdata-sections -fmerge-constants -fmacro-prefix-map="../src/"=. -mcpu=cortex-m3 -mthumb -fstack-usage -MMD -MP -MF"src/crp.d" -MT"src/crp.o" -MT"src/crp.d" -o "src/crp.o" "../src/crp.c"
arm-none-eabi-c++ -std=c++11 -DDEBUG -D__CODE_RED -D__NEWLIB__ -DCORE_M3 -D__USE_LPCOPEN -DCPP_USE_HEAP -D__LPC15XX__ -I"C:\studies\year3\period1\Embedded_Systems_programming\Labs\Lab1\lpc_board_nxp_lpcxpresso_1549\inc" -I"C:\studies\year3\period1\Embedded_Systems_programming\Labs\Lab1\lpc_chip_15xx\inc" -O0 -fno-common -g3 -Wall -c -fmessage-length=0 -fno-builtin -ffunction-sections -fdata-sections -fno-rtti -fno-exceptions -fmerge-constants -fmacro-prefix-map="../src/"=. -mcpu=cortex-m3 -mthumb -fstack-usage -MMD -MP -MF"src/lab1ex2.d" -MT"src/lab1ex2.o" -MT"src/lab1ex2.d" -o "src/lab1ex2.o" "../src/lab1ex2.cpp"
arm-none-eabi-gcc -std=c11 -DDEBUG -D__CODE_RED -D__NEWLIB__ -DCORE_M3 -D__USE_LPCOPEN -DCPP_USE_HEAP -D__LPC15XX__ -I"C:\studies\year3\period1\Embedded_Systems_programming\Labs\Lab1\lpc_board_nxp_lpcxpresso_1549\inc" -I"C:\studies\year3\period1\Embedded_Systems_programming\Labs\Lab1\lpc_chip_15xx\inc" -O0 -fno-common -g3 -Wall -c -fmessage-length=0 -fno-builtin -ffunction-sections -fdata-sections -fmerge-constants -fmacro-prefix-map="../src/"=. -mcpu=cortex-m3 -mthumb -fstack-usage -MMD -MP -MF"src/sysinit.d" -MT"src/sysinit.o" -MT"src/sysinit.d" -o "src/sysinit.o" "../src/sysinit.c"
Finished building: ../src/cr_startup_lpc15xx.cpp
Finished building: ../src/cr_cpp_config.cpp
 
Finished building: ../src/crp.c
 
 
Finished building: ../src/lab1ex2.cpp
 
Finished building: ../src/sysinit.c
 
Building target: lab1ex2.axf
Invoking: MCU C++ Linker
arm-none-eabi-c++ -nostdlib -L"C:\studies\year3\period1\Embedded_Systems_programming\Labs\Lab1\lpc_board_nxp_lpcxpresso_1549\Debug" -L"C:\studies\year3\period1\Embedded_Systems_programming\Labs\Lab1\lpc_chip_15xx\Debug" -Xlinker -Map="lab1ex2.map" -Xlinker --cref -Xlinker --gc-sections -Xlinker -print-memory-usage -mcpu=cortex-m3 -mthumb -T "lab1ex2_Debug.ld" -o "lab1ex2.axf"  ./src/cr_cpp_config.o ./src/cr_startup_lpc15xx.o ./src/crp.o ./src/lab1ex2.o ./src/sysinit.o   -llpc_board_nxp_lpcxpresso_1549 -llpc_chip_15xx
Memory region         Used Size  Region Size  %age Used
       MFlash256:        5036 B       256 KB      1.92%
      Ram0_16_32:          36 B        32 KB      0.11%
          Ram2_4:          0 GB         4 KB      0.00%
Finished building target: lab1ex2.axf
 
make --no-print-directory post-build
Performing post-build steps
arm-none-eabi-size "lab1ex2.axf"; # arm-none-eabi-objcopy -v -O binary "lab1ex2.axf" "lab1ex2.bin" ; # checksum -p LPC1549 -d "lab1ex2.bin";
   text	   data	    bss	    dec	    hex	filename
   5036	      0	     36	   5072	   13d0	lab1ex2.axf
 
17:58:58 **** Incremental Build of configuration Debug for project lpc_board_nxp_lpcxpresso_1549 ****
make -r all 
make: Nothing to be done for 'all'.
17:58:58 **** Incremental Build of configuration Debug for project lpc_chip_15xx ****
make -r all 
make: Nothing to be done for 'all'.
17:58:58 **** Incremental Build of configuration Debug for project lab1ex2 ****
make -r -j12 all 
make: Nothing to be done for 'all'.
17:58:59 **** Incremental Build of configuration Debug for project lab1ex2 ****
make -r -j12 all 
make: Nothing to be done for 'all'.
17:59:21 **** Incremental Build of configuration Debug for project lpc_board_nxp_lpcxpresso_1549 ****
make -r all 
make: Nothing to be done for 'all'.
17:59:22 **** Incremental Build of configuration Debug for project lpc_chip_15xx ****
make -r all 
make: Nothing to be done for 'all'.
17:59:22 **** Incremental Build of configuration Debug for project lab1ex2 ****
make -r -j12 all 
make: Nothing to be done for 'all'.
17:59:22 **** Incremental Build of configuration Debug for project lab1ex2 ****
make -r -j12 all 
make: Nothing to be done for 'all'.
18:00:23 **** Incremental Build of configuration Debug for project lpc_board_nxp_lpcxpresso_1549 ****
make -r all 
make: Nothing to be done for 'all'.
18:00:23 **** Incremental Build of configuration Debug for project lpc_chip_15xx ****
make -r all 
make: Nothing to be done for 'all'.
18:00:23 **** Incremental Build of configuration Debug for project lab1ex2 ****
make -r -j12 all 
make: Nothing to be done for 'all'.
18:00:24 **** Incremental Build of configuration Debug for project lab1ex2 ****
make -r -j12 all 
make: Nothing to be done for 'all'.
18:00:56 **** Incremental Build of configuration Debug for project lpc_board_nxp_lpcxpresso_1549 ****
make -r all 
make: Nothing to be done for 'all'.
18:00:56 **** Incremental Build of configuration Debug for project lpc_chip_15xx ****
make -r all 
make: Nothing to be done for 'all'.
18:00:56 **** Incremental Build of configuration Debug for project lab1ex2 ****
make -r -j12 all 
make: Nothing to be done for 'all'.
18:00:57 **** Incremental Build of configuration Debug for project lab1ex2 ****
make -r -j12 all 
make: Nothing to be done for 'all'.
18:01:41 **** Incremental Build of configuration Debug for project lpc_board_nxp_lpcxpresso_1549 ****
make -r all 
make: Nothing to be done for 'all'.
18:01:41 **** Incremental Build of configuration Debug for project lpc_chip_15xx ****
make -r all 
make: Nothing to be done for 'all'.
18:01:41 **** Incremental Build of configuration Debug for project lab1ex2 ****
make -r -j12 all 
make: Nothing to be done for 'all'.
18:01:48 **** Incremental Build of configuration Debug for project lpc_board_nxp_lpcxpresso_1549 ****
make -r all 
make: Nothing to be done for 'all'.
18:01:48 **** Incremental Build of configuration Debug for project lpc_chip_15xx ****
make -r all 
make: Nothing to be done for 'all'.
18:01:48 **** Incremental Build of configuration Debug for project lab1ex2 ****
make -r -j12 all 
make: Nothing to be done for 'all'.
18:01:49 **** Incremental Build of configuration Debug for project lab1ex2 ****
make -r -j12 all 
make: Nothing to be done for 'all'.
18:03:00 **** Incremental Build of configuration Debug for project lpc_board_nxp_lpcxpresso_1549 ****
make -r all 
Building file: ../src/board.c
Invoking: MCU C Compiler
arm-none-eabi-gcc -D__REDLIB__ -DDEBUG -D__CODE_RED -D__USE_LPCOPEN -DCORE_M3 -I"C:\studies\year3\period1\Embedded_Systems_programming\Labs\Lab1\lpc_chip_15xx\inc" -I"C:\studies\year3\period1\Embedded_Systems_programming\Labs\Lab1\lpc_board_nxp_lpcxpresso_1549\inc" -O0 -g3 -Wall -c -fmessage-length=0 -fno-builtin -ffunction-sections -fdata-sections -fmerge-constants -fmacro-prefix-map="../src/"=. -mcpu=cortex-m3 -mthumb -fstack-usage -specs=redlib.specs -MMD -MP -MF"src/board.d" -MT"src/board.o" -MT"src/board.d" -o "src/board.o" "../src/board.c"
Finished building: ../src/board.c
 
Building file: ../src/board_sysinit.c
Invoking: MCU C Compiler
arm-none-eabi-gcc -D__REDLIB__ -DDEBUG -D__CODE_RED -D__USE_LPCOPEN -DCORE_M3 -I"C:\studies\year3\period1\Embedded_Systems_programming\Labs\Lab1\lpc_chip_15xx\inc" -I"C:\studies\year3\period1\Embedded_Systems_programming\Labs\Lab1\lpc_board_nxp_lpcxpresso_1549\inc" -O0 -g3 -Wall -c -fmessage-length=0 -fno-builtin -ffunction-sections -fdata-sections -fmerge-constants -fmacro-prefix-map="../src/"=. -mcpu=cortex-m3 -mthumb -fstack-usage -specs=redlib.specs -MMD -MP -MF"src/board_sysinit.d" -MT"src/board_sysinit.o" -MT"src/board_sysinit.d" -o "src/board_sysinit.o" "../src/board_sysinit.c"
Finished building: ../src/board_sysinit.c
 
Building target: liblpc_board_nxp_lpcxpresso_1549.a
Invoking: MCU Archiver
arm-none-eabi-ar -r  "liblpc_board_nxp_lpcxpresso_1549.a"  ./src/board.o ./src/board_sysinit.o   
arm-none-eabi-ar: creating liblpc_board_nxp_lpcxpresso_1549.a
Finished building target: liblpc_board_nxp_lpcxpresso_1549.a
 
make --no-print-directory post-build
Performing post-build steps
arm-none-eabi-size "liblpc_board_nxp_lpcxpresso_1549.a" ; # arm-none-eabi-objdump -h -S "liblpc_board_nxp_lpcxpresso_1549.a" >"liblpc_board_nxp_lpcxpresso_1549.lss"
   text	   data	    bss	    dec	    hex	filename
   1313	      0	      0	   1313	    521	board.o (ex liblpc_board_nxp_lpcxpresso_1549.a)
    574	      0	      0	    574	    23e	board_sysinit.o (ex liblpc_board_nxp_lpcxpresso_1549.a)
 
18:03:00 **** Incremental Build of configuration Debug for project lpc_chip_15xx ****
make -r all 
make: Nothing to be done for 'all'.
18:03:00 **** Incremental Build of configuration Debug for project lab1ex2 ****
make -r -j12 all 
Building target: lab1ex2.axf
Invoking: MCU C++ Linker
arm-none-eabi-c++ -nostdlib -L"C:\studies\year3\period1\Embedded_Systems_programming\Labs\Lab1\lpc_board_nxp_lpcxpresso_1549\Debug" -L"C:\studies\year3\period1\Embedded_Systems_programming\Labs\Lab1\lpc_chip_15xx\Debug" -Xlinker -Map="lab1ex2.map" -Xlinker --cref -Xlinker --gc-sections -Xlinker -print-memory-usage -mcpu=cortex-m3 -mthumb -T "lab1ex2_Debug.ld" -o "lab1ex2.axf"  ./src/cr_cpp_config.o ./src/cr_startup_lpc15xx.o ./src/crp.o ./src/lab1ex2.o ./src/sysinit.o   -llpc_board_nxp_lpcxpresso_1549 -llpc_chip_15xx
Memory region         Used Size  Region Size  %age Used
       MFlash256:        5036 B       256 KB      1.92%
      Ram0_16_32:          36 B        32 KB      0.11%
          Ram2_4:          0 GB         4 KB      0.00%
Finished building target: lab1ex2.axf
 
make --no-print-directory post-build
Performing post-build steps
arm-none-eabi-size "lab1ex2.axf"; # arm-none-eabi-objcopy -v -O binary "lab1ex2.axf" "lab1ex2.bin" ; # checksum -p LPC1549 -d "lab1ex2.bin";
   text	   data	    bss	    dec	    hex	filename
   5036	      0	     36	   5072	   13d0	lab1ex2.axf
 
18:03:01 **** Incremental Build of configuration Debug for project lab1ex2 ****
make -r -j12 all 
make: Nothing to be done for 'all'.
18:03:58 **** Incremental Build of configuration Debug for project lpc_board_nxp_lpcxpresso_1549 ****
make -r all 
make: Nothing to be done for 'all'.
18:03:58 **** Incremental Build of configuration Debug for project lpc_chip_15xx ****
make -r all 
make: Nothing to be done for 'all'.
18:03:58 **** Incremental Build of configuration Debug for project lab1ex2 ****
make -r -j12 all 
make: Nothing to be done for 'all'.
18:03:59 **** Incremental Build of configuration Debug for project lab1ex2 ****
make -r -j12 all 
make: Nothing to be done for 'all'.
19:13:11 **** Incremental Build of configuration Debug for project lpc_board_nxp_lpcxpresso_1549 ****
make -r all 
make: Nothing to be done for 'all'.
19:13:11 **** Incremental Build of configuration Debug for project lpc_chip_15xx ****
make -r all 
make: Nothing to be done for 'all'.
19:13:11 **** Incremental Build of configuration Debug for project lab1ex2 ****
make -r -j12 all 
Building file: ../src/DigitalIoPin.cpp
Building file: ../src/lab1ex2.cpp
Invoking: MCU C++ Compiler
arm-none-eabi-c++ -DDEBUG -D__CODE_RED -D__NEWLIB__ -DCORE_M3 -D__USE_LPCOPEN -DCPP_USE_HEAP -D__LPC15XX__ -I"C:\studies\year3\period1\Embedded_Systems_programming\Labs\Lab1\lpc_board_nxp_lpcxpresso_1549\inc" -I"C:\studies\year3\period1\Embedded_Systems_programming\Labs\Lab1\lpc_chip_15xx\inc" -O0 -fno-common -g3 -Wall -c -fmessage-length=0 -fno-builtin -ffunction-sections -fdata-sections -fno-rtti -fno-exceptions -fmerge-constants -fmacro-prefix-map="../src/"=. -mcpu=cortex-m3 -mthumb -fstack-usage -MMD -MP -MF"src/DigitalIoPin.d" -MT"src/DigitalIoPin.o" -MT"src/DigitalIoPin.d" -o "src/DigitalIoPin.o" "../src/DigitalIoPin.cpp"
Invoking: MCU C++ Compiler
arm-none-eabi-c++ -DDEBUG -D__CODE_RED -D__NEWLIB__ -DCORE_M3 -D__USE_LPCOPEN -DCPP_USE_HEAP -D__LPC15XX__ -I"C:\studies\year3\period1\Embedded_Systems_programming\Labs\Lab1\lpc_board_nxp_lpcxpresso_1549\inc" -I"C:\studies\year3\period1\Embedded_Systems_programming\Labs\Lab1\lpc_chip_15xx\inc" -O0 -fno-common -g3 -Wall -c -fmessage-length=0 -fno-builtin -ffunction-sections -fdata-sections -fno-rtti -fno-exceptions -fmerge-constants -fmacro-prefix-map="../src/"=. -mcpu=cortex-m3 -mthumb -fstack-usage -MMD -MP -MF"src/lab1ex2.d" -MT"src/lab1ex2.o" -MT"src/lab1ex2.d" -o "src/lab1ex2.o" "../src/lab1ex2.cpp"
../src/DigitalIoPin.cpp:10:1: error: default argument given for parameter 3 of 'DigitalIoPin::DigitalIoPin(int, int, bool, bool, bool)' [-fpermissive]
   10 | DigitalIoPin::DigitalIoPin(int port, int pin, bool input = true, bool pullup = true, bool invert = false) : port(port), pin(pin), input(input) {
      | ^~~~~~~~~~~~
In file included from ../src/DigitalIoPin.cpp:8:
../src/DigitalIoPin.h:16:2: note: previous specification in 'DigitalIoPin::DigitalIoPin(int, int, bool, bool, bool)' here
   16 |  DigitalIoPin(int port, int pin, bool input = true, bool pullup = true, bool invert = false);
      |  ^~~~~~~~~~~~
../src/DigitalIoPin.cpp:10:1: error: default argument given for parameter 4 of 'DigitalIoPin::DigitalIoPin(int, int, bool, bool, bool)' [-fpermissive]
   10 | DigitalIoPin::DigitalIoPin(int port, int pin, bool input = true, bool pullup = true, bool invert = false) : port(port), pin(pin), input(input) {
      | ^~~~~~~~~~~~
In file included from ../src/DigitalIoPin.cpp:8:
../src/DigitalIoPin.h:16:2: note: previous specification in 'DigitalIoPin::DigitalIoPin(int, int, bool, bool, bool)' here
   16 |  DigitalIoPin(int port, int pin, bool input = true, bool pullup = true, bool invert = false);
      |  ^~~~~~~~~~~~
../src/DigitalIoPin.cpp:10:1: error: default argument given for parameter 5 of 'DigitalIoPin::DigitalIoPin(int, int, bool, bool, bool)' [-fpermissive]
   10 | DigitalIoPin::DigitalIoPin(int port, int pin, bool input = true, bool pullup = true, bool invert = false) : port(port), pin(pin), input(input) {
      | ^~~~~~~~~~~~
In file included from ../src/DigitalIoPin.cpp:8:
../src/DigitalIoPin.h:16:2: note: previous specification in 'DigitalIoPin::DigitalIoPin(int, int, bool, bool, bool)' here
   16 |  DigitalIoPin(int port, int pin, bool input = true, bool pullup = true, bool invert = false);
      |  ^~~~~~~~~~~~
make: *** [src/subdir.mk:39: src/DigitalIoPin.o] Error 1
make: *** Waiting for unfinished jobs....
../src/lab1ex2.cpp: In function 'int main()':
../src/lab1ex2.cpp:70:5: error: 'DigitalIoPin::__ct ' names the constructor, not the type
   70 |     DigitalIoPin::DigitalIoPin sw1(0, 17 ,true ,true, false);
      |     ^~~~~~~~~~~~
../src/lab1ex2.cpp:70:31: error: expected ';' before 'sw1'
   70 |     DigitalIoPin::DigitalIoPin sw1(0, 17 ,true ,true, false);
      |                               ^~~~
      |                               ;
../src/lab1ex2.cpp:70:61: error: statement cannot resolve address of overloaded function
   70 |     DigitalIoPin::DigitalIoPin sw1(0, 17 ,true ,true, false);
      |                                                             ^
../src/lab1ex2.cpp:71:5: error: 'DigitalIoPin::__ct ' names the constructor, not the type
   71 |     DigitalIoPin::DigitalIoPin sw2(1, 11 ,true ,true, false);
      |     ^~~~~~~~~~~~
../src/lab1ex2.cpp:71:31: error: expected ';' before 'sw2'
   71 |     DigitalIoPin::DigitalIoPin sw2(1, 11 ,true ,true, false);
      |                               ^~~~
      |                               ;
../src/lab1ex2.cpp:71:61: error: statement cannot resolve address of overloaded function
   71 |     DigitalIoPin::DigitalIoPin sw2(1, 11 ,true ,true, false);
      |                                                             ^
../src/lab1ex2.cpp:72:5: error: 'DigitalIoPin::__ct ' names the constructor, not the type
   72 |     DigitalIoPin::DigitalIoPin sw3(1, 9 ,true ,true, false);
      |     ^~~~~~~~~~~~
../src/lab1ex2.cpp:72:31: error: expected ';' before 'sw3'
   72 |     DigitalIoPin::DigitalIoPin sw3(1, 9 ,true ,true, false);
      |                               ^~~~
      |                               ;
../src/lab1ex2.cpp:72:60: error: statement cannot resolve address of overloaded function
   72 |     DigitalIoPin::DigitalIoPin sw3(1, 9 ,true ,true, false);
      |                                                            ^
../src/lab1ex2.cpp:82:12: error: 'sw1' was not declared in this scope
   82 |         if(sw1.read()) {
      |            ^~~
../src/lab1ex2.cpp:90:12: error: 'sw2' was not declared in this scope
   90 |         if(sw2.read()) {
      |            ^~~
../src/lab1ex2.cpp:98:12: error: 'sw3' was not declared in this scope
   98 |         if(sw3.read()) {
      |            ^~~
make: *** [src/subdir.mk:39: src/lab1ex2.o] Error 1
"make -r -j12 all" terminated with exit code 2. Build might be incomplete.
19:15:53 **** Incremental Build of configuration Debug for project lpc_board_nxp_lpcxpresso_1549 ****
make -r all 
make: Nothing to be done for 'all'.
19:15:53 **** Incremental Build of configuration Debug for project lpc_chip_15xx ****
make -r all 
make: Nothing to be done for 'all'.
19:15:54 **** Incremental Build of configuration Debug for project lab1ex2 ****
make -r -j12 all 
Building file: ../src/DigitalIoPin.cpp
Building file: ../src/lab1ex2.cpp
Invoking: MCU C++ Compiler
arm-none-eabi-c++ -DDEBUG -D__CODE_RED -D__NEWLIB__ -DCORE_M3 -D__USE_LPCOPEN -DCPP_USE_HEAP -D__LPC15XX__ -I"C:\studies\year3\period1\Embedded_Systems_programming\Labs\Lab1\lpc_board_nxp_lpcxpresso_1549\inc" -I"C:\studies\year3\period1\Embedded_Systems_programming\Labs\Lab1\lpc_chip_15xx\inc" -O0 -fno-common -g3 -Wall -c -fmessage-length=0 -fno-builtin -ffunction-sections -fdata-sections -fno-rtti -fno-exceptions -fmerge-constants -fmacro-prefix-map="../src/"=. -mcpu=cortex-m3 -mthumb -fstack-usage -MMD -MP -MF"src/DigitalIoPin.d" -MT"src/DigitalIoPin.o" -MT"src/DigitalIoPin.d" -o "src/DigitalIoPin.o" "../src/DigitalIoPin.cpp"
Invoking: MCU C++ Compiler
arm-none-eabi-c++ -DDEBUG -D__CODE_RED -D__NEWLIB__ -DCORE_M3 -D__USE_LPCOPEN -DCPP_USE_HEAP -D__LPC15XX__ -I"C:\studies\year3\period1\Embedded_Systems_programming\Labs\Lab1\lpc_board_nxp_lpcxpresso_1549\inc" -I"C:\studies\year3\period1\Embedded_Systems_programming\Labs\Lab1\lpc_chip_15xx\inc" -O0 -fno-common -g3 -Wall -c -fmessage-length=0 -fno-builtin -ffunction-sections -fdata-sections -fno-rtti -fno-exceptions -fmerge-constants -fmacro-prefix-map="../src/"=. -mcpu=cortex-m3 -mthumb -fstack-usage -MMD -MP -MF"src/lab1ex2.d" -MT"src/lab1ex2.o" -MT"src/lab1ex2.d" -o "src/lab1ex2.o" "../src/lab1ex2.cpp"
../src/DigitalIoPin.cpp:10:1: error: default argument given for parameter 3 of 'DigitalIoPin::DigitalIoPin(int, int, bool, bool, bool)' [-fpermissive]
   10 | DigitalIoPin::DigitalIoPin(int port, int pin, bool input = true, bool pullup = true, bool invert = false) : port(port), pin(pin) {
      | ^~~~~~~~~~~~
In file included from ../src/DigitalIoPin.cpp:8:
../src/DigitalIoPin.h:16:2: note: previous specification in 'DigitalIoPin::DigitalIoPin(int, int, bool, bool, bool)' here
   16 |  DigitalIoPin(int port, int pin, bool input = true, bool pullup = true, bool invert = false);
      |  ^~~~~~~~~~~~
../src/DigitalIoPin.cpp:10:1: error: default argument given for parameter 4 of 'DigitalIoPin::DigitalIoPin(int, int, bool, bool, bool)' [-fpermissive]
   10 | DigitalIoPin::DigitalIoPin(int port, int pin, bool input = true, bool pullup = true, bool invert = false) : port(port), pin(pin) {
      | ^~~~~~~~~~~~
In file included from ../src/DigitalIoPin.cpp:8:
../src/DigitalIoPin.h:16:2: note: previous specification in 'DigitalIoPin::DigitalIoPin(int, int, bool, bool, bool)' here
   16 |  DigitalIoPin(int port, int pin, bool input = true, bool pullup = true, bool invert = false);
      |  ^~~~~~~~~~~~
../src/DigitalIoPin.cpp:10:1: error: default argument given for parameter 5 of 'DigitalIoPin::DigitalIoPin(int, int, bool, bool, bool)' [-fpermissive]
   10 | DigitalIoPin::DigitalIoPin(int port, int pin, bool input = true, bool pullup = true, bool invert = false) : port(port), pin(pin) {
      | ^~~~~~~~~~~~
In file included from ../src/DigitalIoPin.cpp:8:
../src/DigitalIoPin.h:16:2: note: previous specification in 'DigitalIoPin::DigitalIoPin(int, int, bool, bool, bool)' here
   16 |  DigitalIoPin(int port, int pin, bool input = true, bool pullup = true, bool invert = false);
      |  ^~~~~~~~~~~~
make: *** [src/subdir.mk:39: src/DigitalIoPin.o] Error 1
make: *** Waiting for unfinished jobs....
../src/lab1ex2.cpp: In function 'int main()':
../src/lab1ex2.cpp:70:5: error: 'DigitalIoPin::__ct ' names the constructor, not the type
   70 |     DigitalIoPin::DigitalIoPin sw1(0, 17 ,true ,true, false);
      |     ^~~~~~~~~~~~
../src/lab1ex2.cpp:70:31: error: expected ';' before 'sw1'
   70 |     DigitalIoPin::DigitalIoPin sw1(0, 17 ,true ,true, false);
      |                               ^~~~
      |                               ;
../src/lab1ex2.cpp:70:61: error: statement cannot resolve address of overloaded function
   70 |     DigitalIoPin::DigitalIoPin sw1(0, 17 ,true ,true, false);
      |                                                             ^
../src/lab1ex2.cpp:71:5: error: 'DigitalIoPin::__ct ' names the constructor, not the type
   71 |     DigitalIoPin::DigitalIoPin sw2(1, 11 ,true ,true, false);
      |     ^~~~~~~~~~~~
../src/lab1ex2.cpp:71:31: error: expected ';' before 'sw2'
   71 |     DigitalIoPin::DigitalIoPin sw2(1, 11 ,true ,true, false);
      |                               ^~~~
      |                               ;
../src/lab1ex2.cpp:71:61: error: statement cannot resolve address of overloaded function
   71 |     DigitalIoPin::DigitalIoPin sw2(1, 11 ,true ,true, false);
      |                                                             ^
../src/lab1ex2.cpp:72:5: error: 'DigitalIoPin::__ct ' names the constructor, not the type
   72 |     DigitalIoPin::DigitalIoPin sw3(1, 9 ,true ,true, false);
      |     ^~~~~~~~~~~~
../src/lab1ex2.cpp:72:31: error: expected ';' before 'sw3'
   72 |     DigitalIoPin::DigitalIoPin sw3(1, 9 ,true ,true, false);
      |                               ^~~~
      |                               ;
../src/lab1ex2.cpp:72:60: error: statement cannot resolve address of overloaded function
   72 |     DigitalIoPin::DigitalIoPin sw3(1, 9 ,true ,true, false);
      |                                                            ^
../src/lab1ex2.cpp:82:12: error: 'sw1' was not declared in this scope
   82 |         if(sw1.read()) {
      |            ^~~
../src/lab1ex2.cpp:90:12: error: 'sw2' was not declared in this scope
   90 |         if(sw2.read()) {
      |            ^~~
../src/lab1ex2.cpp:98:12: error: 'sw3' was not declared in this scope
   98 |         if(sw3.read()) {
      |            ^~~
make: *** [src/subdir.mk:39: src/lab1ex2.o] Error 1
"make -r -j12 all" terminated with exit code 2. Build might be incomplete.
19:17:04 **** Incremental Build of configuration Debug for project lpc_board_nxp_lpcxpresso_1549 ****
make -r all 
make: Nothing to be done for 'all'.
19:17:05 **** Incremental Build of configuration Debug for project lpc_chip_15xx ****
make -r all 
make: Nothing to be done for 'all'.
19:17:05 **** Incremental Build of configuration Debug for project lab1ex2 ****
make -r -j12 all 
Building file: ../src/DigitalIoPin.cpp
Building file: ../src/lab1ex2.cpp
Invoking: MCU C++ Compiler
arm-none-eabi-c++ -DDEBUG -D__CODE_RED -D__NEWLIB__ -DCORE_M3 -D__USE_LPCOPEN -DCPP_USE_HEAP -D__LPC15XX__ -I"C:\studies\year3\period1\Embedded_Systems_programming\Labs\Lab1\lpc_board_nxp_lpcxpresso_1549\inc" -I"C:\studies\year3\period1\Embedded_Systems_programming\Labs\Lab1\lpc_chip_15xx\inc" -O0 -fno-common -g3 -Wall -c -fmessage-length=0 -fno-builtin -ffunction-sections -fdata-sections -fno-rtti -fno-exceptions -fmerge-constants -fmacro-prefix-map="../src/"=. -mcpu=cortex-m3 -mthumb -fstack-usage -MMD -MP -MF"src/DigitalIoPin.d" -MT"src/DigitalIoPin.o" -MT"src/DigitalIoPin.d" -o "src/DigitalIoPin.o" "../src/DigitalIoPin.cpp"
Invoking: MCU C++ Compiler
[...]
Invoking: MCU C++ Compiler
arm-none-eabi-c++ -std=c++11 -DDEBUG -D__CODE_RED -D__NEWLIB__ -DCORE_M3 -D__USE_LPCOPEN -DCPP_USE_HEAP -D__LPC15XX__ -I"C:\studies\year3\period1\Embedded_Systems_programming\Labs\Lab1\lpc_board_nxp_lpcxpresso_1549\inc" -I"C:\studies\year3\period1\Embedded_Systems_programming\Labs\Lab1\lpc_chip_15xx\inc" -O0 -fno-common -g3 -Wall -c -fmessage-length=0 -fno-builtin -ffunction-sections -fdata-sections -fno-rtti -fno-exceptions -fmerge-constants -fmacro-prefix-map="../src/"=. -mcpu=cortex-m3 -mthumb -fstack-usage -MMD -MP -MF"src/lab1ex3.d" -MT"src/lab1ex3.o" -MT"src/lab1ex3.d" -o "src/lab1ex3.o" "../src/lab1ex3.cpp"
../src/Dice.cpp: In constructor 'Dice::Dice()':
../src/Dice.cpp:10:12: error: use of deleted function 'DigitalIoPin::DigitalIoPin(const DigitalIoPin&)'
   10 | Dice::Dice() {
      |            ^
In file included from ../src/Dice.h:11,
                 from ../src/Dice.cpp:8:
../src/DigitalIoPin.h:17:2: note: declared here
   17 |  DigitalIoPin(const DigitalIoPin &) = delete;
      |  ^~~~~~~~~~~~
make: *** [src/subdir.mk:42: src/Dice.o] Error 1
make: *** Waiting for unfinished jobs....
Finished building: ../src/lab1ex3.cpp
 
"make -r -j12 all" terminated with exit code 2. Build might be incomplete.
23:12:05 **** Incremental Build of configuration Debug for project lpc_board_nxp_lpcxpresso_1549 ****
make -r all 
make: Nothing to be done for 'all'.
23:12:05 **** Incremental Build of configuration Debug for project lpc_chip_15xx ****
make -r all 
make: Nothing to be done for 'all'.
23:12:05 **** Incremental Build of configuration Debug for project lab1ex3 ****
make -r -j12 all 
Building file: ../src/Dice.cpp
Building file: ../src/DigitalIoPin.cpp
Building file: ../src/lab1ex3.cpp
Invoking: MCU C++ Compiler
arm-none-eabi-c++ -std=c++11 -DDEBUG -D__CODE_RED -D__NEWLIB__ -DCORE_M3 -D__USE_LPCOPEN -DCPP_USE_HEAP -D__LPC15XX__ -I"C:\studies\year3\period1\Embedded_Systems_programming\Labs\Lab1\lpc_board_nxp_lpcxpresso_1549\inc" -I"C:\studies\year3\period1\Embedded_Systems_programming\Labs\Lab1\lpc_chip_15xx\inc" -O0 -fno-common -g3 -Wall -c -fmessage-length=0 -fno-builtin -ffunction-sections -fdata-sections -fno-rtti -fno-exceptions -fmerge-constants -fmacro-prefix-map="../src/"=. -mcpu=cortex-m3 -mthumb -fstack-usage -MMD -MP -MF"src/Dice.d" -MT"src/Dice.o" -MT"src/Dice.d" -o "src/Dice.o" "../src/Dice.cpp"
Invoking: MCU C++ Compiler
Invoking: MCU C++ Compiler
arm-none-eabi-c++ -std=c++11 -DDEBUG -D__CODE_RED -D__NEWLIB__ -DCORE_M3 -D__USE_LPCOPEN -DCPP_USE_HEAP -D__LPC15XX__ -I"C:\studies\year3\period1\Embedded_Systems_programming\Labs\Lab1\lpc_board_nxp_lpcxpresso_1549\inc" -I"C:\studies\year3\period1\Embedded_Systems_programming\Labs\Lab1\lpc_chip_15xx\inc" -O0 -fno-common -g3 -Wall -c -fmessage-length=0 -fno-builtin -ffunction-sections -fdata-sections -fno-rtti -fno-exceptions -fmerge-constants -fmacro-prefix-map="../src/"=. -mcpu=cortex-m3 -mthumb -fstack-usage -MMD -MP -MF"src/DigitalIoPin.d" -MT"src/DigitalIoPin.o" -MT"src/DigitalIoPin.d" -o "src/DigitalIoPin.o" "../src/DigitalIoPin.cpp"
arm-none-eabi-c++ -std=c++11 -DDEBUG -D__CODE_RED -D__NEWLIB__ -DCORE_M3 -D__USE_LPCOPEN -DCPP_USE_HEAP -D__LPC15XX__ -I"C:\studies\year3\period1\Embedded_Systems_programming\Labs\Lab1\lpc_board_nxp_lpcxpresso_1549\inc" -I"C:\studies\year3\period1\Embedded_Systems_programming\Labs\Lab1\lpc_chip_15xx\inc" -O0 -fno-common -g3 -Wall -c -fmessage-length=0 -fno-builtin -ffunction-sections -fdata-sections -fno-rtti -fno-exceptions -fmerge-constants -fmacro-prefix-map="../src/"=. -mcpu=cortex-m3 -mthumb -fstack-usage -MMD -MP -MF"src/lab1ex3.d" -MT"src/lab1ex3.o" -MT"src/lab1ex3.d" -o "src/lab1ex3.o" "../src/lab1ex3.cpp"
Finished building: ../src/lab1ex3.cpp
Finished building: ../src/DigitalIoPin.cpp
 
Finished building: ../src/Dice.cpp
 
 
Building target: lab1ex3.axf
Invoking: MCU C++ Linker
arm-none-eabi-c++ -nostdlib -L"C:\studies\year3\period1\Embedded_Systems_programming\Labs\Lab1\lpc_board_nxp_lpcxpresso_1549\Debug" -L"C:\studies\year3\period1\Embedded_Systems_programming\Labs\Lab1\lpc_chip_15xx\Debug" -Xlinker -Map="lab1ex3.map" -Xlinker --cref -Xlinker --gc-sections -Xlinker -print-memory-usage -mcpu=cortex-m3 -mthumb -T "lab1ex3_Debug.ld" -o "lab1ex3.axf"  ./src/Dice.o ./src/DigitalIoPin.o ./src/cr_cpp_config.o ./src/cr_startup_lpc15xx.o ./src/crp.o ./src/lab1ex3.o ./src/sysinit.o   -llpc_board_nxp_lpcxpresso_1549 -llpc_chip_15xx
Memory region         Used Size  Region Size  %age Used
       MFlash256:        9616 B       256 KB      3.67%
      Ram0_16_32:        2236 B        32 KB      6.82%
          Ram2_4:          0 GB         4 KB      0.00%
Finished building target: lab1ex3.axf
 
make --no-print-directory post-build
Performing post-build steps
arm-none-eabi-size "lab1ex3.axf"; # arm-none-eabi-objcopy -v -O binary "lab1ex3.axf" "lab1ex3.bin" ; # checksum -p LPC1549 -d "lab1ex3.bin";
   text	   data	    bss	    dec	    hex	filename
   7504	   2112	    124	   9740	   260c	lab1ex3.axf
 
23:12:58 **** Incremental Build of configuration Debug for project lpc_board_nxp_lpcxpresso_1549 ****
make -r all 
make: Nothing to be done for 'all'.
23:12:59 **** Incremental Build of configuration Debug for project lpc_chip_15xx ****
make -r all 
make: Nothing to be done for 'all'.
23:12:59 **** Incremental Build of configuration Debug for project lab1ex3 ****
make -r -j12 all 
Building file: ../src/Dice.cpp
Building file: ../src/lab1ex3.cpp
Invoking: MCU C++ Compiler
arm-none-eabi-c++ -std=c++11 -DDEBUG -D__CODE_RED -D__NEWLIB__ -DCORE_M3 -D__USE_LPCOPEN -DCPP_USE_HEAP -D__LPC15XX__ -I"C:\studies\year3\period1\Embedded_Systems_programming\Labs\Lab1\lpc_board_nxp_lpcxpresso_1549\inc" -I"C:\studies\year3\period1\Embedded_Systems_programming\Labs\Lab1\lpc_chip_15xx\inc" -O0 -fno-common -g3 -Wall -c -fmessage-length=0 -fno-builtin -ffunction-sections -fdata-sections -fno-rtti -fno-exceptions -fmerge-constants -fmacro-prefix-map="../src/"=. -mcpu=cortex-m3 -mthumb -fstack-usage -MMD -MP -MF"src/Dice.d" -MT"src/Dice.o" -MT"src/Dice.d" -o "src/Dice.o" "../src/Dice.cpp"
Invoking: MCU C++ Compiler
arm-none-eabi-c++ -std=c++11 -DDEBUG -D__CODE_RED -D__NEWLIB__ -DCORE_M3 -D__USE_LPCOPEN -DCPP_USE_HEAP -D__LPC15XX__ -I"C:\studies\year3\period1\Embedded_Systems_programming\Labs\Lab1\lpc_board_nxp_lpcxpresso_1549\inc" -I"C:\studies\year3\period1\Embedded_Systems_programming\Labs\Lab1\lpc_chip_15xx\inc" -O0 -fno-common -g3 -Wall -c -fmessage-length=0 -fno-builtin -ffunction-sections -fdata-sections -fno-rtti -fno-exceptions -fmerge-constants -fmacro-prefix-map="../src/"=. -mcpu=cortex-m3 -mthumb -fstack-usage -MMD -MP -MF"src/lab1ex3.d" -MT"src/lab1ex3.o" -MT"src/lab1ex3.d" -o "src/lab1ex3.o" "../src/lab1ex3.cpp"
../src/Dice.cpp: In constructor 'Dice::Dice()':
../src/Dice.cpp:10:12: error: no matching function for call to 'DigitalIoPin::DigitalIoPin()'
   10 | Dice::Dice() {
      |            ^
In file included from ../src/Dice.h:11,
                 from ../src/Dice.cpp:8:
../src/DigitalIoPin.h:16:2: note: candidate: 'DigitalIoPin::DigitalIoPin(int, int, bool, bool, bool)'
   16 |  DigitalIoPin(int port, int pin, bool input = true, bool pullup = true, bool invert = false);
      |  ^~~~~~~~~~~~
../src/DigitalIoPin.h:16:2: note:   candidate expects 5 arguments, 0 provided
../src/DigitalIoPin.h:14:7: note: candidate: 'constexpr DigitalIoPin::DigitalIoPin(const DigitalIoPin&)'
   14 | class DigitalIoPin {
      |       ^~~~~~~~~~~~
../src/DigitalIoPin.h:14:7: note:   candidate expects 1 argument, 0 provided
../src/Dice.cpp: In constructor 'Dice::Dice()':
../src/Dice.cpp:10:12: error: no matching function for call to 'DigitalIoPin::DigitalIoPin()'
   10 | Dice::Dice() {
      |            ^
In file included from ../src/Dice.h:11,
                 from ../src/Dice.cpp:8:
../src/DigitalIoPin.h:16:2: note: candidate: 'DigitalIoPin::DigitalIoPin(int, int, bool, bool, bool)'
   16 |  DigitalIoPin(int port, int pin, bool input = true, bool pullup = true, bool invert = false);
      |  ^~~~~~~~~~~~
../src/DigitalIoPin.h:16:2: note:   candidate expects 5 arguments, 0 provided
../src/DigitalIoPin.h:14:7: note: candidate: 'constexpr DigitalIoPin::DigitalIoPin(const DigitalIoPin&)'
   14 | class DigitalIoPin {
      |       ^~~~~~~~~~~~
../src/DigitalIoPin.h:14:7: note:   candidate expects 1 argument, 0 provided
make: *** [src/subdir.mk:42: src/Dice.o] Error 1
make: *** Waiting for unfinished jobs....
Finished building: ../src/lab1ex3.cpp
 
"make -r -j12 all" terminated with exit code 2. Build might be incomplete.
23:14:04 **** Incremental Build of configuration Debug for project lpc_board_nxp_lpcxpresso_1549 ****
make -r all 
make: Nothing to be done for 'all'.
23:14:04 **** Incremental Build of configuration Debug for project lpc_chip_15xx ****
make -r all 
make: Nothing to be done for 'all'.
23:14:04 **** Incremental Build of configuration Debug for project lab1ex3 ****
make -r -j12 all 
Building file: ../src/Dice.cpp
Invoking: MCU C++ Compiler
arm-none-eabi-c++ -std=c++11 -DDEBUG -D__CODE_RED -D__NEWLIB__ -DCORE_M3 -D__USE_LPCOPEN -DCPP_USE_HEAP -D__LPC15XX__ -I"C:\studies\year3\period1\Embedded_Systems_programming\Labs\Lab1\lpc_board_nxp_lpcxpresso_1549\inc" -I"C:\studies\year3\period1\Embedded_Systems_programming\Labs\Lab1\lpc_chip_15xx\inc" -O0 -fno-common -g3 -Wall -c -fmessage-length=0 -fno-builtin -ffunction-sections -fdata-sections -fno-rtti -fno-exceptions -fmerge-constants -fmacro-prefix-map="../src/"=. -mcpu=cortex-m3 -mthumb -fstack-usage -MMD -MP -MF"src/Dice.d" -MT"src/Dice.o" -MT"src/Dice.d" -o "src/Dice.o" "../src/Dice.cpp"
../src/Dice.cpp: In constructor 'Dice::Dice()':
../src/Dice.cpp:10:18: error: expected '(' before '[' token
   10 | Dice::Dice() : pd[] = {{1, 9, false, true, false}, {0, 29, false, true, false}, {0, 9, false, true, false}, {0, 10, false, true, false}, {0, 16, false, true, false}, {0, 3, false, true, false}, {0, 0, false, true, false}} {
      |                  ^
      |                  (
../src/Dice.cpp:10:18: error: no matching function for call to 'DigitalIoPin::DigitalIoPin()'
In file included from ../src/Dice.h:11,
                 from ../src/Dice.cpp:8:
../src/DigitalIoPin.h:16:2: note: candidate: 'DigitalIoPin::DigitalIoPin(int, int, bool, bool, bool)'
   16 |  DigitalIoPin(int port, int pin, bool input = true, bool pullup = true, bool invert = false);
      |  ^~~~~~~~~~~~
../src/DigitalIoPin.h:16:2: note:   candidate expects 5 arguments, 0 provided
../src/DigitalIoPin.h:14:7: note: candidate: 'constexpr DigitalIoPin::DigitalIoPin(const DigitalIoPin&)'
   14 | class DigitalIoPin {
      |       ^~~~~~~~~~~~
../src/DigitalIoPin.h:14:7: note:   candidate expects 1 argument, 0 provided
../src/Dice.cpp:10:18: error: expected '{' before '[' token
   10 | Dice::Dice() : pd[] = {{1, 9, false, true, false}, {0, 29, false, true, false}, {0, 9, false, true, false}, {0, 10, false, true, false}, {0, 16, false, true, false}, {0, 3, false, true, false}, {0, 0, false, true, false}} {
      |                  ^
../src/Dice.cpp: At global scope:
../src/Dice.cpp:10:18: error: expected unqualified-id before '[' token
../src/Dice.cpp:10:223: error: expected unqualified-id before '{' token
   10 | Dice::Dice() : pd[] = {{1, 9, false, true, false}, {0, 29, false, true, false}, {0, 9, false, true, false}, {0, 10, false, true, false}, {0, 16, false, true, false}, {0, 3, false, true, false}, {0, 0, false, true, false}} {
      |                                                                                                                                                                                                                               ^
../src/Dice.cpp: In constructor 'Dice::Dice()':
../src/Dice.cpp:10:18: error: no matching function for call to 'DigitalIoPin::DigitalIoPin()'
   10 | Dice::Dice() : pd[] = {{1, 9, false, true, false}, {0, 29, false, true, false}, {0, 9, false, true, false}, {0, 10, false, true, false}, {0, 16, false, true, false}, {0, 3, false, true, false}, {0, 0, false, true, false}} {
      |                  ^
In file included from ../src/Dice.h:11,
                 from ../src/Dice.cpp:8:
../src/DigitalIoPin.h:16:2: note: candidate: 'DigitalIoPin::DigitalIoPin(int, int, bool, bool, bool)'
   16 |  DigitalIoPin(int port, int pin, bool input = true, bool pullup = true, bool invert = false);
      |  ^~~~~~~~~~~~
../src/DigitalIoPin.h:16:2: note:   candidate expects 5 arguments, 0 provided
../src/DigitalIoPin.h:14:7: note: candidate: 'constexpr DigitalIoPin::DigitalIoPin(const DigitalIoPin&)'
   14 | class DigitalIoPin {
      |       ^~~~~~~~~~~~
../src/DigitalIoPin.h:14:7: note:   candidate expects 1 argument, 0 provided
make: *** [src/subdir.mk:42: src/Dice.o] Error 1
"make -r -j12 all" terminated with exit code 2. Build might be incomplete.
23:14:35 **** Incremental Build of configuration Debug for project lpc_board_nxp_lpcxpresso_1549 ****
make -r all 
make: Nothing to be done for 'all'.
23:14:35 **** Incremental Build of configuration Debug for project lpc_chip_15xx ****
make -r all 
make: Nothing to be done for 'all'.
23:14:35 **** Incremental Build of configuration Debug for project lab1ex3 ****
make -r -j12 all 
Building file: ../src/Dice.cpp
Building file: ../src/lab1ex3.cpp
Invoking: MCU C++ Compiler
arm-none-eabi-c++ -std=c++11 -DDEBUG -D__CODE_RED -D__NEWLIB__ -DCORE_M3 -D__USE_LPCOPEN -DCPP_USE_HEAP -D__LPC15XX__ -I"C:\studies\year3\period1\Embedded_Systems_programming\Labs\Lab1\lpc_board_nxp_lpcxpresso_1549\inc" -I"C:\studies\year3\period1\Embedded_Systems_programming\Labs\Lab1\lpc_chip_15xx\inc" -O0 -fno-common -g3 -Wall -c -fmessage-length=0 -fno-builtin -ffunction-sections -fdata-sections -fno-rtti -fno-exceptions -fmerge-constants -fmacro-prefix-map="../src/"=. -mcpu=cortex-m3 -mthumb -fstack-usage -MMD -MP -MF"src/Dice.d" -MT"src/Dice.o" -MT"src/Dice.d" -o "src/Dice.o" "../src/Dice.cpp"
Invoking: MCU C++ Compiler
arm-none-eabi-c++ -std=c++11 -DDEBUG -D__CODE_RED -D__NEWLIB__ -DCORE_M3 -D__USE_LPCOPEN -DCPP_USE_HEAP -D__LPC15XX__ -I"C:\studies\year3\period1\Embedded_Systems_programming\Labs\Lab1\lpc_board_nxp_lpcxpresso_1549\inc" -I"C:\studies\year3\period1\Embedded_Systems_programming\Labs\Lab1\lpc_chip_15xx\inc" -O0 -fno-common -g3 -Wall -c -fmessage-length=0 -fno-builtin -ffunction-sections -fdata-sections -fno-rtti -fno-exceptions -fmerge-constants -fmacro-prefix-map="../src/"=. -mcpu=cortex-m3 -mthumb -fstack-usage -MMD -MP -MF"src/lab1ex3.d" -MT"src/lab1ex3.o" -MT"src/lab1ex3.d" -o "src/lab1ex3.o" "../src/lab1ex3.cpp"
Finished building: ../src/lab1ex3.cpp
Finished building: ../src/Dice.cpp
 
 
Building target: lab1ex3.axf
Invoking: MCU C++ Linker
arm-none-eabi-c++ -nostdlib -L"C:\studies\year3\period1\Embedded_Systems_programming\Labs\Lab1\lpc_board_nxp_lpcxpresso_1549\Debug" -L"C:\studies\year3\period1\Embedded_Systems_programming\Labs\Lab1\lpc_chip_15xx\Debug" -Xlinker -Map="lab1ex3.map" -Xlinker --cref -Xlinker --gc-sections -Xlinker -print-memory-usage -mcpu=cortex-m3 -mthumb -T "lab1ex3_Debug.ld" -o "lab1ex3.axf"  ./src/Dice.o ./src/DigitalIoPin.o ./src/cr_cpp_config.o ./src/cr_startup_lpc15xx.o ./src/crp.o ./src/lab1ex3.o ./src/sysinit.o   -llpc_board_nxp_lpcxpresso_1549 -llpc_chip_15xx
Memory region         Used Size  Region Size  %age Used
       MFlash256:        9616 B       256 KB      3.67%
      Ram0_16_32:        2236 B        32 KB      6.82%
          Ram2_4:          0 GB         4 KB      0.00%
Finished building target: lab1ex3.axf
 
make --no-print-directory post-build
Performing post-build steps
arm-none-eabi-size "lab1ex3.axf"; # arm-none-eabi-objcopy -v -O binary "lab1ex3.axf" "lab1ex3.bin" ; # checksum -p LPC1549 -d "lab1ex3.bin";
   text	   data	    bss	    dec	    hex	filename
   7504	   2112	    124	   9740	   260c	lab1ex3.axf
 
23:18:39 **** Incremental Build of configuration Debug for project lpc_board_nxp_lpcxpresso_1549 ****
make -r all 
make: Nothing to be done for 'all'.
23:18:39 **** Incremental Build of configuration Debug for project lpc_chip_15xx ****
make -r all 
make: Nothing to be done for 'all'.
23:18:39 **** Incremental Build of configuration Debug for project lab1ex3 ****
make -r -j12 all 
make: Nothing to be done for 'all'.
23:18:40 **** Incremental Build of configuration Debug for project lab1ex3 ****
make -r -j12 all 
make: Nothing to be done for 'all'.
23:24:55 **** Incremental Build of configuration Debug for project lpc_board_nxp_lpcxpresso_1549 ****
make -r all 
make: Nothing to be done for 'all'.
23:24:56 **** Incremental Build of configuration Debug for project lpc_chip_15xx ****
make -r all 
make: Nothing to be done for 'all'.
23:24:56 **** Incremental Build of configuration Debug for project lab1ex3 ****
make -r -j12 all 
Building file: ../src/Dice.cpp
Building file: ../src/lab1ex3.cpp
Invoking: MCU C++ Compiler
arm-none-eabi-c++ -std=c++11 -DDEBUG -D__CODE_RED -D__NEWLIB__ -DCORE_M3 -D__USE_LPCOPEN -DCPP_USE_HEAP -D__LPC15XX__ -I"C:\studies\year3\period1\Embedded_Systems_programming\Labs\Lab1\lpc_board_nxp_lpcxpresso_1549\inc" -I"C:\studies\year3\period1\Embedded_Systems_programming\Labs\Lab1\lpc_chip_15xx\inc" -O0 -fno-common -g3 -Wall -c -fmessage-length=0 -fno-builtin -ffunction-sections -fdata-sections -fno-rtti -fno-exceptions -fmerge-constants -fmacro-prefix-map="../src/"=. -mcpu=cortex-m3 -mthumb -fstack-usage -MMD -MP -MF"src/Dice.d" -MT"src/Dice.o" -MT"src/Dice.d" -o "src/Dice.o" "../src/Dice.cpp"
Invoking: MCU C++ Compiler
arm-none-eabi-c++ -std=c++11 -DDEBUG -D__CODE_RED -D__NEWLIB__ -DCORE_M3 -D__USE_LPCOPEN -DCPP_USE_HEAP -D__LPC15XX__ -I"C:\studies\year3\period1\Embedded_Systems_programming\Labs\Lab1\lpc_board_nxp_lpcxpresso_1549\inc" -I"C:\studies\year3\period1\Embedded_Systems_programming\Labs\Lab1\lpc_chip_15xx\inc" -O0 -fno-common -g3 -Wall -c -fmessage-length=0 -fno-builtin -ffunction-sections -fdata-sections -fno-rtti -fno-exceptions -fmerge-constants -fmacro-prefix-map="../src/"=. -mcpu=cortex-m3 -mthumb -fstack-usage -MMD -MP -MF"src/lab1ex3.d" -MT"src/lab1ex3.o" -MT"src/lab1ex3.d" -o "src/lab1ex3.o" "../src/lab1ex3.cpp"
Finished building: ../src/lab1ex3.cpp
Finished building: ../src/Dice.cpp
 
 
Building target: lab1ex3.axf
Invoking: MCU C++ Linker
arm-none-eabi-c++ -nostdlib -L"C:\studies\year3\period1\Embedded_Systems_programming\Labs\Lab1\lpc_board_nxp_lpcxpresso_1549\Debug" -L"C:\studies\year3\period1\Embedded_Systems_programming\Labs\Lab1\lpc_chip_15xx\Debug" -Xlinker -Map="lab1ex3.map" -Xlinker --cref -Xlinker --gc-sections -Xlinker -print-memory-usage -mcpu=cortex-m3 -mthumb -T "lab1ex3_Debug.ld" -o "lab1ex3.axf"  ./src/Dice.o ./src/DigitalIoPin.o ./src/cr_cpp_config.o ./src/cr_startup_lpc15xx.o ./src/crp.o ./src/lab1ex3.o ./src/sysinit.o   -llpc_board_nxp_lpcxpresso_1549 -llpc_chip_15xx
Memory region         Used Size  Region Size  %age Used
       MFlash256:        9616 B       256 KB      3.67%
      Ram0_16_32:        2236 B        32 KB      6.82%
          Ram2_4:          0 GB         4 KB      0.00%
Finished building target: lab1ex3.axf
 
make --no-print-directory post-build
Performing post-build steps
arm-none-eabi-size "lab1ex3.axf"; # arm-none-eabi-objcopy -v -O binary "lab1ex3.axf" "lab1ex3.bin" ; # checksum -p LPC1549 -d "lab1ex3.bin";
   text	   data	    bss	    dec	    hex	filename
   7504	   2112	    124	   9740	   260c	lab1ex3.axf
 
23:24:59 **** Incremental Build of configuration Debug for project lpc_board_nxp_lpcxpresso_1549 ****
make -r all 
make: Nothing to be done for 'all'.
23:24:59 **** Incremental Build of configuration Debug for project lpc_chip_15xx ****
make -r all 
make: Nothing to be done for 'all'.
23:24:59 **** Incremental Build of configuration Debug for project lab1ex3 ****
make -r -j12 all 
make: Nothing to be done for 'all'.
23:25:00 **** Incremental Build of configuration Debug for project lab1ex3 ****
make -r -j12 all 
make: Nothing to be done for 'all'.
