Archive member included to satisfy reference by file (symbol)

C:\studies\year3\period1\Embedded_Systems_programming\Labs\Lab1\lpc_board_nxp_lpcxpresso_1549\Debug\liblpc_board_nxp_lpcxpresso_1549.a(board.o)
                              ./src/lab1ex3.o (Board_LED_Set)
C:\studies\year3\period1\Embedded_Systems_programming\Labs\Lab1\lpc_board_nxp_lpcxpresso_1549\Debug\liblpc_board_nxp_lpcxpresso_1549.a(board_sysinit.o)
                              ./src/sysinit.o (Board_SystemInit)
C:\studies\year3\period1\Embedded_Systems_programming\Labs\Lab1\lpc_chip_15xx\Debug\liblpc_chip_15xx.a(chip_15xx.o)
                              ./src/lab1ex3.o (SystemCoreClockUpdate)
C:\studies\year3\period1\Embedded_Systems_programming\Labs\Lab1\lpc_chip_15xx\Debug\liblpc_chip_15xx.a(clock_15xx.o)
                              C:\studies\year3\period1\Embedded_Systems_programming\Labs\Lab1\lpc_board_nxp_lpcxpresso_1549\Debug\liblpc_board_nxp_lpcxpresso_1549.a(board.o) (Chip_Clock_GetMainClockRate)
C:\studies\year3\period1\Embedded_Systems_programming\Labs\Lab1\lpc_chip_15xx\Debug\liblpc_chip_15xx.a(gpio_15xx.o)
                              C:\studies\year3\period1\Embedded_Systems_programming\Labs\Lab1\lpc_board_nxp_lpcxpresso_1549\Debug\liblpc_board_nxp_lpcxpresso_1549.a(board.o) (Chip_GPIO_Init)
C:\studies\year3\period1\Embedded_Systems_programming\Labs\Lab1\lpc_chip_15xx\Debug\liblpc_chip_15xx.a(iocon_15xx.o)
                              C:\studies\year3\period1\Embedded_Systems_programming\Labs\Lab1\lpc_board_nxp_lpcxpresso_1549\Debug\liblpc_board_nxp_lpcxpresso_1549.a(board_sysinit.o) (Chip_IOCON_SetPinMuxing)
C:\studies\year3\period1\Embedded_Systems_programming\Labs\Lab1\lpc_chip_15xx\Debug\liblpc_chip_15xx.a(swm_15xx.o)
                              C:\studies\year3\period1\Embedded_Systems_programming\Labs\Lab1\lpc_board_nxp_lpcxpresso_1549\Debug\liblpc_board_nxp_lpcxpresso_1549.a(board.o) (Chip_SWM_MovablePinAssign)
C:\studies\year3\period1\Embedded_Systems_programming\Labs\Lab1\lpc_chip_15xx\Debug\liblpc_chip_15xx.a(sysctl_15xx.o)
                              C:\studies\year3\period1\Embedded_Systems_programming\Labs\Lab1\lpc_board_nxp_lpcxpresso_1549\Debug\liblpc_board_nxp_lpcxpresso_1549.a(board_sysinit.o) (Chip_SYSCTL_AssertPeriphReset)
C:\studies\year3\period1\Embedded_Systems_programming\Labs\Lab1\lpc_chip_15xx\Debug\liblpc_chip_15xx.a(sysinit_15xx.o)
                              C:\studies\year3\period1\Embedded_Systems_programming\Labs\Lab1\lpc_board_nxp_lpcxpresso_1549\Debug\liblpc_board_nxp_lpcxpresso_1549.a(board_sysinit.o) (Chip_SetupXtalClocking)
C:\studies\year3\period1\Embedded_Systems_programming\Labs\Lab1\lpc_chip_15xx\Debug\liblpc_chip_15xx.a(uart_15xx.o)
                              C:\studies\year3\period1\Embedded_Systems_programming\Labs\Lab1\lpc_board_nxp_lpcxpresso_1549\Debug\liblpc_board_nxp_lpcxpresso_1549.a(board.o) (Chip_UART_Init)
C:\studies\year3\period1\Embedded_Systems_programming\Labs\Lab1\lpc_chip_15xx\Debug\liblpc_chip_15xx.a(ring_buffer.o)
                              C:\studies\year3\period1\Embedded_Systems_programming\Labs\Lab1\lpc_chip_15xx\Debug\liblpc_chip_15xx.a(uart_15xx.o) (RingBuffer_Insert)
c:/additional_crap/mcuxpressoide_11.2.1_4149/ide/plugins/com.nxp.mcuxpresso.tools.win32_11.2.0.202008311134/tools/bin/../lib/gcc/arm-none-eabi/9.2.1/thumb/v7-m/nofp\libgcc.a(_aeabi_uldivmod.o)
                              C:\studies\year3\period1\Embedded_Systems_programming\Labs\Lab1\lpc_chip_15xx\Debug\liblpc_chip_15xx.a(clock_15xx.o) (__aeabi_uldivmod)
c:/additional_crap/mcuxpressoide_11.2.1_4149/ide/plugins/com.nxp.mcuxpresso.tools.win32_11.2.0.202008311134/tools/bin/../lib/gcc/arm-none-eabi/9.2.1/thumb/v7-m/nofp\libgcc.a(_udivmoddi4.o)
                              c:/additional_crap/mcuxpressoide_11.2.1_4149/ide/plugins/com.nxp.mcuxpresso.tools.win32_11.2.0.202008311134/tools/bin/../lib/gcc/arm-none-eabi/9.2.1/thumb/v7-m/nofp\libgcc.a(_aeabi_uldivmod.o) (__udivmoddi4)
c:/additional_crap/mcuxpressoide_11.2.1_4149/ide/plugins/com.nxp.mcuxpresso.tools.win32_11.2.0.202008311134/tools/bin/../lib/gcc/arm-none-eabi/9.2.1/thumb/v7-m/nofp\libgcc.a(_dvmd_tls.o)
                              c:/additional_crap/mcuxpressoide_11.2.1_4149/ide/plugins/com.nxp.mcuxpresso.tools.win32_11.2.0.202008311134/tools/bin/../lib/gcc/arm-none-eabi/9.2.1/thumb/v7-m/nofp\libgcc.a(_aeabi_uldivmod.o) (__aeabi_ldiv0)
c:/additional_crap/mcuxpressoide_11.2.1_4149/ide/plugins/com.nxp.mcuxpresso.tools.win32_11.2.0.202008311134/tools/bin/../lib/gcc/arm-none-eabi/9.2.1/../../../../arm-none-eabi/lib/thumb/v7-m/nofp\libc.a(lib_a-init.o)
                              ./src/cr_startup_lpc15xx.o (__libc_init_array)
c:/additional_crap/mcuxpressoide_11.2.1_4149/ide/plugins/com.nxp.mcuxpresso.tools.win32_11.2.0.202008311134/tools/bin/../lib/gcc/arm-none-eabi/9.2.1/../../../../arm-none-eabi/lib/thumb/v7-m/nofp\libc.a(lib_a-malloc.o)
                              ./src/cr_cpp_config.o (malloc)
[...]
Memory Configuration

Name             Origin             Length             Attributes
MFlash256        0x00000000         0x00040000         xr
Ram0_16_32       0x02000000         0x00008000         xrw
Ram2_4           0x02008000         0x00001000         xrw
*default*        0x00000000         0xffffffff

Linker script and memory map

LOAD ./src/Dice.o
LOAD ./src/DigitalIoPin.o
LOAD ./src/cr_cpp_config.o
LOAD ./src/cr_startup_lpc15xx.o
LOAD ./src/crp.o
LOAD ./src/lab1ex3.o
LOAD ./src/sysinit.o
LOAD C:\studies\year3\period1\Embedded_Systems_programming\Labs\Lab1\lpc_board_nxp_lpcxpresso_1549\Debug\liblpc_board_nxp_lpcxpresso_1549.a
LOAD C:\studies\year3\period1\Embedded_Systems_programming\Labs\Lab1\lpc_chip_15xx\Debug\liblpc_chip_15xx.a
START GROUP
LOAD c:/additional_crap/mcuxpressoide_11.2.1_4149/ide/plugins/com.nxp.mcuxpresso.tools.win32_11.2.0.202008311134/tools/bin/../lib/gcc/arm-none-eabi/9.2.1/thumb/v7-m/nofp\libgcc.a
LOAD c:/additional_crap/mcuxpressoide_11.2.1_4149/ide/plugins/com.nxp.mcuxpresso.tools.win32_11.2.0.202008311134/tools/bin/../lib/gcc/arm-none-eabi/9.2.1/../../../../arm-none-eabi/lib/thumb/v7-m/nofp\libc.a
LOAD c:/additional_crap/mcuxpressoide_11.2.1_4149/ide/plugins/com.nxp.mcuxpresso.tools.win32_11.2.0.202008311134/tools/bin/../lib/gcc/arm-none-eabi/9.2.1/../../../../arm-none-eabi/lib/thumb/v7-m/nofp\libstdc++.a
LOAD c:/additional_crap/mcuxpressoide_11.2.1_4149/ide/plugins/com.nxp.mcuxpresso.tools.win32_11.2.0.202008311134/tools/bin/../lib/gcc/arm-none-eabi/9.2.1/../../../../arm-none-eabi/lib/thumb/v7-m/nofp\libm.a
LOAD c:/additional_crap/mcuxpressoide_11.2.1_4149/ide/plugins/com.nxp.mcuxpresso.tools.win32_11.2.0.202008311134/tools/bin/../lib/gcc/arm-none-eabi/9.2.1/../../../../arm-none-eabi/lib/thumb/v7-m/nofp\libcr_newlib_nohost.a
LOAD c:/additional_crap/mcuxpressoide_11.2.1_4149/ide/plugins/com.nxp.mcuxpresso.tools.win32_11.2.0.202008311134/tools/bin/../lib/gcc/arm-none-eabi/9.2.1/thumb/v7-m/nofp\crti.o
LOAD c:/additional_crap/mcuxpressoide_11.2.1_4149/ide/plugins/com.nxp.mcuxpresso.tools.win32_11.2.0.202008311134/tools/bin/../lib/gcc/arm-none-eabi/9.2.1/thumb/v7-m/nofp\crtn.o
LOAD c:/additional_crap/mcuxpressoide_11.2.1_4149/ide/plugins/com.nxp.mcuxpresso.tools.win32_11.2.0.202008311134/tools/bin/../lib/gcc/arm-none-eabi/9.2.1/thumb/v7-m/nofp\crtbegin.o
LOAD c:/additional_crap/mcuxpressoide_11.2.1_4149/ide/plugins/com.nxp.mcuxpresso.tools.win32_11.2.0.202008311134/tools/bin/../lib/gcc/arm-none-eabi/9.2.1/thumb/v7-m/nofp\crtend.o
END GROUP
                0x00000000                __base_MFlash256 = 0x0
                0x00000000                __base_Flash = 0x0
                0x00040000                __top_MFlash256 = 0x40000
                0x00040000                __top_Flash = 0x40000
                0x02000000                __base_Ram0_16_32 = 0x2000000
                0x02000000                __base_RAM = 0x2000000
                0x02008000                __top_Ram0_16_32 = 0x2008000
                0x02008000                __top_RAM = 0x2008000
                0x02008000                __base_Ram2_4 = 0x2008000
                0x02008000                __base_RAM2 = 0x2008000
                0x02009000                __top_Ram2_4 = 0x2009000
                0x02009000                __top_RAM2 = 0x2009000

.text           0x00000000     0x1d54
 FILL mask 0xff
                0x00000000                __vectors_start__ = ABSOLUTE (.)
 *(.isr_vector)
 .isr_vector    0x00000000       0xfc ./src/cr_startup_lpc15xx.o
                0x00000000                g_pfnVectors
                0x000000fc                . = ALIGN (0x4)
                0x000000fc                __section_table_start = .
                0x000000fc                __data_section_table = .
                0x000000fc        0x4 LONG 0x1d5c LOADADDR (.data)
                0x00000100        0x4 LONG 0x2000000 ADDR (.data)
                0x00000104        0x4 LONG 0x840 SIZEOF (.data)
                0x00000108        0x4 LONG 0x1d5c LOADADDR (.data_RAM2)
                0x0000010c        0x4 LONG 0x2008000 ADDR (.data_RAM2)
                0x00000110        0x4 LONG 0x0 SIZEOF (.data_RAM2)
                0x00000114                __data_section_table_end = .
                0x00000114                __bss_section_table = .
                0x00000114        0x4 LONG 0x2000840 ADDR (.bss)
                0x00000118        0x4 LONG 0x7c SIZEOF (.bss)
                0x0000011c        0x4 LONG 0x2008000 ADDR (.bss_RAM2)
                0x00000120        0x4 LONG 0x0 SIZEOF (.bss_RAM2)
                0x00000124                __bss_section_table_end = .
                0x00000124                __section_table_end = .
 *(.after_vectors*)
 .after_vectors
                0x00000124      0x140 ./src/cr_startup_lpc15xx.o
                0x00000124                data_init(unsigned int, unsigned int, unsigned int)
                0x00000166                bss_init(unsigned int, unsigned int)
                0x0000019c                ResetISR
                0x00000228                NMI_Handler
                0x0000022e                HardFault_Handler
                0x00000234                MemManage_Handler
                0x0000023a                BusFault_Handler
                0x00000240                UsageFault_Handler
                0x00000246                SVC_Handler
                0x0000024c                DebugMon_Handler
                0x00000252                PendSV_Handler
                0x00000258                SysTick_Handler
                0x0000025e                UART1_IRQHandler
                0x0000025e                RTC_WAKE_IRQHandler
                0x0000025e                UART0_IRQHandler
                0x0000025e                MRT_IRQHandler
                0x0000025e                SPI1_IRQHandler
                0x0000025e                PIN_INT6_IRQHandler
                0x0000025e                IntDefaultHandler
                0x0000025e                PIN_INT4_IRQHandler
                0x0000025e                CAN_IRQHandler
                0x0000025e                RTC_ALARM_IRQHandler
                0x0000025e                ADC1B_IRQHandler
                0x0000025e                ADC1_OVR_IRQHandler
                0x0000025e                ADC1_THCMP_IRQHandler
                0x0000025e                ADC0_OVR_IRQHandler
                0x0000025e                PIN_INT5_IRQHandler
                0x0000025e                SCT1_IRQHandler
                0x0000025e                PIN_INT2_IRQHandler
                0x0000025e                USB_FIQHandler
                0x0000025e                SCT3_IRQHandler
                0x0000025e                PIN_INT7_IRQHandler
                0x0000025e                I2C0_IRQHandler
                0x0000025e                PIN_INT1_IRQHandler
                0x0000025e                USB_IRQHandler
                0x0000025e                BOD_IRQHandler
                0x0000025e                ADC0B_IRQHandler
                0x0000025e                ACMP0_IRQHandler
                0x0000025e                RIT_IRQHandler
                0x0000025e                SCT2_IRQHandler
                0x0000025e                WDT_IRQHandler
                0x0000025e                USBWakeup_IRQHandler
                0x0000025e                PIN_INT0_IRQHandler
                0x0000025e                QEI_IRQHandler
                0x0000025e                ACMP3_IRQHandler
                0x0000025e                GINT0_IRQHandler
                0x0000025e                DAC_IRQHandler
                0x0000025e                SPI0_IRQHandler
                0x0000025e                EEPROM_IRQHandler
                0x0000025e                ACMP2_IRQHandler
                0x0000025e                UART2_IRQHandler
                0x0000025e                ADC1A_IRQHandler
                0x0000025e                DMA_IRQHandler
                0x0000025e                PIN_INT3_IRQHandler
                0x0000025e                ACMP1_IRQHandler
                0x0000025e                SCT0_IRQHandler
                0x0000025e                ADC0A_IRQHandler
                0x0000025e                FMC_IRQHandler
                0x0000025e                GINT1_IRQHandler
                0x0000025e                ADC0_THCMP_IRQHandler
 *(.text*)
 .text._ZN4DiceC2Ev
                0x00000264       0xdc ./src/Dice.o
                0x00000264                Dice::Dice()
                0x00000264                Dice::Dice()
 .text._ZN4DiceD2Ev
                0x00000340       0x40 ./src/Dice.o
                0x00000340                Dice::~Dice()
                0x00000340                Dice::~Dice()
 .text._ZN4DiceD0Ev
                0x00000380       0x20 ./src/Dice.o
                0x00000380                Dice::~Dice()
 .text._ZN4Dice4ShowEi
                0x000003a0      0x1a0 ./src/Dice.o
                0x000003a0                Dice::Show(int)
 .text.Chip_IOCON_PinMuxSet
                0x00000540       0x2c ./src/DigitalIoPin.o
 .text.Chip_GPIO_SetPinState
                0x0000056c       0x36 ./src/DigitalIoPin.o
 .text.Chip_GPIO_GetPinState
                0x000005a2       0x34 ./src/DigitalIoPin.o
 .text.Chip_GPIO_SetPinDIROutput
                0x000005d6       0x3c ./src/DigitalIoPin.o
 .text.Chip_GPIO_SetPinDIRInput
                0x00000612       0x3e ./src/DigitalIoPin.o
 .text._ZN12DigitalIoPinC2Eiibbb
                0x00000650       0xb4 ./src/DigitalIoPin.o
                0x00000650                DigitalIoPin::DigitalIoPin(int, int, bool, bool, bool)
                0x00000650                DigitalIoPin::DigitalIoPin(int, int, bool, bool, bool)
 .text._ZN12DigitalIoPinD2Ev
                0x00000704       0x20 ./src/DigitalIoPin.o
                0x00000704                DigitalIoPin::~DigitalIoPin()
                0x00000704                DigitalIoPin::~DigitalIoPin()
 .text._ZN12DigitalIoPinD0Ev
                0x00000724       0x1e ./src/DigitalIoPin.o
                0x00000724                DigitalIoPin::~DigitalIoPin()
 .text._ZN12DigitalIoPin4readEv
                0x00000742       0x28 ./src/DigitalIoPin.o
                0x00000742                DigitalIoPin::read()
 .text._ZN12DigitalIoPin5writeEb
                0x0000076a       0x38 ./src/DigitalIoPin.o
                0x0000076a                DigitalIoPin::write(bool)
 .text._ZdlPv   0x000007a2       0x16 ./src/cr_cpp_config.o
                0x000007a2                operator delete(void*)
 .text.main     0x000007b8      0x104 ./src/lab1ex3.o
                0x000007b8                main
 .text.SystemInit
                0x000008bc        0xc ./src/sysinit.o
                0x000008bc                SystemInit
 .text.Chip_IOCON_PinMuxSet
                0x000008c8       0x2c C:\studies\year3\period1\Embedded_Systems_programming\Labs\Lab1\lpc_board_nxp_lpcxpresso_1549\Debug\liblpc_board_nxp_lpcxpresso_1549.a(board.o)
 .text.Chip_SWM_MovablePortPinAssign
                0x000008f4       0x30 C:\studies\year3\period1\Embedded_Systems_programming\Labs\Lab1\lpc_board_nxp_lpcxpresso_1549\Debug\liblpc_board_nxp_lpcxpresso_1549.a(board.o)
 .text.Chip_GPIO_SetPinState
                0x00000924       0x36 C:\studies\year3\period1\Embedded_Systems_programming\Labs\Lab1\lpc_board_nxp_lpcxpresso_1549\Debug\liblpc_board_nxp_lpcxpresso_1549.a(board.o)
 .text.Chip_GPIO_SetPinDIROutput
                0x0000095a       0x3c C:\studies\year3\period1\Embedded_Systems_programming\Labs\Lab1\lpc_board_nxp_lpcxpresso_1549\Debug\liblpc_board_nxp_lpcxpresso_1549.a(board.o)
 .text.Chip_UART_Enable
                0x00000996       0x1e C:\studies\year3\period1\Embedded_Systems_programming\Labs\Lab1\lpc_board_nxp_lpcxpresso_1549\Debug\liblpc_board_nxp_lpcxpresso_1549.a(board.o)
 .text.Chip_UART_TXEnable
                0x000009b4       0x1e C:\studies\year3\period1\Embedded_Systems_programming\Labs\Lab1\lpc_board_nxp_lpcxpresso_1549\Debug\liblpc_board_nxp_lpcxpresso_1549.a(board.o)
 .text.Chip_UART_ConfigData
                0x000009d2       0x28 C:\studies\year3\period1\Embedded_Systems_programming\Labs\Lab1\lpc_board_nxp_lpcxpresso_1549\Debug\liblpc_board_nxp_lpcxpresso_1549.a(board.o)
 *fill*         0x000009fa        0x2 ff
 .text.Board_Debug_Init
                0x000009fc       0x70 C:\studies\year3\period1\Embedded_Systems_programming\Labs\Lab1\lpc_board_nxp_lpcxpresso_1549\Debug\liblpc_board_nxp_lpcxpresso_1549.a(board.o)
                0x000009fc                Board_Debug_Init
 .text.Board_LED_Init
                0x00000a6c       0x60 C:\studies\year3\period1\Embedded_Systems_programming\Labs\Lab1\lpc_board_nxp_lpcxpresso_1549\Debug\liblpc_board_nxp_lpcxpresso_1549.a(board.o)
 .text.Board_LED_Set
                0x00000acc       0x54 C:\studies\year3\period1\Embedded_Systems_programming\Labs\Lab1\lpc_board_nxp_lpcxpresso_1549\Debug\liblpc_board_nxp_lpcxpresso_1549.a(board.o)
                0x00000acc                Board_LED_Set
 .text.Board_Init
                0x00000b20       0x18 C:\studies\year3\period1\Embedded_Systems_programming\Labs\Lab1\lpc_board_nxp_lpcxpresso_1549\Debug\liblpc_board_nxp_lpcxpresso_1549.a(board.o)
                0x00000b20                Board_Init
 .text.Chip_SYSCTL_PeriphReset
                0x00000b38       0x22 C:\studies\year3\period1\Embedded_Systems_programming\Labs\Lab1\lpc_board_nxp_lpcxpresso_1549\Debug\liblpc_board_nxp_lpcxpresso_1549.a(board_sysinit.o)
 *fill*         0x00000b5a        0x2 ff
 .text.Chip_Clock_SetUSBPLLSource
                0x00000b5c       0x20 C:\studies\year3\period1\Embedded_Systems_programming\Labs\Lab1\lpc_board_nxp_lpcxpresso_1549\Debug\liblpc_board_nxp_lpcxpresso_1549.a(board_sysinit.o)
 .text.Chip_Clock_SetupUSBPLL
                0x00000b7c       0x34 C:\studies\year3\period1\Embedded_Systems_programming\Labs\Lab1\lpc_board_nxp_lpcxpresso_1549\Debug\liblpc_board_nxp_lpcxpresso_1549.a(board_sysinit.o)
 .text.Chip_Clock_IsUSBPLLLocked
                0x00000bb0       0x24 C:\studies\year3\period1\Embedded_Systems_programming\Labs\Lab1\lpc_board_nxp_lpcxpresso_1549\Debug\liblpc_board_nxp_lpcxpresso_1549.a(board_sysinit.o)
 .text.Chip_Clock_SetSysTickClockDiv
                0x00000bd4       0x20 C:\studies\year3\period1\Embedded_Systems_programming\Labs\Lab1\lpc_board_nxp_lpcxpresso_1549\Debug\liblpc_board_nxp_lpcxpresso_1549.a(board_sysinit.o)
 .text.Chip_SWM_MovablePortPinAssign
                0x00000bf4       0x30 C:\studies\year3\period1\Embedded_Systems_programming\Labs\Lab1\lpc_board_nxp_lpcxpresso_1549\Debug\liblpc_board_nxp_lpcxpresso_1549.a(board_sysinit.o)
 .text.Board_SetupMuxing
                0x00000c24       0x84 C:\studies\year3\period1\Embedded_Systems_programming\Labs\Lab1\lpc_board_nxp_lpcxpresso_1549\Debug\liblpc_board_nxp_lpcxpresso_1549.a(board_sysinit.o)
                0x00000c24                Board_SetupMuxing
 .text.Board_SetupClocking
                0x00000ca8       0x3a C:\studies\year3\period1\Embedded_Systems_programming\Labs\Lab1\lpc_board_nxp_lpcxpresso_1549\Debug\liblpc_board_nxp_lpcxpresso_1549.a(board_sysinit.o)
                0x00000ca8                Board_SetupClocking
 *fill*         0x00000ce2        0x2 ff
 .text.Board_SystemInit
                0x00000ce4       0x1c C:\studies\year3\period1\Embedded_Systems_programming\Labs\Lab1\lpc_board_nxp_lpcxpresso_1549\Debug\liblpc_board_nxp_lpcxpresso_1549.a(board_sysinit.o)
                0x00000ce4                Board_SystemInit
 .text.SystemCoreClockUpdate
                0x00000d00       0x18 C:\studies\year3\period1\Embedded_Systems_programming\Labs\Lab1\lpc_chip_15xx\Debug\liblpc_chip_15xx.a(chip_15xx.o)
                0x00000d00                SystemCoreClockUpdate
 .text.Chip_Clock_SetMain_A_ClockSource
                0x00000d18       0x20 C:\studies\year3\period1\Embedded_Systems_programming\Labs\Lab1\lpc_chip_15xx\Debug\liblpc_chip_15xx.a(clock_15xx.o)
 .text.Chip_Clock_GetMain_A_ClockSource
                0x00000d38       0x18 C:\studies\year3\period1\Embedded_Systems_programming\Labs\Lab1\lpc_chip_15xx\Debug\liblpc_chip_15xx.a(clock_15xx.o)
 .text.Chip_Clock_SetMain_B_ClockSource
                0x00000d50       0x20 C:\studies\year3\period1\Embedded_Systems_programming\Labs\Lab1\lpc_chip_15xx\Debug\liblpc_chip_15xx.a(clock_15xx.o)
 .text.Chip_Clock_GetMain_B_ClockSource
                0x00000d70       0x18 C:\studies\year3\period1\Embedded_Systems_programming\Labs\Lab1\lpc_chip_15xx\Debug\liblpc_chip_15xx.a(clock_15xx.o)
 .text.Chip_Clock_SetUARTFRGDivider
                0x00000d88       0x20 C:\studies\year3\period1\Embedded_Systems_programming\Labs\Lab1\lpc_chip_15xx\Debug\liblpc_chip_15xx.a(clock_15xx.o)
 .text.Chip_Clock_GetUARTFRGDivider
                0x00000da8       0x18 C:\studies\year3\period1\Embedded_Systems_programming\Labs\Lab1\lpc_chip_15xx\Debug\liblpc_chip_15xx.a(clock_15xx.o)
 .text.Chip_Clock_GetMainOscRate
                0x00000dc0       0x14 C:\studies\year3\period1\Embedded_Systems_programming\Labs\Lab1\lpc_chip_15xx\Debug\liblpc_chip_15xx.a(clock_15xx.o)
 .text.Chip_Clock_GetIntOscRate
                0x00000dd4       0x14 C:\studies\year3\period1\Embedded_Systems_programming\Labs\Lab1\lpc_chip_15xx\Debug\liblpc_chip_15xx.a(clock_15xx.o)
 .text.Chip_Clock_GetRTCOscRate
                0x00000de8       0x14 C:\studies\year3\period1\Embedded_Systems_programming\Labs\Lab1\lpc_chip_15xx\Debug\liblpc_chip_15xx.a(clock_15xx.o)
 .text.Chip_Clock_GetWDTOSCRate
                0x00000dfc       0x14 C:\studies\year3\period1\Embedded_Systems_programming\Labs\Lab1\lpc_chip_15xx\Debug\liblpc_chip_15xx.a(clock_15xx.o)
 .text.Chip_Clock_GetPLLFreq
                0x00000e10       0x26 C:\studies\year3\period1\Embedded_Systems_programming\Labs\Lab1\lpc_chip_15xx\Debug\liblpc_chip_15xx.a(clock_15xx.o)
 .text.Chip_Clock_GetPLLInClockRate
                0x00000e36       0x38 C:\studies\year3\period1\Embedded_Systems_programming\Labs\Lab1\lpc_chip_15xx\Debug\liblpc_chip_15xx.a(clock_15xx.o)
 *fill*         0x00000e6e        0x2 ff
 .text.Chip_Clock_GetSystemPLLInClockRate
                0x00000e70       0x1c C:\studies\year3\period1\Embedded_Systems_programming\Labs\Lab1\lpc_chip_15xx\Debug\liblpc_chip_15xx.a(clock_15xx.o)
                0x00000e70                Chip_Clock_GetSystemPLLInClockRate
 .text.Chip_Clock_GetSystemPLLOutClockRate
                0x00000e8c       0x24 C:\studies\year3\period1\Embedded_Systems_programming\Labs\Lab1\lpc_chip_15xx\Debug\liblpc_chip_15xx.a(clock_15xx.o)
                0x00000e8c                Chip_Clock_GetSystemPLLOutClockRate
 .text.Chip_Clock_GetMain_A_ClockRate
                0x00000eb0       0x4a C:\studies\year3\period1\Embedded_Systems_programming\Labs\Lab1\lpc_chip_15xx\Debug\liblpc_chip_15xx.a(clock_15xx.o)
                0x00000eb0                Chip_Clock_GetMain_A_ClockRate
 *fill*         0x00000efa        0x2 ff
 .text.Chip_Clock_GetMain_B_ClockRate
                0x00000efc       0x58 C:\studies\year3\period1\Embedded_Systems_programming\Labs\Lab1\lpc_chip_15xx\Debug\liblpc_chip_15xx.a(clock_15xx.o)
                0x00000efc                Chip_Clock_GetMain_B_ClockRate
 .text.Chip_Clock_SetMainClockSource
                0x00000f54       0x3c C:\studies\year3\period1\Embedded_Systems_programming\Labs\Lab1\lpc_chip_15xx\Debug\liblpc_chip_15xx.a(clock_15xx.o)
                0x00000f54                Chip_Clock_SetMainClockSource
 .text.Chip_Clock_GetMainClockRate
                0x00000f90       0x28 C:\studies\year3\period1\Embedded_Systems_programming\Labs\Lab1\lpc_chip_15xx\Debug\liblpc_chip_15xx.a(clock_15xx.o)
                0x00000f90                Chip_Clock_GetMainClockRate
 .text.Chip_Clock_EnablePeriphClock
                0x00000fb8       0x58 C:\studies\year3\period1\Embedded_Systems_programming\Labs\Lab1\lpc_chip_15xx\Debug\liblpc_chip_15xx.a(clock_15xx.o)
                0x00000fb8                Chip_Clock_EnablePeriphClock
 .text.Chip_Clock_GetUARTBaseClockRate
                0x00001010       0x8c C:\studies\year3\period1\Embedded_Systems_programming\Labs\Lab1\lpc_chip_15xx\Debug\liblpc_chip_15xx.a(clock_15xx.o)
                0x00001010                Chip_Clock_GetUARTBaseClockRate
 .text.Chip_Clock_SetUARTBaseClockRate
                0x0000109c       0xa4 C:\studies\year3\period1\Embedded_Systems_programming\Labs\Lab1\lpc_chip_15xx\Debug\liblpc_chip_15xx.a(clock_15xx.o)
                0x0000109c                Chip_Clock_SetUARTBaseClockRate
 .text.Chip_Clock_GetSystemClockRate
                0x00001140       0x1c C:\studies\year3\period1\Embedded_Systems_programming\Labs\Lab1\lpc_chip_15xx\Debug\liblpc_chip_15xx.a(clock_15xx.o)
                0x00001140                Chip_Clock_GetSystemClockRate
 .text.Chip_SYSCTL_PeriphReset
                0x0000115c       0x22 C:\studies\year3\period1\Embedded_Systems_programming\Labs\Lab1\lpc_chip_15xx\Debug\liblpc_chip_15xx.a(gpio_15xx.o)
 .text.Chip_GPIO_Init
                0x0000117e       0x2e C:\studies\year3\period1\Embedded_Systems_programming\Labs\Lab1\lpc_chip_15xx\Debug\liblpc_chip_15xx.a(gpio_15xx.o)
                0x0000117e                Chip_GPIO_Init
 .text.Chip_IOCON_PinMuxSet
                0x000011ac       0x2c C:\studies\year3\period1\Embedded_Systems_programming\Labs\Lab1\lpc_chip_15xx\Debug\liblpc_chip_15xx.a(iocon_15xx.o)
 .text.Chip_IOCON_SetPinMuxing
                0x000011d8       0x50 C:\studies\year3\period1\Embedded_Systems_programming\Labs\Lab1\lpc_chip_15xx\Debug\liblpc_chip_15xx.a(iocon_15xx.o)
                0x000011d8                Chip_IOCON_SetPinMuxing
 .text.Chip_SWM_MovablePinAssign
                0x00001228       0x5c C:\studies\year3\period1\Embedded_Systems_programming\Labs\Lab1\lpc_chip_15xx\Debug\liblpc_chip_15xx.a(swm_15xx.o)
                0x00001228                Chip_SWM_MovablePinAssign
 .text.Chip_SYSCTL_AssertPeriphReset
                0x00001284       0x4c C:\studies\year3\period1\Embedded_Systems_programming\Labs\Lab1\lpc_chip_15xx\Debug\liblpc_chip_15xx.a(sysctl_15xx.o)
                0x00001284                Chip_SYSCTL_AssertPeriphReset
 .text.Chip_SYSCTL_DeassertPeriphReset
                0x000012d0       0x50 C:\studies\year3\period1\Embedded_Systems_programming\Labs\Lab1\lpc_chip_15xx\Debug\liblpc_chip_15xx.a(sysctl_15xx.o)
                0x000012d0                Chip_SYSCTL_DeassertPeriphReset
 .text.Chip_SYSCTL_PowerDown
                0x00001320       0x40 C:\studies\year3\period1\Embedded_Systems_programming\Labs\Lab1\lpc_chip_15xx\Debug\liblpc_chip_15xx.a(sysctl_15xx.o)
                0x00001320                Chip_SYSCTL_PowerDown
 .text.Chip_SYSCTL_PowerUp
                0x00001360       0x40 C:\studies\year3\period1\Embedded_Systems_programming\Labs\Lab1\lpc_chip_15xx\Debug\liblpc_chip_15xx.a(sysctl_15xx.o)
                0x00001360                Chip_SYSCTL_PowerUp
 .text.Chip_FMC_SetFLASHAccess
                0x000013a0       0x38 C:\studies\year3\period1\Embedded_Systems_programming\Labs\Lab1\lpc_chip_15xx\Debug\liblpc_chip_15xx.a(sysinit_15xx.o)
 .text.Chip_Clock_SetSystemPLLSource
                0x000013d8       0x20 C:\studies\year3\period1\Embedded_Systems_programming\Labs\Lab1\lpc_chip_15xx\Debug\liblpc_chip_15xx.a(sysinit_15xx.o)
 .text.Chip_Clock_SetupSystemPLL
                0x000013f8       0x34 C:\studies\year3\period1\Embedded_Systems_programming\Labs\Lab1\lpc_chip_15xx\Debug\liblpc_chip_15xx.a(sysinit_15xx.o)
 .text.Chip_Clock_IsSystemPLLLocked
                0x0000142c       0x24 C:\studies\year3\period1\Embedded_Systems_programming\Labs\Lab1\lpc_chip_15xx\Debug\liblpc_chip_15xx.a(sysinit_15xx.o)
 .text.Chip_Clock_SetSysClockDiv
                0x00001450       0x20 C:\studies\year3\period1\Embedded_Systems_programming\Labs\Lab1\lpc_chip_15xx\Debug\liblpc_chip_15xx.a(sysinit_15xx.o)
 .text.Chip_SetupXtalClocking
                0x00001470       0x6c C:\studies\year3\period1\Embedded_Systems_programming\Labs\Lab1\lpc_chip_15xx\Debug\liblpc_chip_15xx.a(sysinit_15xx.o)
                0x00001470                Chip_SetupXtalClocking
 .text.Chip_SYSCTL_PeriphReset
                0x000014dc       0x22 C:\studies\year3\period1\Embedded_Systems_programming\Labs\Lab1\lpc_chip_15xx\Debug\liblpc_chip_15xx.a(uart_15xx.o)
 *fill*         0x000014fe        0x2 ff
 .text.getUARTClockID
                0x00001500       0x34 C:\studies\year3\period1\Embedded_Systems_programming\Labs\Lab1\lpc_chip_15xx\Debug\liblpc_chip_15xx.a(uart_15xx.o)
 .text.Chip_UART_Init
                0x00001534       0x4c C:\studies\year3\period1\Embedded_Systems_programming\Labs\Lab1\lpc_chip_15xx\Debug\liblpc_chip_15xx.a(uart_15xx.o)
                0x00001534                Chip_UART_Init
 .text.Chip_UART_SetBaud
                0x00001580       0x2a C:\studies\year3\period1\Embedded_Systems_programming\Labs\Lab1\lpc_chip_15xx\Debug\liblpc_chip_15xx.a(uart_15xx.o)
                0x00001580                Chip_UART_SetBaud
 *fill*         0x000015aa        0x2 ff
 .text          0x000015ac       0x30 c:/additional_crap/mcuxpressoide_11.2.1_4149/ide/plugins/com.nxp.mcuxpresso.tools.win32_11.2.0.202008311134/tools/bin/../lib/gcc/arm-none-eabi/9.2.1/thumb/v7-m/nofp\libgcc.a(_aeabi_uldivmod.o)
                0x000015ac                __aeabi_uldivmod
 .text          0x000015dc      0x2c4 c:/additional_crap/mcuxpressoide_11.2.1_4149/ide/plugins/com.nxp.mcuxpresso.tools.win32_11.2.0.202008311134/tools/bin/../lib/gcc/arm-none-eabi/9.2.1/thumb/v7-m/nofp\libgcc.a(_udivmoddi4.o)
                0x000015dc                __udivmoddi4
 .text          0x000018a0        0x4 c:/additional_crap/mcuxpressoide_11.2.1_4149/ide/plugins/com.nxp.mcuxpresso.tools.win32_11.2.0.202008311134/tools/bin/../lib/gcc/arm-none-eabi/9.2.1/thumb/v7-m/nofp\libgcc.a(_dvmd_tls.o)
                0x000018a0                __aeabi_idiv0
                0x000018a0                __aeabi_ldiv0
 .text.__libc_init_array
                0x000018a4       0x48 c:/additional_crap/mcuxpressoide_11.2.1_4149/ide/plugins/com.nxp.mcuxpresso.tools.win32_11.2.0.202008311134/tools/bin/../lib/gcc/arm-none-eabi/9.2.1/../../../../arm-none-eabi/lib/thumb/v7-m/nofp\libc.a(lib_a-init.o)
                0x000018a4                __libc_init_array
 .text.free     0x000018ec       0x10 c:/additional_crap/mcuxpressoide_11.2.1_4149/ide/plugins/com.nxp.mcuxpresso.tools.win32_11.2.0.202008311134/tools/bin/../lib/gcc/arm-none-eabi/9.2.1/../../../../arm-none-eabi/lib/thumb/v7-m/nofp\libc.a(lib_a-malloc.o)
                0x000018ec                free
 .text.__malloc_lock
                0x000018fc        0xc c:/additional_crap/mcuxpressoide_11.2.1_4149/ide/plugins/com.nxp.mcuxpresso.tools.win32_11.2.0.202008311134/tools/bin/../lib/gcc/arm-none-eabi/9.2.1/../../../../arm-none-eabi/lib/thumb/v7-m/nofp\libc.a(lib_a-mlock.o)
                0x000018fc                __malloc_lock
 .text.__malloc_unlock
                0x00001908        0xc c:/additional_crap/mcuxpressoide_11.2.1_4149/ide/plugins/com.nxp.mcuxpresso.tools.win32_11.2.0.202008311134/tools/bin/../lib/gcc/arm-none-eabi/9.2.1/../../../../arm-none-eabi/lib/thumb/v7-m/nofp\libc.a(lib_a-mlock.o)
                0x00001908                __malloc_unlock
 .text._sbrk_r  0x00001914       0x24 c:/additional_crap/mcuxpressoide_11.2.1_4149/ide/plugins/com.nxp.mcuxpresso.tools.win32_11.2.0.202008311134/tools/bin/../lib/gcc/arm-none-eabi/9.2.1/../../../../arm-none-eabi/lib/thumb/v7-m/nofp\libc.a(lib_a-sbrkr.o)
                0x00001914                _sbrk_r
 .text._malloc_trim_r
                0x00001938       0xa0 c:/additional_crap/mcuxpressoide_11.2.1_4149/ide/plugins/com.nxp.mcuxpresso.tools.win32_11.2.0.202008311134/tools/bin/../lib/gcc/arm-none-eabi/9.2.1/../../../../arm-none-eabi/lib/thumb/v7-m/nofp\libc.a(lib_a-freer.o)
                0x00001938                _malloc_trim_r
 .text._free_r  0x000019d8      0x20c c:/additional_crap/mcuxpressoide_11.2.1_4149/ide/plugins/com.nxp.mcuxpresso.tools.win32_11.2.0.202008311134/tools/bin/../lib/gcc/arm-none-eabi/9.2.1/../../../../arm-none-eabi/lib/thumb/v7-m/nofp\libc.a(lib_a-freer.o)
                0x000019d8                _free_r
 .text.__retarget_lock_acquire_recursive
                0x00001be4        0x4 c:/additional_crap/mcuxpressoide_11.2.1_4149/ide/plugins/com.nxp.mcuxpresso.tools.win32_11.2.0.202008311134/tools/bin/../lib/gcc/arm-none-eabi/9.2.1/../../../../arm-none-eabi/lib/thumb/v7-m/nofp\libc.a(lib_a-lock.o)
                0x00001be4                __retarget_lock_acquire_recursive
 .text.__retarget_lock_release_recursive
                0x00001be8        0x4 c:/additional_crap/mcuxpressoide_11.2.1_4149/ide/plugins/com.nxp.mcuxpresso.tools.win32_11.2.0.202008311134/tools/bin/../lib/gcc/arm-none-eabi/9.2.1/../../../../arm-none-eabi/lib/thumb/v7-m/nofp\libc.a(lib_a-lock.o)
                0x00001be8                __retarget_lock_release_recursive
 .text._ZdlPvj  0x00001bec        0x4 c:/additional_crap/mcuxpressoide_11.2.1_4149/ide/plugins/com.nxp.mcuxpresso.tools.win32_11.2.0.202008311134/tools/bin/../lib/gcc/arm-none-eabi/9.2.1/../../../../arm-none-eabi/lib/thumb/v7-m/nofp\libstdc++.a(del_ops.o)
                0x00001bec                operator delete(void*, unsigned int)
 .text._sbrk    0x00001bf0       0x3c c:/additional_crap/mcuxpressoide_11.2.1_4149/ide/plugins/com.nxp.mcuxpresso.tools.win32_11.2.0.202008311134/tools/bin/../lib/gcc/arm-none-eabi/9.2.1/../../../../arm-none-eabi/lib/thumb/v7-m/nofp\libcr_newlib_nohost.a(_cr_sbrk.o)
                0x00001bf0                _sbrk
 .text.__check_heap_overflow
                0x00001c2c       0x14 c:/additional_crap/mcuxpressoide_11.2.1_4149/ide/plugins/com.nxp.mcuxpresso.tools.win32_11.2.0.202008311134/tools/bin/../lib/gcc/arm-none-eabi/9.2.1/../../../../arm-none-eabi/lib/thumb/v7-m/nofp\libcr_newlib_nohost.a(_cr_check_heap.o)
                0x00001c2c                __check_heap_overflow
 .text          0x00001c40       0x40 c:/additional_crap/mcuxpressoide_11.2.1_4149/ide/plugins/com.nxp.mcuxpresso.tools.win32_11.2.0.202008311134/tools/bin/../lib/gcc/arm-none-eabi/9.2.1/thumb/v7-m/nofp\crtbegin.o
 .text.__errno  0x00001c80        0xc c:/additional_crap/mcuxpressoide_11.2.1_4149/ide/plugins/com.nxp.mcuxpresso.tools.win32_11.2.0.202008311134/tools/bin/../lib/gcc/arm-none-eabi/9.2.1/../../../../arm-none-eabi/lib/thumb/v7-m/nofp\libc.a(lib_a-errno.o)
                0x00001c80                __errno
 *(.rodata .rodata.* .constdata .constdata.*)
 .rodata._ZTV4Dice
                0x00001c8c       0x10 ./src/Dice.o
                0x00001c8c                vtable for Dice
 .rodata._ZTV12DigitalIoPin
                0x00001c9c       0x10 ./src/DigitalIoPin.o
                0x00001c9c                vtable for DigitalIoPin
 .rodata.OscRateIn
                0x00001cac        0x4 C:\studies\year3\period1\Embedded_Systems_programming\Labs\Lab1\lpc_board_nxp_lpcxpresso_1549\Debug\liblpc_board_nxp_lpcxpresso_1549.a(board.o)
                0x00001cac                OscRateIn
 .rodata.RTCOscRateIn
                0x00001cb0        0x4 C:\studies\year3\period1\Embedded_Systems_programming\Labs\Lab1\lpc_board_nxp_lpcxpresso_1549\Debug\liblpc_board_nxp_lpcxpresso_1549.a(board.o)
                0x00001cb0                RTCOscRateIn
 .rodata.ledpins
                0x00001cb4        0x3 C:\studies\year3\period1\Embedded_Systems_programming\Labs\Lab1\lpc_board_nxp_lpcxpresso_1549\Debug\liblpc_board_nxp_lpcxpresso_1549.a(board.o)
 *fill*         0x00001cb7        0x1 ff
 .rodata.ledports
                0x00001cb8        0x3 C:\studies\year3\period1\Embedded_Systems_programming\Labs\Lab1\lpc_board_nxp_lpcxpresso_1549\Debug\liblpc_board_nxp_lpcxpresso_1549.a(board.o)
 *fill*         0x00001cbb        0x1 ff
 .rodata.ioconSetup
                0x00001cbc       0x74 C:\studies\year3\period1\Embedded_Systems_programming\Labs\Lab1\lpc_board_nxp_lpcxpresso_1549\Debug\liblpc_board_nxp_lpcxpresso_1549.a(board_sysinit.o)
 .rodata.swmSetup
                0x00001d30        0x6 C:\studies\year3\period1\Embedded_Systems_programming\Labs\Lab1\lpc_board_nxp_lpcxpresso_1549\Debug\liblpc_board_nxp_lpcxpresso_1549.a(board_sysinit.o)
                0x00001d38                . = ALIGN (0x4)
 *fill*         0x00001d36        0x2 ff
                0x00001d38                . = ALIGN (0x4)
 *(.init)
 .init          0x00001d38        0x4 c:/additional_crap/mcuxpressoide_11.2.1_4149/ide/plugins/com.nxp.mcuxpresso.tools.win32_11.2.0.202008311134/tools/bin/../lib/gcc/arm-none-eabi/9.2.1/thumb/v7-m/nofp\crti.o
                0x00001d38                _init
 .init          0x00001d3c        0x8 c:/additional_crap/mcuxpressoide_11.2.1_4149/ide/plugins/com.nxp.mcuxpresso.tools.win32_11.2.0.202008311134/tools/bin/../lib/gcc/arm-none-eabi/9.2.1/thumb/v7-m/nofp\crtn.o
                0x00001d44                . = ALIGN (0x4)
                0x00001d44                __preinit_array_start = .
 *(.preinit_array)
                0x00001d44                __preinit_array_end = .
                0x00001d44                . = ALIGN (0x4)
                0x00001d44                __init_array_start = .
 *(SORT_BY_NAME(.init_array.*))
 *(.init_array)
 .init_array    0x00001d44        0x4 c:/additional_crap/mcuxpressoide_11.2.1_4149/ide/plugins/com.nxp.mcuxpresso.tools.win32_11.2.0.202008311134/tools/bin/../lib/gcc/arm-none-eabi/9.2.1/thumb/v7-m/nofp\crtbegin.o
                0x00001d48                __init_array_end = .
 *(.fini)
 .fini          0x00001d48        0x4 c:/additional_crap/mcuxpressoide_11.2.1_4149/ide/plugins/com.nxp.mcuxpresso.tools.win32_11.2.0.202008311134/tools/bin/../lib/gcc/arm-none-eabi/9.2.1/thumb/v7-m/nofp\crti.o
                0x00001d48                _fini
 .fini          0x00001d4c        0x8 c:/additional_crap/mcuxpressoide_11.2.1_4149/ide/plugins/com.nxp.mcuxpresso.tools.win32_11.2.0.202008311134/tools/bin/../lib/gcc/arm-none-eabi/9.2.1/thumb/v7-m/nofp\crtn.o
                0x00001d54                . = ALIGN (0x4)
 *crtbegin.o(.ctors)
 *(EXCLUDE_FILE(*crtend.o) .ctors)
 *(SORT_BY_NAME(.ctors.*))
 *crtend.o(.ctors)
                0x00001d54                . = ALIGN (0x4)
 *crtbegin.o(.dtors)
 *(EXCLUDE_FILE(*crtend.o) .dtors)
 *(SORT_BY_NAME(.dtors.*))
 *crtend.o(.dtors)
                0x00001d54                . = ALIGN (0x4)

.glue_7         0x00001d54        0x0
 .glue_7        0x00001d54        0x0 linker stubs

.glue_7t        0x00001d54        0x0
 .glue_7t       0x00001d54        0x0 linker stubs

.vfp11_veneer   0x00001d54        0x0
 .vfp11_veneer  0x00001d54        0x0 linker stubs

.v4_bx          0x00001d54        0x0
 .v4_bx         0x00001d54        0x0 linker stubs

.iplt           0x00001d54        0x0
 .iplt          0x00001d54        0x0 ./src/Dice.o

.ARM.extab
 *(.ARM.extab* .gnu.linkonce.armextab.*)

.ARM.exidx      0x00001d54        0x8
                0x00001d54                __exidx_start = .
 *(.ARM.exidx* .gnu.linkonce.armexidx.*)
 .ARM.exidx     0x00001d54        0x8 c:/additional_crap/mcuxpressoide_11.2.1_4149/ide/plugins/com.nxp.mcuxpresso.tools.win32_11.2.0.202008311134/tools/bin/../lib/gcc/arm-none-eabi/9.2.1/thumb/v7-m/nofp\libgcc.a(_udivmoddi4.o)
 .ARM.exidx.text._ZdlPvj
                0x00001d5c        0x0 c:/additional_crap/mcuxpressoide_11.2.1_4149/ide/plugins/com.nxp.mcuxpresso.tools.win32_11.2.0.202008311134/tools/bin/../lib/gcc/arm-none-eabi/9.2.1/../../../../arm-none-eabi/lib/thumb/v7-m/nofp\libstdc++.a(del_ops.o)
                                  0x8 (size before relaxing)
                0x00001d5c                __exidx_end = .
                0x00001d5c                _etext = .

.rel.dyn        0x00001d5c        0x0
 .rel.iplt      0x00001d5c        0x0 ./src/Dice.o

.eh_frame       0x00001d5c        0x0
 .eh_frame      0x00001d5c        0x0 c:/additional_crap/mcuxpressoide_11.2.1_4149/ide/plugins/com.nxp.mcuxpresso.tools.win32_11.2.0.202008311134/tools/bin/../lib/gcc/arm-none-eabi/9.2.1/thumb/v7-m/nofp\crtbegin.o

.data_RAM2      0x02008000        0x0 load address 0x00001d5c
 FILL mask 0xff
                [!provide]                PROVIDE (__start_data_RAM2 = .)
                [!provide]                PROVIDE (__start_data_Ram2_4 = .)
 *(.ramfunc.$RAM2)
 *(.ramfunc.$Ram2_4)
 *(.data.$RAM2)
 *(.data.$Ram2_4)
 *(.data.$RAM2.*)
 *(.data.$Ram2_4.*)
                0x02008000                . = ALIGN (0x4)
                [!provide]                PROVIDE (__end_data_RAM2 = .)
                [!provide]                PROVIDE (__end_data_Ram2_4 = .)

.uninit_RESERVED
                0x02000000        0x0
                0x02000000                _start_uninit_RESERVED = .
 *(.bss.$RESERVED*)
                0x02000000                . = ALIGN (0x4)
                0x02000000                _end_uninit_RESERVED = .

.data           0x02000000      0x840 load address 0x00001d5c
 FILL mask 0xff
                0x02000000                _data = .
                [!provide]                PROVIDE (__start_data_RAM = .)
                [!provide]                PROVIDE (__start_data_Ram0_16_32 = .)
 *(vtable)
 *(.ramfunc*)
 *(CodeQuickAccess)
 *(DataQuickAccess)
 *(RamFunction)
 *(.data*)
 .data.__malloc_av_
                0x02000000      0x408 c:/additional_crap/mcuxpressoide_11.2.1_4149/ide/plugins/com.nxp.mcuxpresso.tools.win32_11.2.0.202008311134/tools/bin/../lib/gcc/arm-none-eabi/9.2.1/../../../../arm-none-eabi/lib/thumb/v7-m/nofp\libc.a(lib_a-mallocr.o)
                0x02000000                __malloc_av_
 .data.__malloc_sbrk_base
                0x02000408        0x4 c:/additional_crap/mcuxpressoide_11.2.1_4149/ide/plugins/com.nxp.mcuxpresso.tools.win32_11.2.0.202008311134/tools/bin/../lib/gcc/arm-none-eabi/9.2.1/../../../../arm-none-eabi/lib/thumb/v7-m/nofp\libc.a(lib_a-mallocr.o)
                0x02000408                __malloc_sbrk_base
 .data.__malloc_trim_threshold
                0x0200040c        0x4 c:/additional_crap/mcuxpressoide_11.2.1_4149/ide/plugins/com.nxp.mcuxpresso.tools.win32_11.2.0.202008311134/tools/bin/../lib/gcc/arm-none-eabi/9.2.1/../../../../arm-none-eabi/lib/thumb/v7-m/nofp\libc.a(lib_a-mallocr.o)
                0x0200040c                __malloc_trim_threshold
 .data._impure_ptr
                0x02000410        0x4 c:/additional_crap/mcuxpressoide_11.2.1_4149/ide/plugins/com.nxp.mcuxpresso.tools.win32_11.2.0.202008311134/tools/bin/../lib/gcc/arm-none-eabi/9.2.1/../../../../arm-none-eabi/lib/thumb/v7-m/nofp\libc.a(lib_a-impure.o)
                0x02000410                _impure_ptr
 *fill*         0x02000414        0x4 ff
 .data.impure_data
                0x02000418      0x428 c:/additional_crap/mcuxpressoide_11.2.1_4149/ide/plugins/com.nxp.mcuxpresso.tools.win32_11.2.0.202008311134/tools/bin/../lib/gcc/arm-none-eabi/9.2.1/../../../../arm-none-eabi/lib/thumb/v7-m/nofp\libc.a(lib_a-impure.o)
                0x02000840                . = ALIGN (0x4)
                0x02000840                _edata = .
                [!provide]                PROVIDE (__end_data_RAM = .)
                [!provide]                PROVIDE (__end_data_Ram0_16_32 = .)

.igot.plt       0x02000840        0x0 load address 0x0000259c
 .igot.plt      0x02000840        0x0 ./src/Dice.o

.bss_RAM2       0x02008000        0x0
                [!provide]                PROVIDE (__start_bss_RAM2 = .)
                [!provide]                PROVIDE (__start_bss_Ram2_4 = .)
 *(.bss.$RAM2)
 *(.bss.$Ram2_4)
 *(.bss.$RAM2.*)
 *(.bss.$Ram2_4.*)
                0x02008000                . = ALIGN ((. != 0x0)?0x4:0x1)
                [!provide]                PROVIDE (__end_bss_RAM2 = .)
                [!provide]                PROVIDE (__end_bss_Ram2_4 = .)

.bss            0x02000840       0x7c
                0x02000840                _bss = .
                [!provide]                PROVIDE (__start_bss_RAM = .)
                [!provide]                PROVIDE (__start_bss_Ram0_16_32 = .)
 *(.bss*)
 .bss._ZZ4mainE1i
                0x02000840        0x4 ./src/lab1ex3.o
 .bss.__malloc_current_mallinfo
                0x02000844       0x28 c:/additional_crap/mcuxpressoide_11.2.1_4149/ide/plugins/com.nxp.mcuxpresso.tools.win32_11.2.0.202008311134/tools/bin/../lib/gcc/arm-none-eabi/9.2.1/../../../../arm-none-eabi/lib/thumb/v7-m/nofp\libc.a(lib_a-mallocr.o)
                0x02000844                __malloc_current_mallinfo
 .bss.__malloc_top_pad
                0x0200086c        0x4 c:/additional_crap/mcuxpressoide_11.2.1_4149/ide/plugins/com.nxp.mcuxpresso.tools.win32_11.2.0.202008311134/tools/bin/../lib/gcc/arm-none-eabi/9.2.1/../../../../arm-none-eabi/lib/thumb/v7-m/nofp\libc.a(lib_a-mallocr.o)
                0x0200086c                __malloc_top_pad
 .bss.__end_of_heap
                0x02000870        0x4 c:/additional_crap/mcuxpressoide_11.2.1_4149/ide/plugins/com.nxp.mcuxpresso.tools.win32_11.2.0.202008311134/tools/bin/../lib/gcc/arm-none-eabi/9.2.1/../../../../arm-none-eabi/lib/thumb/v7-m/nofp\libcr_newlib_nohost.a(_cr_sbrk.o)
                0x02000870                __end_of_heap
 .bss           0x02000874       0x1c c:/additional_crap/mcuxpressoide_11.2.1_4149/ide/plugins/com.nxp.mcuxpresso.tools.win32_11.2.0.202008311134/tools/bin/../lib/gcc/arm-none-eabi/9.2.1/thumb/v7-m/nofp\crtbegin.o
 *(COMMON)
 COMMON         0x02000890        0x4 C:\studies\year3\period1\Embedded_Systems_programming\Labs\Lab1\lpc_chip_15xx\Debug\liblpc_chip_15xx.a(chip_15xx.o)
                0x02000890                SystemCoreClock
 COMMON         0x02000894       0x21 c:/additional_crap/mcuxpressoide_11.2.1_4149/ide/plugins/com.nxp.mcuxpresso.tools.win32_11.2.0.202008311134/tools/bin/../lib/gcc/arm-none-eabi/9.2.1/../../../../arm-none-eabi/lib/thumb/v7-m/nofp\libc.a(lib_a-lock.o)
                0x02000894                __lock___atexit_recursive_mutex
                0x02000898                __lock___arc4random_mutex
                0x0200089c                __lock___env_recursive_mutex
                0x020008a0                __lock___sinit_recursive_mutex
                0x020008a4                __lock___malloc_recursive_mutex
                0x020008a8                __lock___at_quick_exit_mutex
                0x020008ac                __lock___dd_hash_mutex
                0x020008b0                __lock___tz_mutex
                0x020008b4                __lock___sfp_recursive_mutex
 *fill*         0x020008b5        0x3 
 COMMON         0x020008b8        0x4 c:/additional_crap/mcuxpressoide_11.2.1_4149/ide/plugins/com.nxp.mcuxpresso.tools.win32_11.2.0.202008311134/tools/bin/../lib/gcc/arm-none-eabi/9.2.1/../../../../arm-none-eabi/lib/thumb/v7-m/nofp\libc.a(lib_a-reent.o)
                0x020008b8                errno
                0x020008bc                . = ALIGN (0x4)
                0x020008bc                _ebss = .
                [!provide]                PROVIDE (__end_bss_RAM = .)
                [!provide]                PROVIDE (__end_bss_Ram0_16_32 = .)
                [!provide]                PROVIDE (end = .)

.noinit_RAM2    0x02008000        0x0
                [!provide]                PROVIDE (__start_noinit_RAM2 = .)
                [!provide]                PROVIDE (__start_noinit_Ram2_4 = .)
 *(.noinit.$RAM2)
 *(.noinit.$Ram2_4)
 *(.noinit.$RAM2.*)
 *(.noinit.$Ram2_4.*)
                0x02008000                . = ALIGN (0x4)
                [!provide]                PROVIDE (__end_noinit_RAM2 = .)
                [!provide]                PROVIDE (__end_noinit_Ram2_4 = .)

.noinit         0x020008bc        0x0
                0x020008bc                _noinit = .
                [!provide]                PROVIDE (__start_noinit_RAM = .)
                [!provide]                PROVIDE (__start_noinit_Ram0_16_32 = .)
 *(.noinit*)
                0x020008bc                . = ALIGN (0x4)
                0x020008bc                _end_noinit = .
                [!provide]                PROVIDE (__end_noinit_RAM = .)
                [!provide]                PROVIDE (__end_noinit_Ram0_16_32 = .)
                0x020008bc                PROVIDE (_pvHeapStart = DEFINED (__user_heap_base)?__user_heap_base:.)
                0x02008000                PROVIDE (_vStackTop = DEFINED (__user_stack_top)?__user_stack_top:(__top_Ram0_16_32 - 0x0))
                0xfdff735a                PROVIDE (__valid_user_code_checksum = (0x0 - ((((((_vStackTop + (ResetISR + 0x1)) + (NMI_Handler + 0x1)) + (HardFault_Handler + 0x1)) + (DEFINED (MemManage_Handler)?MemManage_Handler:0x0 + 0x1)) + (DEFINED (BusFault_Handler)?BusFault_Handler:0x0 + 0x1)) + (DEFINED (UsageFault_Handler)?UsageFault_Handler:0x0 + 0x1))))
                0x00000000                _image_start = LOADADDR (.text)
                0x0000259c                _image_end = (LOADADDR (.data) + SIZEOF (.data))
                0x0000259c                _image_size = (_image_end - _image_start)
OUTPUT(lab1ex3.axf elf32-littlearm)

.debug_info     0x00000000     0xadb3
 .debug_info    0x00000000      0xc2b ./src/Dice.o
 .debug_info    0x00000c2b      0xf92 ./src/DigitalIoPin.o
 .debug_info    0x00001bbd     0x1276 ./src/cr_cpp_config.o
 .debug_info    0x00002e33      0x2a0 ./src/cr_startup_lpc15xx.o
 .debug_info    0x000030d3      0xa84 ./src/lab1ex3.o
 .debug_info    0x00003b57      0x9fc ./src/sysinit.o
 .debug_info    0x00004553      0xca8 C:\studies\year3\period1\Embedded_Systems_programming\Labs\Lab1\lpc_board_nxp_lpcxpresso_1549\Debug\liblpc_board_nxp_lpcxpresso_1549.a(board.o)
 .debug_info    0x000051fb      0xe7d C:\studies\year3\period1\Embedded_Systems_programming\Labs\Lab1\lpc_board_nxp_lpcxpresso_1549\Debug\liblpc_board_nxp_lpcxpresso_1549.a(board_sysinit.o)
 .debug_info    0x00006078      0xa58 C:\studies\year3\period1\Embedded_Systems_programming\Labs\Lab1\lpc_chip_15xx\Debug\liblpc_chip_15xx.a(chip_15xx.o)
 .debug_info    0x00006ad0      0xe4e C:\studies\year3\period1\Embedded_Systems_programming\Labs\Lab1\lpc_chip_15xx\Debug\liblpc_chip_15xx.a(clock_15xx.o)
 .debug_info    0x0000791e      0x6e5 C:\studies\year3\period1\Embedded_Systems_programming\Labs\Lab1\lpc_chip_15xx\Debug\liblpc_chip_15xx.a(gpio_15xx.o)
 .debug_info    0x00008003      0x2b0 C:\studies\year3\period1\Embedded_Systems_programming\Labs\Lab1\lpc_chip_15xx\Debug\liblpc_chip_15xx.a(iocon_15xx.o)
 .debug_info    0x000082b3      0x6af C:\studies\year3\period1\Embedded_Systems_programming\Labs\Lab1\lpc_chip_15xx\Debug\liblpc_chip_15xx.a(swm_15xx.o)
 .debug_info    0x00008962      0x816 C:\studies\year3\period1\Embedded_Systems_programming\Labs\Lab1\lpc_chip_15xx\Debug\liblpc_chip_15xx.a(sysctl_15xx.o)
 .debug_info    0x00009178      0x7f0 C:\studies\year3\period1\Embedded_Systems_programming\Labs\Lab1\lpc_chip_15xx\Debug\liblpc_chip_15xx.a(sysinit_15xx.o)
 .debug_info    0x00009968      0x9e2 C:\studies\year3\period1\Embedded_Systems_programming\Labs\Lab1\lpc_chip_15xx\Debug\liblpc_chip_15xx.a(uart_15xx.o)
 .debug_info    0x0000a34a      0x9f8 c:/additional_crap/mcuxpressoide_11.2.1_4149/ide/plugins/com.nxp.mcuxpresso.tools.win32_11.2.0.202008311134/tools/bin/../lib/gcc/arm-none-eabi/9.2.1/../../../../arm-none-eabi/lib/thumb/v7-m/nofp\libcr_newlib_nohost.a(_cr_sbrk.o)
 .debug_info    0x0000ad42       0x71 c:/additional_crap/mcuxpressoide_11.2.1_4149/ide/plugins/com.nxp.mcuxpresso.tools.win32_11.2.0.202008311134/tools/bin/../lib/gcc/arm-none-eabi/9.2.1/../../../../arm-none-eabi/lib/thumb/v7-m/nofp\libcr_newlib_nohost.a(_cr_check_heap.o)

.debug_abbrev   0x00000000     0x2640
 .debug_abbrev  0x00000000      0x353 ./src/Dice.o
 .debug_abbrev  0x00000353      0x3aa ./src/DigitalIoPin.o
 .debug_abbrev  0x000006fd      0x365 ./src/cr_cpp_config.o
 .debug_abbrev  0x00000a62      0x11a ./src/cr_startup_lpc15xx.o
 .debug_abbrev  0x00000b7c      0x209 ./src/lab1ex3.o
 .debug_abbrev  0x00000d85      0x1d9 ./src/sysinit.o
 .debug_abbrev  0x00000f5e      0x26e C:\studies\year3\period1\Embedded_Systems_programming\Labs\Lab1\lpc_board_nxp_lpcxpresso_1549\Debug\liblpc_board_nxp_lpcxpresso_1549.a(board.o)
 .debug_abbrev  0x000011cc      0x27e C:\studies\year3\period1\Embedded_Systems_programming\Labs\Lab1\lpc_board_nxp_lpcxpresso_1549\Debug\liblpc_board_nxp_lpcxpresso_1549.a(board_sysinit.o)
 .debug_abbrev  0x0000144a      0x1ff C:\studies\year3\period1\Embedded_Systems_programming\Labs\Lab1\lpc_chip_15xx\Debug\liblpc_chip_15xx.a(chip_15xx.o)
 .debug_abbrev  0x00001649      0x2fd C:\studies\year3\period1\Embedded_Systems_programming\Labs\Lab1\lpc_chip_15xx\Debug\liblpc_chip_15xx.a(clock_15xx.o)
 .debug_abbrev  0x00001946      0x1b6 C:\studies\year3\period1\Embedded_Systems_programming\Labs\Lab1\lpc_chip_15xx\Debug\liblpc_chip_15xx.a(gpio_15xx.o)
 .debug_abbrev  0x00001afc      0x16c C:\studies\year3\period1\Embedded_Systems_programming\Labs\Lab1\lpc_chip_15xx\Debug\liblpc_chip_15xx.a(iocon_15xx.o)
 .debug_abbrev  0x00001c68      0x198 C:\studies\year3\period1\Embedded_Systems_programming\Labs\Lab1\lpc_chip_15xx\Debug\liblpc_chip_15xx.a(swm_15xx.o)
 .debug_abbrev  0x00001e00      0x169 C:\studies\year3\period1\Embedded_Systems_programming\Labs\Lab1\lpc_chip_15xx\Debug\liblpc_chip_15xx.a(sysctl_15xx.o)
 .debug_abbrev  0x00001f69      0x1f2 C:\studies\year3\period1\Embedded_Systems_programming\Labs\Lab1\lpc_chip_15xx\Debug\liblpc_chip_15xx.a(sysinit_15xx.o)
 .debug_abbrev  0x0000215b      0x230 C:\studies\year3\period1\Embedded_Systems_programming\Labs\Lab1\lpc_chip_15xx\Debug\liblpc_chip_15xx.a(uart_15xx.o)
 .debug_abbrev  0x0000238b      0x24a c:/additional_crap/mcuxpressoide_11.2.1_4149/ide/plugins/com.nxp.mcuxpresso.tools.win32_11.2.0.202008311134/tools/bin/../lib/gcc/arm-none-eabi/9.2.1/../../../../arm-none-eabi/lib/thumb/v7-m/nofp\libcr_newlib_nohost.a(_cr_sbrk.o)
 .debug_abbrev  0x000025d5       0x6b c:/additional_crap/mcuxpressoide_11.2.1_4149/ide/plugins/com.nxp.mcuxpresso.tools.win32_11.2.0.202008311134/tools/bin/../lib/gcc/arm-none-eabi/9.2.1/../../../../arm-none-eabi/lib/thumb/v7-m/nofp\libcr_newlib_nohost.a(_cr_check_heap.o)

.debug_aranges  0x00000000      0x6d8
 .debug_aranges
                0x00000000       0x38 ./src/Dice.o
 .debug_aranges
                0x00000038       0x68 ./src/DigitalIoPin.o
 .debug_aranges
                0x000000a0       0x48 ./src/cr_cpp_config.o
 .debug_aranges
                0x000000e8       0x80 ./src/cr_startup_lpc15xx.o
 .debug_aranges
                0x00000168       0x20 ./src/lab1ex3.o
 .debug_aranges
                0x00000188       0x20 ./src/sysinit.o
 .debug_aranges
                0x000001a8       0xd0 C:\studies\year3\period1\Embedded_Systems_programming\Labs\Lab1\lpc_board_nxp_lpcxpresso_1549\Debug\liblpc_board_nxp_lpcxpresso_1549.a(board.o)
 .debug_aranges
                0x00000278       0x60 C:\studies\year3\period1\Embedded_Systems_programming\Labs\Lab1\lpc_board_nxp_lpcxpresso_1549\Debug\liblpc_board_nxp_lpcxpresso_1549.a(board_sysinit.o)
 .debug_aranges
                0x000002d8       0x50 C:\studies\year3\period1\Embedded_Systems_programming\Labs\Lab1\lpc_chip_15xx\Debug\liblpc_chip_15xx.a(chip_15xx.o)
 .debug_aranges
                0x00000328      0x128 C:\studies\year3\period1\Embedded_Systems_programming\Labs\Lab1\lpc_chip_15xx\Debug\liblpc_chip_15xx.a(clock_15xx.o)
 .debug_aranges
                0x00000450       0x70 C:\studies\year3\period1\Embedded_Systems_programming\Labs\Lab1\lpc_chip_15xx\Debug\liblpc_chip_15xx.a(gpio_15xx.o)
 .debug_aranges
                0x000004c0       0x28 C:\studies\year3\period1\Embedded_Systems_programming\Labs\Lab1\lpc_chip_15xx\Debug\liblpc_chip_15xx.a(iocon_15xx.o)
 .debug_aranges
                0x000004e8       0x40 C:\studies\year3\period1\Embedded_Systems_programming\Labs\Lab1\lpc_chip_15xx\Debug\liblpc_chip_15xx.a(swm_15xx.o)
 .debug_aranges
                0x00000528       0x50 C:\studies\year3\period1\Embedded_Systems_programming\Labs\Lab1\lpc_chip_15xx\Debug\liblpc_chip_15xx.a(sysctl_15xx.o)
 .debug_aranges
                0x00000578       0x58 C:\studies\year3\period1\Embedded_Systems_programming\Labs\Lab1\lpc_chip_15xx\Debug\liblpc_chip_15xx.a(sysinit_15xx.o)
 .debug_aranges
                0x000005d0       0xc8 C:\studies\year3\period1\Embedded_Systems_programming\Labs\Lab1\lpc_chip_15xx\Debug\liblpc_chip_15xx.a(uart_15xx.o)
 .debug_aranges
                0x00000698       0x20 c:/additional_crap/mcuxpressoide_11.2.1_4149/ide/plugins/com.nxp.mcuxpresso.tools.win32_11.2.0.202008311134/tools/bin/../lib/gcc/arm-none-eabi/9.2.1/../../../../arm-none-eabi/lib/thumb/v7-m/nofp\libcr_newlib_nohost.a(_cr_sbrk.o)
 .debug_aranges
                0x000006b8       0x20 c:/additional_crap/mcuxpressoide_11.2.1_4149/ide/plugins/com.nxp.mcuxpresso.tools.win32_11.2.0.202008311134/tools/bin/../lib/gcc/arm-none-eabi/9.2.1/../../../../arm-none-eabi/lib/thumb/v7-m/nofp\libcr_newlib_nohost.a(_cr_check_heap.o)

.debug_ranges   0x00000000      0x5b8
 .debug_ranges  0x00000000       0x28 ./src/Dice.o
 .debug_ranges  0x00000028       0x58 ./src/DigitalIoPin.o
 .debug_ranges  0x00000080       0x38 ./src/cr_cpp_config.o
 .debug_ranges  0x000000b8       0x70 ./src/cr_startup_lpc15xx.o
 .debug_ranges  0x00000128       0x10 ./src/lab1ex3.o
 .debug_ranges  0x00000138       0x10 ./src/sysinit.o
 .debug_ranges  0x00000148       0xc0 C:\studies\year3\period1\Embedded_Systems_programming\Labs\Lab1\lpc_board_nxp_lpcxpresso_1549\Debug\liblpc_board_nxp_lpcxpresso_1549.a(board.o)
 .debug_ranges  0x00000208       0x50 C:\studies\year3\period1\Embedded_Systems_programming\Labs\Lab1\lpc_board_nxp_lpcxpresso_1549\Debug\liblpc_board_nxp_lpcxpresso_1549.a(board_sysinit.o)
 .debug_ranges  0x00000258       0x40 C:\studies\year3\period1\Embedded_Systems_programming\Labs\Lab1\lpc_chip_15xx\Debug\liblpc_chip_15xx.a(chip_15xx.o)
 .debug_ranges  0x00000298      0x118 C:\studies\year3\period1\Embedded_Systems_programming\Labs\Lab1\lpc_chip_15xx\Debug\liblpc_chip_15xx.a(clock_15xx.o)
 .debug_ranges  0x000003b0       0x60 C:\studies\year3\period1\Embedded_Systems_programming\Labs\Lab1\lpc_chip_15xx\Debug\liblpc_chip_15xx.a(gpio_15xx.o)
 .debug_ranges  0x00000410       0x18 C:\studies\year3\period1\Embedded_Systems_programming\Labs\Lab1\lpc_chip_15xx\Debug\liblpc_chip_15xx.a(iocon_15xx.o)
 .debug_ranges  0x00000428       0x30 C:\studies\year3\period1\Embedded_Systems_programming\Labs\Lab1\lpc_chip_15xx\Debug\liblpc_chip_15xx.a(swm_15xx.o)
 .debug_ranges  0x00000458       0x40 C:\studies\year3\period1\Embedded_Systems_programming\Labs\Lab1\lpc_chip_15xx\Debug\liblpc_chip_15xx.a(sysctl_15xx.o)
 .debug_ranges  0x00000498       0x48 C:\studies\year3\period1\Embedded_Systems_programming\Labs\Lab1\lpc_chip_15xx\Debug\liblpc_chip_15xx.a(sysinit_15xx.o)
 .debug_ranges  0x000004e0       0xb8 C:\studies\year3\period1\Embedded_Systems_programming\Labs\Lab1\lpc_chip_15xx\Debug\liblpc_chip_15xx.a(uart_15xx.o)
 .debug_ranges  0x00000598       0x10 c:/additional_crap/mcuxpressoide_11.2.1_4149/ide/plugins/com.nxp.mcuxpresso.tools.win32_11.2.0.202008311134/tools/bin/../lib/gcc/arm-none-eabi/9.2.1/../../../../arm-none-eabi/lib/thumb/v7-m/nofp\libcr_newlib_nohost.a(_cr_sbrk.o)
 .debug_ranges  0x000005a8       0x10 c:/additional_crap/mcuxpressoide_11.2.1_4149/ide/plugins/com.nxp.mcuxpresso.tools.win32_11.2.0.202008311134/tools/bin/../lib/gcc/arm-none-eabi/9.2.1/../../../../arm-none-eabi/lib/thumb/v7-m/nofp\libcr_newlib_nohost.a(_cr_check_heap.o)

.debug_macro    0x00000000     0xa0a7
 .debug_macro   0x00000000      0x3f0 ./src/Dice.o
 .debug_macro   0x000003f0      0xb8c ./src/Dice.o
 .debug_macro   0x00000f7c       0x1c ./src/Dice.o
 .debug_macro   0x00000f98       0x22 ./src/Dice.o
 .debug_macro   0x00000fba       0x8e ./src/Dice.o
 .debug_macro   0x00001048       0x51 ./src/Dice.o
 .debug_macro   0x00001099       0xef ./src/Dice.o
 .debug_macro   0x00001188       0x6a ./src/Dice.o
 .debug_macro   0x000011f2      0x1df ./src/Dice.o
 .debug_macro   0x000013d1       0x16 ./src/Dice.o
 .debug_macro   0x000013e7       0x7b ./src/Dice.o
 .debug_macro   0x00001462       0x10 ./src/Dice.o
 .debug_macro   0x00001472       0x2d ./src/Dice.o
 .debug_macro   0x0000149f       0x3a ./src/Dice.o
 .debug_macro   0x000014d9       0x2d ./src/Dice.o
 .debug_macro   0x00001506      0xa7d ./src/Dice.o
 .debug_macro   0x00001f83      0x1b4 ./src/Dice.o
 .debug_macro   0x00002137       0xca ./src/Dice.o
 .debug_macro   0x00002201       0x18 ./src/Dice.o
 .debug_macro   0x00002219       0xb2 ./src/Dice.o
 .debug_macro   0x000022cb       0x70 ./src/Dice.o
 .debug_macro   0x0000233b       0x46 ./src/Dice.o
 .debug_macro   0x00002381       0xd0 ./src/Dice.o
 .debug_macro   0x00002451       0x40 ./src/Dice.o
 .debug_macro   0x00002491      0x233 ./src/Dice.o
 .debug_macro   0x000026c4       0x16 ./src/Dice.o
 .debug_macro   0x000026da       0x88 ./src/Dice.o
 .debug_macro   0x00002762       0x34 ./src/Dice.o
 .debug_macro   0x00002796       0x6a ./src/Dice.o
 .debug_macro   0x00002800       0x40 ./src/Dice.o
 .debug_macro   0x00002840       0x1c ./src/Dice.o
 .debug_macro   0x0000285c       0x16 ./src/Dice.o
 .debug_macro   0x00002872      0x10c ./src/Dice.o
 .debug_macro   0x0000297e      0x2a9 ./src/Dice.o
 .debug_macro   0x00002c27       0x76 ./src/Dice.o
 .debug_macro   0x00002c9d       0x22 ./src/Dice.o
 .debug_macro   0x00002cbf      0x152 ./src/Dice.o
 .debug_macro   0x00002e11       0x82 ./src/Dice.o
 .debug_macro   0x00002e93       0xe6 ./src/Dice.o
 .debug_macro   0x00002f79       0x3a ./src/Dice.o
 .debug_macro   0x00002fb3       0x34 ./src/Dice.o
 .debug_macro   0x00002fe7       0x10 ./src/Dice.o
 .debug_macro   0x00002ff7       0x76 ./src/Dice.o
 .debug_macro   0x0000306d       0x58 ./src/Dice.o
 .debug_macro   0x000030c5      0x2ca ./src/Dice.o
 .debug_macro   0x0000338f      0x22b ./src/Dice.o
 .debug_macro   0x000035ba       0x2e ./src/Dice.o
 .debug_macro   0x000035e8       0x3a ./src/Dice.o
 .debug_macro   0x00003622       0x5e ./src/Dice.o
 .debug_macro   0x00003680       0x18 ./src/Dice.o
 .debug_macro   0x00003698       0x35 ./src/Dice.o
 .debug_macro   0x000036cd       0x34 ./src/Dice.o
 .debug_macro   0x00003701       0x16 ./src/Dice.o
 .debug_macro   0x00003717       0x97 ./src/Dice.o
 .debug_macro   0x000037ae      0x35c ./src/Dice.o
 .debug_macro   0x00003b0a      0x104 ./src/Dice.o
 .debug_macro   0x00003c0e       0x10 ./src/Dice.o
 .debug_macro   0x00003c1e       0x58 ./src/Dice.o
 .debug_macro   0x00003c76       0x1f ./src/Dice.o
 .debug_macro   0x00003c95       0x43 ./src/Dice.o
 .debug_macro   0x00003cd8       0x20 ./src/Dice.o
 .debug_macro   0x00003cf8      0x18e ./src/Dice.o
 .debug_macro   0x00003e86       0x10 ./src/Dice.o
 .debug_macro   0x00003e96       0x1c ./src/Dice.o
 .debug_macro   0x00003eb2       0x52 ./src/Dice.o
 .debug_macro   0x00003f04       0x40 ./src/Dice.o
 .debug_macro   0x00003f44       0x10 ./src/Dice.o
 .debug_macro   0x00003f54       0x40 ./src/Dice.o
 .debug_macro   0x00003f94       0xd7 ./src/Dice.o
 .debug_macro   0x0000406b       0x1c ./src/Dice.o
 .debug_macro   0x00004087       0x3d ./src/Dice.o
 .debug_macro   0x000040c4       0x16 ./src/Dice.o
 .debug_macro   0x000040da      0x137 ./src/Dice.o
 .debug_macro   0x00004211       0x20 ./src/Dice.o
 .debug_macro   0x00004231      0x37f ./src/DigitalIoPin.o
 .debug_macro   0x000045b0      0xb62 ./src/DigitalIoPin.o
 .debug_macro   0x00005112       0x56 ./src/DigitalIoPin.o
 .debug_macro   0x00005168       0xb6 ./src/DigitalIoPin.o
 .debug_macro   0x0000521e      0x114 ./src/DigitalIoPin.o
 .debug_macro   0x00005332      0x137 ./src/cr_cpp_config.o
 .debug_macro   0x00005469      0x17d ./src/cr_cpp_config.o
 .debug_macro   0x000055e6       0x10 ./src/cr_cpp_config.o
 .debug_macro   0x000055f6      0x409 ./src/cr_cpp_config.o
 .debug_macro   0x000059ff       0x10 ./src/cr_cpp_config.o
 .debug_macro   0x00005a0f       0x58 ./src/cr_cpp_config.o
 .debug_macro   0x00005a67       0x5c ./src/cr_cpp_config.o
 .debug_macro   0x00005ac3       0x16 ./src/cr_cpp_config.o
 .debug_macro   0x00005ad9      0x10e ./src/cr_cpp_config.o
 .debug_macro   0x00005be7       0x94 ./src/cr_cpp_config.o
 .debug_macro   0x00005c7b       0x57 ./src/cr_cpp_config.o
 .debug_macro   0x00005cd2       0x22 ./src/cr_cpp_config.o
 .debug_macro   0x00005cf4       0x1c ./src/cr_cpp_config.o
 .debug_macro   0x00005d10       0xde ./src/cr_cpp_config.o
 .debug_macro   0x00005dee       0x23 ./src/cr_startup_lpc15xx.o
 .debug_macro   0x00005e11      0x3ff ./src/lab1ex3.o
 .debug_macro   0x00006210       0x34 ./src/lab1ex3.o
 .debug_macro   0x00006244       0x82 ./src/lab1ex3.o
 .debug_macro   0x000062c6      0x376 ./src/sysinit.o
 .debug_macro   0x0000663c       0x22 ./src/sysinit.o
 .debug_macro   0x0000665e      0xa7d ./src/sysinit.o
 .debug_macro   0x000070db       0x34 ./src/sysinit.o
 .debug_macro   0x0000710f       0x97 ./src/sysinit.o
 .debug_macro   0x000071a6      0x339 ./src/sysinit.o
 .debug_macro   0x000074df       0xfd ./src/sysinit.o
 .debug_macro   0x000075dc       0x43 ./src/sysinit.o
 .debug_macro   0x0000761f      0x129 ./src/sysinit.o
 .debug_macro   0x00007748      0x284 C:\studies\year3\period1\Embedded_Systems_programming\Labs\Lab1\lpc_board_nxp_lpcxpresso_1549\Debug\liblpc_board_nxp_lpcxpresso_1549.a(board.o)
 .debug_macro   0x000079cc      0xaa8 C:\studies\year3\period1\Embedded_Systems_programming\Labs\Lab1\lpc_board_nxp_lpcxpresso_1549\Debug\liblpc_board_nxp_lpcxpresso_1549.a(board.o)
 .debug_macro   0x00008474       0x10 C:\studies\year3\period1\Embedded_Systems_programming\Labs\Lab1\lpc_board_nxp_lpcxpresso_1549\Debug\liblpc_board_nxp_lpcxpresso_1549.a(board.o)
 .debug_macro   0x00008484      0x12e C:\studies\year3\period1\Embedded_Systems_programming\Labs\Lab1\lpc_board_nxp_lpcxpresso_1549\Debug\liblpc_board_nxp_lpcxpresso_1549.a(board.o)
 .debug_macro   0x000085b2      0x5b3 C:\studies\year3\period1\Embedded_Systems_programming\Labs\Lab1\lpc_board_nxp_lpcxpresso_1549\Debug\liblpc_board_nxp_lpcxpresso_1549.a(board.o)
 .debug_macro   0x00008b65       0x22 C:\studies\year3\period1\Embedded_Systems_programming\Labs\Lab1\lpc_board_nxp_lpcxpresso_1549\Debug\liblpc_board_nxp_lpcxpresso_1549.a(board.o)
 .debug_macro   0x00008b87       0x9a C:\studies\year3\period1\Embedded_Systems_programming\Labs\Lab1\lpc_board_nxp_lpcxpresso_1549\Debug\liblpc_board_nxp_lpcxpresso_1549.a(board.o)
 .debug_macro   0x00008c21       0x12 C:\studies\year3\period1\Embedded_Systems_programming\Labs\Lab1\lpc_board_nxp_lpcxpresso_1549\Debug\liblpc_board_nxp_lpcxpresso_1549.a(board.o)
 .debug_macro   0x00008c33      0x288 C:\studies\year3\period1\Embedded_Systems_programming\Labs\Lab1\lpc_board_nxp_lpcxpresso_1549\Debug\liblpc_board_nxp_lpcxpresso_1549.a(board_sysinit.o)
 .debug_macro   0x00008ebb      0x239 C:\studies\year3\period1\Embedded_Systems_programming\Labs\Lab1\lpc_chip_15xx\Debug\liblpc_chip_15xx.a(chip_15xx.o)
 .debug_macro   0x000090f4      0x239 C:\studies\year3\period1\Embedded_Systems_programming\Labs\Lab1\lpc_chip_15xx\Debug\liblpc_chip_15xx.a(clock_15xx.o)
 .debug_macro   0x0000932d      0x239 C:\studies\year3\period1\Embedded_Systems_programming\Labs\Lab1\lpc_chip_15xx\Debug\liblpc_chip_15xx.a(gpio_15xx.o)
 .debug_macro   0x00009566      0x239 C:\studies\year3\period1\Embedded_Systems_programming\Labs\Lab1\lpc_chip_15xx\Debug\liblpc_chip_15xx.a(iocon_15xx.o)
 .debug_macro   0x0000979f      0x245 C:\studies\year3\period1\Embedded_Systems_programming\Labs\Lab1\lpc_chip_15xx\Debug\liblpc_chip_15xx.a(swm_15xx.o)
 .debug_macro   0x000099e4      0x251 C:\studies\year3\period1\Embedded_Systems_programming\Labs\Lab1\lpc_chip_15xx\Debug\liblpc_chip_15xx.a(sysctl_15xx.o)
 .debug_macro   0x00009c35      0x239 C:\studies\year3\period1\Embedded_Systems_programming\Labs\Lab1\lpc_chip_15xx\Debug\liblpc_chip_15xx.a(sysinit_15xx.o)
 .debug_macro   0x00009e6e      0x239 C:\studies\year3\period1\Embedded_Systems_programming\Labs\Lab1\lpc_chip_15xx\Debug\liblpc_chip_15xx.a(uart_15xx.o)

.debug_line     0x00000000     0x6eab
 .debug_line    0x00000000      0x8bc ./src/Dice.o
 .debug_line    0x000008bc      0x8dc ./src/DigitalIoPin.o
 .debug_line    0x00001198      0x601 ./src/cr_cpp_config.o
 .debug_line    0x00001799      0x172 ./src/cr_startup_lpc15xx.o
 .debug_line    0x0000190b      0x84a ./src/lab1ex3.o
 .debug_line    0x00002155      0x75d ./src/sysinit.o
 .debug_line    0x000028b2      0x87d C:\studies\year3\period1\Embedded_Systems_programming\Labs\Lab1\lpc_board_nxp_lpcxpresso_1549\Debug\liblpc_board_nxp_lpcxpresso_1549.a(board.o)
 .debug_line    0x0000312f      0x6bd C:\studies\year3\period1\Embedded_Systems_programming\Labs\Lab1\lpc_board_nxp_lpcxpresso_1549\Debug\liblpc_board_nxp_lpcxpresso_1549.a(board_sysinit.o)
 .debug_line    0x000037ec      0x5ad C:\studies\year3\period1\Embedded_Systems_programming\Labs\Lab1\lpc_chip_15xx\Debug\liblpc_chip_15xx.a(chip_15xx.o)
 .debug_line    0x00003d99      0x9ce C:\studies\year3\period1\Embedded_Systems_programming\Labs\Lab1\lpc_chip_15xx\Debug\liblpc_chip_15xx.a(clock_15xx.o)
 .debug_line    0x00004767      0x623 C:\studies\year3\period1\Embedded_Systems_programming\Labs\Lab1\lpc_chip_15xx\Debug\liblpc_chip_15xx.a(gpio_15xx.o)
 .debug_line    0x00004d8a      0x52a C:\studies\year3\period1\Embedded_Systems_programming\Labs\Lab1\lpc_chip_15xx\Debug\liblpc_chip_15xx.a(iocon_15xx.o)
 .debug_line    0x000052b4      0x595 C:\studies\year3\period1\Embedded_Systems_programming\Labs\Lab1\lpc_chip_15xx\Debug\liblpc_chip_15xx.a(swm_15xx.o)
 .debug_line    0x00005849      0x5ea C:\studies\year3\period1\Embedded_Systems_programming\Labs\Lab1\lpc_chip_15xx\Debug\liblpc_chip_15xx.a(sysctl_15xx.o)
 .debug_line    0x00005e33      0x60b C:\studies\year3\period1\Embedded_Systems_programming\Labs\Lab1\lpc_chip_15xx\Debug\liblpc_chip_15xx.a(sysinit_15xx.o)
 .debug_line    0x0000643e      0x815 C:\studies\year3\period1\Embedded_Systems_programming\Labs\Lab1\lpc_chip_15xx\Debug\liblpc_chip_15xx.a(uart_15xx.o)
 .debug_line    0x00006c53      0x1f7 c:/additional_crap/mcuxpressoide_11.2.1_4149/ide/plugins/com.nxp.mcuxpresso.tools.win32_11.2.0.202008311134/tools/bin/../lib/gcc/arm-none-eabi/9.2.1/../../../../arm-none-eabi/lib/thumb/v7-m/nofp\libcr_newlib_nohost.a(_cr_sbrk.o)
 .debug_line    0x00006e4a       0x61 c:/additional_crap/mcuxpressoide_11.2.1_4149/ide/plugins/com.nxp.mcuxpresso.tools.win32_11.2.0.202008311134/tools/bin/../lib/gcc/arm-none-eabi/9.2.1/../../../../arm-none-eabi/lib/thumb/v7-m/nofp\libcr_newlib_nohost.a(_cr_check_heap.o)

.debug_str      0x00000000    0x1a247
 .debug_str     0x00000000    0x13798 ./src/Dice.o
                              0x13a59 (size before relaxing)
 .debug_str     0x00013798      0x389 ./src/DigitalIoPin.o
                              0x12fb6 (size before relaxing)
 .debug_str     0x00013b21     0x1a2c ./src/cr_cpp_config.o
                               0x7e9d (size before relaxing)
 .debug_str     0x0001554d      0x21d ./src/cr_startup_lpc15xx.o
                               0x3365 (size before relaxing)
 .debug_str     0x0001576a      0x469 ./src/lab1ex3.o
                              0x13e27 (size before relaxing)
 .debug_str     0x00015bd3      0x31a ./src/sysinit.o
                              0x129cd (size before relaxing)
 .debug_str     0x00015eed     0x23a8 C:\studies\year3\period1\Embedded_Systems_programming\Labs\Lab1\lpc_board_nxp_lpcxpresso_1549\Debug\liblpc_board_nxp_lpcxpresso_1549.a(board.o)
                              0x1091b (size before relaxing)
 .debug_str     0x00018295      0x88e C:\studies\year3\period1\Embedded_Systems_programming\Labs\Lab1\lpc_board_nxp_lpcxpresso_1549\Debug\liblpc_board_nxp_lpcxpresso_1549.a(board_sysinit.o)
                              0x10f0d (size before relaxing)
 .debug_str     0x00018b23      0x150 C:\studies\year3\period1\Embedded_Systems_programming\Labs\Lab1\lpc_chip_15xx\Debug\liblpc_chip_15xx.a(chip_15xx.o)
                              0x105ba (size before relaxing)
 .debug_str     0x00018c73      0x89d C:\studies\year3\period1\Embedded_Systems_programming\Labs\Lab1\lpc_chip_15xx\Debug\liblpc_chip_15xx.a(clock_15xx.o)
                              0x109ca (size before relaxing)
 .debug_str     0x00019510       0xdf C:\studies\year3\period1\Embedded_Systems_programming\Labs\Lab1\lpc_chip_15xx\Debug\liblpc_chip_15xx.a(gpio_15xx.o)
                              0x10077 (size before relaxing)
 .debug_str     0x000195ef       0x41 C:\studies\year3\period1\Embedded_Systems_programming\Labs\Lab1\lpc_chip_15xx\Debug\liblpc_chip_15xx.a(iocon_15xx.o)
                               0xfb94 (size before relaxing)
 .debug_str     0x00019630      0x55d C:\studies\year3\period1\Embedded_Systems_programming\Labs\Lab1\lpc_chip_15xx\Debug\liblpc_chip_15xx.a(swm_15xx.o)
                              0x1059c (size before relaxing)
 .debug_str     0x00019b8d      0x183 C:\studies\year3\period1\Embedded_Systems_programming\Labs\Lab1\lpc_chip_15xx\Debug\liblpc_chip_15xx.a(sysctl_15xx.o)
                              0x10081 (size before relaxing)
 .debug_str     0x00019d10      0x13f C:\studies\year3\period1\Embedded_Systems_programming\Labs\Lab1\lpc_chip_15xx\Debug\liblpc_chip_15xx.a(sysinit_15xx.o)
                              0x10070 (size before relaxing)
 .debug_str     0x00019e4f      0x20f C:\studies\year3\period1\Embedded_Systems_programming\Labs\Lab1\lpc_chip_15xx\Debug\liblpc_chip_15xx.a(uart_15xx.o)
                              0x101d3 (size before relaxing)
 .debug_str     0x0001a05e      0x1c4 c:/additional_crap/mcuxpressoide_11.2.1_4149/ide/plugins/com.nxp.mcuxpresso.tools.win32_11.2.0.202008311134/tools/bin/../lib/gcc/arm-none-eabi/9.2.1/../../../../arm-none-eabi/lib/thumb/v7-m/nofp\libcr_newlib_nohost.a(_cr_sbrk.o)
                                0x63c (size before relaxing)
 .debug_str     0x0001a222       0x25 c:/additional_crap/mcuxpressoide_11.2.1_4149/ide/plugins/com.nxp.mcuxpresso.tools.win32_11.2.0.202008311134/tools/bin/../lib/gcc/arm-none-eabi/9.2.1/../../../../arm-none-eabi/lib/thumb/v7-m/nofp\libcr_newlib_nohost.a(_cr_check_heap.o)
                                0x194 (size before relaxing)

.comment        0x00000000       0x79
 .comment       0x00000000       0x79 ./src/Dice.o
                                 0x7a (size before relaxing)
 .comment       0x00000079       0x7a ./src/DigitalIoPin.o
 .comment       0x00000079       0x7a ./src/cr_cpp_config.o
 .comment       0x00000079       0x7a ./src/cr_startup_lpc15xx.o
 .comment       0x00000079       0x7a ./src/lab1ex3.o
 .comment       0x00000079       0x7a ./src/sysinit.o
 .comment       0x00000079       0x7a C:\studies\year3\period1\Embedded_Systems_programming\Labs\Lab1\lpc_board_nxp_lpcxpresso_1549\Debug\liblpc_board_nxp_lpcxpresso_1549.a(board.o)
 .comment       0x00000079       0x7a C:\studies\year3\period1\Embedded_Systems_programming\Labs\Lab1\lpc_board_nxp_lpcxpresso_1549\Debug\liblpc_board_nxp_lpcxpresso_1549.a(board_sysinit.o)
 .comment       0x00000079       0x7a C:\studies\year3\period1\Embedded_Systems_programming\Labs\Lab1\lpc_chip_15xx\Debug\liblpc_chip_15xx.a(chip_15xx.o)
 .comment       0x00000079       0x7a C:\studies\year3\period1\Embedded_Systems_programming\Labs\Lab1\lpc_chip_15xx\Debug\liblpc_chip_15xx.a(clock_15xx.o)
 .comment       0x00000079       0x7a C:\studies\year3\period1\Embedded_Systems_programming\Labs\Lab1\lpc_chip_15xx\Debug\liblpc_chip_15xx.a(gpio_15xx.o)
 .comment       0x00000079       0x7a C:\studies\year3\period1\Embedded_Systems_programming\Labs\Lab1\lpc_chip_15xx\Debug\liblpc_chip_15xx.a(iocon_15xx.o)
 .comment       0x00000079       0x7a C:\studies\year3\period1\Embedded_Systems_programming\Labs\Lab1\lpc_chip_15xx\Debug\liblpc_chip_15xx.a(swm_15xx.o)
 .comment       0x00000079       0x7a C:\studies\year3\period1\Embedded_Systems_programming\Labs\Lab1\lpc_chip_15xx\Debug\liblpc_chip_15xx.a(sysctl_15xx.o)
 .comment       0x00000079       0x7a C:\studies\year3\period1\Embedded_Systems_programming\Labs\Lab1\lpc_chip_15xx\Debug\liblpc_chip_15xx.a(sysinit_15xx.o)
 .comment       0x00000079       0x7a C:\studies\year3\period1\Embedded_Systems_programming\Labs\Lab1\lpc_chip_15xx\Debug\liblpc_chip_15xx.a(uart_15xx.o)
 .comment       0x00000079       0x7a c:/additional_crap/mcuxpressoide_11.2.1_4149/ide/plugins/com.nxp.mcuxpresso.tools.win32_11.2.0.202008311134/tools/bin/../lib/gcc/arm-none-eabi/9.2.1/../../../../arm-none-eabi/lib/thumb/v7-m/nofp\libcr_newlib_nohost.a(_cr_sbrk.o)
 .comment       0x00000079       0x7a c:/additional_crap/mcuxpressoide_11.2.1_4149/ide/plugins/com.nxp.mcuxpresso.tools.win32_11.2.0.202008311134/tools/bin/../lib/gcc/arm-none-eabi/9.2.1/../../../../arm-none-eabi/lib/thumb/v7-m/nofp\libcr_newlib_nohost.a(_cr_check_heap.o)

.ARM.attributes
                0x00000000       0x2b
 .ARM.attributes
                0x00000000       0x2d ./src/Dice.o
 .ARM.attributes
                0x0000002d       0x2d ./src/DigitalIoPin.o
 .ARM.attributes
                0x0000005a       0x2d ./src/cr_cpp_config.o
 .ARM.attributes
                0x00000087       0x2d ./src/cr_startup_lpc15xx.o
 .ARM.attributes
                0x000000b4       0x2d ./src/lab1ex3.o
 .ARM.attributes
                0x000000e1       0x2d ./src/sysinit.o
 .ARM.attributes
                0x0000010e       0x2d C:\studies\year3\period1\Embedded_Systems_programming\Labs\Lab1\lpc_board_nxp_lpcxpresso_1549\Debug\liblpc_board_nxp_lpcxpresso_1549.a(board.o)
 .ARM.attributes
                0x0000013b       0x2d C:\studies\year3\period1\Embedded_Systems_programming\Labs\Lab1\lpc_board_nxp_lpcxpresso_1549\Debug\liblpc_board_nxp_lpcxpresso_1549.a(board_sysinit.o)
 .ARM.attributes
                0x00000168       0x2d C:\studies\year3\period1\Embedded_Systems_programming\Labs\Lab1\lpc_chip_15xx\Debug\liblpc_chip_15xx.a(chip_15xx.o)
 .ARM.attributes
                0x00000195       0x2d C:\studies\year3\period1\Embedded_Systems_programming\Labs\Lab1\lpc_chip_15xx\Debug\liblpc_chip_15xx.a(clock_15xx.o)
 .ARM.attributes
                0x000001c2       0x2d C:\studies\year3\period1\Embedded_Systems_programming\Labs\Lab1\lpc_chip_15xx\Debug\liblpc_chip_15xx.a(gpio_15xx.o)
 .ARM.attributes
                0x000001ef       0x2d C:\studies\year3\period1\Embedded_Systems_programming\Labs\Lab1\lpc_chip_15xx\Debug\liblpc_chip_15xx.a(iocon_15xx.o)
 .ARM.attributes
                0x0000021c       0x2d C:\studies\year3\period1\Embedded_Systems_programming\Labs\Lab1\lpc_chip_15xx\Debug\liblpc_chip_15xx.a(swm_15xx.o)
 .ARM.attributes
                0x00000249       0x2d C:\studies\year3\period1\Embedded_Systems_programming\Labs\Lab1\lpc_chip_15xx\Debug\liblpc_chip_15xx.a(sysctl_15xx.o)
 .ARM.attributes
                0x00000276       0x2d C:\studies\year3\period1\Embedded_Systems_programming\Labs\Lab1\lpc_chip_15xx\Debug\liblpc_chip_15xx.a(sysinit_15xx.o)
 .ARM.attributes
                0x000002a3       0x2d C:\studies\year3\period1\Embedded_Systems_programming\Labs\Lab1\lpc_chip_15xx\Debug\liblpc_chip_15xx.a(uart_15xx.o)
 .ARM.attributes
                0x000002d0       0x1d c:/additional_crap/mcuxpressoide_11.2.1_4149/ide/plugins/com.nxp.mcuxpresso.tools.win32_11.2.0.202008311134/tools/bin/../lib/gcc/arm-none-eabi/9.2.1/thumb/v7-m/nofp\libgcc.a(_aeabi_uldivmod.o)
 .ARM.attributes
                0x000002ed       0x2d c:/additional_crap/mcuxpressoide_11.2.1_4149/ide/plugins/com.nxp.mcuxpresso.tools.win32_11.2.0.202008311134/tools/bin/../lib/gcc/arm-none-eabi/9.2.1/thumb/v7-m/nofp\libgcc.a(_udivmoddi4.o)
 .ARM.attributes
                0x0000031a       0x1d c:/additional_crap/mcuxpressoide_11.2.1_4149/ide/plugins/com.nxp.mcuxpresso.tools.win32_11.2.0.202008311134/tools/bin/../lib/gcc/arm-none-eabi/9.2.1/thumb/v7-m/nofp\libgcc.a(_dvmd_tls.o)
 .ARM.attributes
                0x00000337       0x2d c:/additional_crap/mcuxpressoide_11.2.1_4149/ide/plugins/com.nxp.mcuxpresso.tools.win32_11.2.0.202008311134/tools/bin/../lib/gcc/arm-none-eabi/9.2.1/../../../../arm-none-eabi/lib/thumb/v7-m/nofp\libc.a(lib_a-init.o)
 .ARM.attributes
                0x00000364       0x2d c:/additional_crap/mcuxpressoide_11.2.1_4149/ide/plugins/com.nxp.mcuxpresso.tools.win32_11.2.0.202008311134/tools/bin/../lib/gcc/arm-none-eabi/9.2.1/../../../../arm-none-eabi/lib/thumb/v7-m/nofp\libc.a(lib_a-malloc.o)
 .ARM.attributes
                0x00000391       0x2d c:/additional_crap/mcuxpressoide_11.2.1_4149/ide/plugins/com.nxp.mcuxpresso.tools.win32_11.2.0.202008311134/tools/bin/../lib/gcc/arm-none-eabi/9.2.1/../../../../arm-none-eabi/lib/thumb/v7-m/nofp\libc.a(lib_a-mallocr.o)
 .ARM.attributes
                0x000003be       0x2d c:/additional_crap/mcuxpressoide_11.2.1_4149/ide/plugins/com.nxp.mcuxpresso.tools.win32_11.2.0.202008311134/tools/bin/../lib/gcc/arm-none-eabi/9.2.1/../../../../arm-none-eabi/lib/thumb/v7-m/nofp\libc.a(lib_a-mlock.o)
 .ARM.attributes
                0x000003eb       0x2d c:/additional_crap/mcuxpressoide_11.2.1_4149/ide/plugins/com.nxp.mcuxpresso.tools.win32_11.2.0.202008311134/tools/bin/../lib/gcc/arm-none-eabi/9.2.1/../../../../arm-none-eabi/lib/thumb/v7-m/nofp\libc.a(lib_a-sbrkr.o)
 .ARM.attributes
                0x00000418       0x2d c:/additional_crap/mcuxpressoide_11.2.1_4149/ide/plugins/com.nxp.mcuxpresso.tools.win32_11.2.0.202008311134/tools/bin/../lib/gcc/arm-none-eabi/9.2.1/../../../../arm-none-eabi/lib/thumb/v7-m/nofp\libc.a(lib_a-freer.o)
 .ARM.attributes
                0x00000445       0x2d c:/additional_crap/mcuxpressoide_11.2.1_4149/ide/plugins/com.nxp.mcuxpresso.tools.win32_11.2.0.202008311134/tools/bin/../lib/gcc/arm-none-eabi/9.2.1/../../../../arm-none-eabi/lib/thumb/v7-m/nofp\libc.a(lib_a-impure.o)
 .ARM.attributes
                0x00000472       0x2d c:/additional_crap/mcuxpressoide_11.2.1_4149/ide/plugins/com.nxp.mcuxpresso.tools.win32_11.2.0.202008311134/tools/bin/../lib/gcc/arm-none-eabi/9.2.1/../../../../arm-none-eabi/lib/thumb/v7-m/nofp\libc.a(lib_a-lock.o)
 .ARM.attributes
                0x0000049f       0x2d c:/additional_crap/mcuxpressoide_11.2.1_4149/ide/plugins/com.nxp.mcuxpresso.tools.win32_11.2.0.202008311134/tools/bin/../lib/gcc/arm-none-eabi/9.2.1/../../../../arm-none-eabi/lib/thumb/v7-m/nofp\libc.a(lib_a-reent.o)
 .ARM.attributes
                0x000004cc       0x2d c:/additional_crap/mcuxpressoide_11.2.1_4149/ide/plugins/com.nxp.mcuxpresso.tools.win32_11.2.0.202008311134/tools/bin/../lib/gcc/arm-none-eabi/9.2.1/../../../../arm-none-eabi/lib/thumb/v7-m/nofp\libstdc++.a(del_ops.o)
 .ARM.attributes
                0x000004f9       0x2d c:/additional_crap/mcuxpressoide_11.2.1_4149/ide/plugins/com.nxp.mcuxpresso.tools.win32_11.2.0.202008311134/tools/bin/../lib/gcc/arm-none-eabi/9.2.1/../../../../arm-none-eabi/lib/thumb/v7-m/nofp\libcr_newlib_nohost.a(_cr_sbrk.o)
 .ARM.attributes
                0x00000526       0x2d c:/additional_crap/mcuxpressoide_11.2.1_4149/ide/plugins/com.nxp.mcuxpresso.tools.win32_11.2.0.202008311134/tools/bin/../lib/gcc/arm-none-eabi/9.2.1/../../../../arm-none-eabi/lib/thumb/v7-m/nofp\libcr_newlib_nohost.a(_cr_check_heap.o)
 .ARM.attributes
                0x00000553       0x1d c:/additional_crap/mcuxpressoide_11.2.1_4149/ide/plugins/com.nxp.mcuxpresso.tools.win32_11.2.0.202008311134/tools/bin/../lib/gcc/arm-none-eabi/9.2.1/thumb/v7-m/nofp\crti.o
 .ARM.attributes
                0x00000570       0x1d c:/additional_crap/mcuxpressoide_11.2.1_4149/ide/plugins/com.nxp.mcuxpresso.tools.win32_11.2.0.202008311134/tools/bin/../lib/gcc/arm-none-eabi/9.2.1/thumb/v7-m/nofp\crtn.o
 .ARM.attributes
                0x0000058d       0x2d c:/additional_crap/mcuxpressoide_11.2.1_4149/ide/plugins/com.nxp.mcuxpresso.tools.win32_11.2.0.202008311134/tools/bin/../lib/gcc/arm-none-eabi/9.2.1/thumb/v7-m/nofp\crtbegin.o
 .ARM.attributes
                0x000005ba       0x2d c:/additional_crap/mcuxpressoide_11.2.1_4149/ide/plugins/com.nxp.mcuxpresso.tools.win32_11.2.0.202008311134/tools/bin/../lib/gcc/arm-none-eabi/9.2.1/../../../../arm-none-eabi/lib/thumb/v7-m/nofp\libc.a(lib_a-errno.o)

.debug_frame    0x00000000     0x1b3c
 .debug_frame   0x00000000       0xa8 ./src/Dice.o
 .debug_frame   0x000000a8      0x190 ./src/DigitalIoPin.o
 .debug_frame   0x00000238       0xe0 ./src/cr_cpp_config.o
 .debug_frame   0x00000318      0x170 ./src/cr_startup_lpc15xx.o
 .debug_frame   0x00000488       0x30 ./src/lab1ex3.o
 .debug_frame   0x000004b8       0x2c ./src/sysinit.o
 .debug_frame   0x000004e4      0x360 C:\studies\year3\period1\Embedded_Systems_programming\Labs\Lab1\lpc_board_nxp_lpcxpresso_1549\Debug\liblpc_board_nxp_lpcxpresso_1549.a(board.o)
 .debug_frame   0x00000844      0x14c C:\studies\year3\period1\Embedded_Systems_programming\Labs\Lab1\lpc_board_nxp_lpcxpresso_1549\Debug\liblpc_board_nxp_lpcxpresso_1549.a(board_sysinit.o)
 .debug_frame   0x00000990      0x104 C:\studies\year3\period1\Embedded_Systems_programming\Labs\Lab1\lpc_chip_15xx\Debug\liblpc_chip_15xx.a(chip_15xx.o)
 .debug_frame   0x00000a94      0x4a8 C:\studies\year3\period1\Embedded_Systems_programming\Labs\Lab1\lpc_chip_15xx\Debug\liblpc_chip_15xx.a(clock_15xx.o)
 .debug_frame   0x00000f3c      0x1b4 C:\studies\year3\period1\Embedded_Systems_programming\Labs\Lab1\lpc_chip_15xx\Debug\liblpc_chip_15xx.a(gpio_15xx.o)
 .debug_frame   0x000010f0       0x5c C:\studies\year3\period1\Embedded_Systems_programming\Labs\Lab1\lpc_chip_15xx\Debug\liblpc_chip_15xx.a(iocon_15xx.o)
 .debug_frame   0x0000114c       0xd4 C:\studies\year3\period1\Embedded_Systems_programming\Labs\Lab1\lpc_chip_15xx\Debug\liblpc_chip_15xx.a(swm_15xx.o)
 .debug_frame   0x00001220      0x124 C:\studies\year3\period1\Embedded_Systems_programming\Labs\Lab1\lpc_chip_15xx\Debug\liblpc_chip_15xx.a(sysctl_15xx.o)
 .debug_frame   0x00001344      0x12c C:\studies\year3\period1\Embedded_Systems_programming\Labs\Lab1\lpc_chip_15xx\Debug\liblpc_chip_15xx.a(sysinit_15xx.o)
 .debug_frame   0x00001470      0x340 C:\studies\year3\period1\Embedded_Systems_programming\Labs\Lab1\lpc_chip_15xx\Debug\liblpc_chip_15xx.a(uart_15xx.o)
 .debug_frame   0x000017b0       0x2c c:/additional_crap/mcuxpressoide_11.2.1_4149/ide/plugins/com.nxp.mcuxpresso.tools.win32_11.2.0.202008311134/tools/bin/../lib/gcc/arm-none-eabi/9.2.1/thumb/v7-m/nofp\libgcc.a(_aeabi_uldivmod.o)
 .debug_frame   0x000017dc       0x34 c:/additional_crap/mcuxpressoide_11.2.1_4149/ide/plugins/com.nxp.mcuxpresso.tools.win32_11.2.0.202008311134/tools/bin/../lib/gcc/arm-none-eabi/9.2.1/thumb/v7-m/nofp\libgcc.a(_udivmoddi4.o)
 .debug_frame   0x00001810       0x2c c:/additional_crap/mcuxpressoide_11.2.1_4149/ide/plugins/com.nxp.mcuxpresso.tools.win32_11.2.0.202008311134/tools/bin/../lib/gcc/arm-none-eabi/9.2.1/../../../../arm-none-eabi/lib/thumb/v7-m/nofp\libc.a(lib_a-init.o)
 .debug_frame   0x0000183c       0x30 c:/additional_crap/mcuxpressoide_11.2.1_4149/ide/plugins/com.nxp.mcuxpresso.tools.win32_11.2.0.202008311134/tools/bin/../lib/gcc/arm-none-eabi/9.2.1/../../../../arm-none-eabi/lib/thumb/v7-m/nofp\libc.a(lib_a-malloc.o)
 .debug_frame   0x0000186c       0x4c c:/additional_crap/mcuxpressoide_11.2.1_4149/ide/plugins/com.nxp.mcuxpresso.tools.win32_11.2.0.202008311134/tools/bin/../lib/gcc/arm-none-eabi/9.2.1/../../../../arm-none-eabi/lib/thumb/v7-m/nofp\libc.a(lib_a-mallocr.o)
 .debug_frame   0x000018b8       0x30 c:/additional_crap/mcuxpressoide_11.2.1_4149/ide/plugins/com.nxp.mcuxpresso.tools.win32_11.2.0.202008311134/tools/bin/../lib/gcc/arm-none-eabi/9.2.1/../../../../arm-none-eabi/lib/thumb/v7-m/nofp\libc.a(lib_a-mlock.o)
 .debug_frame   0x000018e8       0x2c c:/additional_crap/mcuxpressoide_11.2.1_4149/ide/plugins/com.nxp.mcuxpresso.tools.win32_11.2.0.202008311134/tools/bin/../lib/gcc/arm-none-eabi/9.2.1/../../../../arm-none-eabi/lib/thumb/v7-m/nofp\libc.a(lib_a-sbrkr.o)
 .debug_frame   0x00001914       0x8c c:/additional_crap/mcuxpressoide_11.2.1_4149/ide/plugins/com.nxp.mcuxpresso.tools.win32_11.2.0.202008311134/tools/bin/../lib/gcc/arm-none-eabi/9.2.1/../../../../arm-none-eabi/lib/thumb/v7-m/nofp\libc.a(lib_a-freer.o)
 .debug_frame   0x000019a0       0xb0 c:/additional_crap/mcuxpressoide_11.2.1_4149/ide/plugins/com.nxp.mcuxpresso.tools.win32_11.2.0.202008311134/tools/bin/../lib/gcc/arm-none-eabi/9.2.1/../../../../arm-none-eabi/lib/thumb/v7-m/nofp\libc.a(lib_a-lock.o)
 .debug_frame   0x00001a50       0x60 c:/additional_crap/mcuxpressoide_11.2.1_4149/ide/plugins/com.nxp.mcuxpresso.tools.win32_11.2.0.202008311134/tools/bin/../lib/gcc/arm-none-eabi/9.2.1/../../../../arm-none-eabi/lib/thumb/v7-m/nofp\libc.a(lib_a-reent.o)
 .debug_frame   0x00001ab0       0x20 c:/additional_crap/mcuxpressoide_11.2.1_4149/ide/plugins/com.nxp.mcuxpresso.tools.win32_11.2.0.202008311134/tools/bin/../lib/gcc/arm-none-eabi/9.2.1/../../../../arm-none-eabi/lib/thumb/v7-m/nofp\libstdc++.a(del_ops.o)
 .debug_frame   0x00001ad0       0x2c c:/additional_crap/mcuxpressoide_11.2.1_4149/ide/plugins/com.nxp.mcuxpresso.tools.win32_11.2.0.202008311134/tools/bin/../lib/gcc/arm-none-eabi/9.2.1/../../../../arm-none-eabi/lib/thumb/v7-m/nofp\libcr_newlib_nohost.a(_cr_sbrk.o)
 .debug_frame   0x00001afc       0x20 c:/additional_crap/mcuxpressoide_11.2.1_4149/ide/plugins/com.nxp.mcuxpresso.tools.win32_11.2.0.202008311134/tools/bin/../lib/gcc/arm-none-eabi/9.2.1/../../../../arm-none-eabi/lib/thumb/v7-m/nofp\libcr_newlib_nohost.a(_cr_check_heap.o)
 .debug_frame   0x00001b1c       0x20 c:/additional_crap/mcuxpressoide_11.2.1_4149/ide/plugins/com.nxp.mcuxpresso.tools.win32_11.2.0.202008311134/tools/bin/../lib/gcc/arm-none-eabi/9.2.1/../../../../arm-none-eabi/lib/thumb/v7-m/nofp\libc.a(lib_a-errno.o)

.debug_loc      0x00000000       0x7e
 .debug_loc     0x00000000       0x5c c:/additional_crap/mcuxpressoide_11.2.1_4149/ide/plugins/com.nxp.mcuxpresso.tools.win32_11.2.0.202008311134/tools/bin/../lib/gcc/arm-none-eabi/9.2.1/../../../../arm-none-eabi/lib/thumb/v7-m/nofp\libcr_newlib_nohost.a(_cr_sbrk.o)
 .debug_loc     0x0000005c       0x22 c:/additional_crap/mcuxpressoide_11.2.1_4149/ide/plugins/com.nxp.mcuxpresso.tools.win32_11.2.0.202008311134/tools/bin/../lib/gcc/arm-none-eabi/9.2.1/../../../../arm-none-eabi/lib/thumb/v7-m/nofp\libcr_newlib_nohost.a(_cr_check_heap.o)

Cross Reference Table

Symbol                                            File
ACMP0_IRQHandler                                  ./src/cr_startup_lpc15xx.o
ACMP1_IRQHandler                                  ./src/cr_startup_lpc15xx.o
ACMP2_IRQHandler                                  ./src/cr_startup_lpc15xx.o
ACMP3_IRQHandler                                  ./src/cr_startup_lpc15xx.o
ADC0A_IRQHandler                                  ./src/cr_startup_lpc15xx.o
ADC0B_IRQHandler                                  ./src/cr_startup_lpc15xx.o
ADC0_OVR_IRQHandler                               ./src/cr_startup_lpc15xx.o
ADC0_THCMP_IRQHandler                             ./src/cr_startup_lpc15xx.o
ADC1A_IRQHandler                                  ./src/cr_startup_lpc15xx.o
ADC1B_IRQHandler                                  ./src/cr_startup_lpc15xx.o
ADC1_OVR_IRQHandler                               ./src/cr_startup_lpc15xx.o
ADC1_THCMP_IRQHandler                             ./src/cr_startup_lpc15xx.o
BOD_IRQHandler                                    ./src/cr_startup_lpc15xx.o
Board_Debug_Init                                  C:\studies\year3\period1\Embedded_Systems_programming\Labs\Lab1\lpc_board_nxp_lpcxpresso_1549\Debug\liblpc_board_nxp_lpcxpresso_1549.a(board.o)
Board_Init                                        C:\studies\year3\period1\Embedded_Systems_programming\Labs\Lab1\lpc_board_nxp_lpcxpresso_1549\Debug\liblpc_board_nxp_lpcxpresso_1549.a(board.o)
                                                  ./src/lab1ex3.o
Board_Joystick_Init                               C:\studies\year3\period1\Embedded_Systems_programming\Labs\Lab1\lpc_board_nxp_lpcxpresso_1549\Debug\liblpc_board_nxp_lpcxpresso_1549.a(board.o)
Board_LED_Set                                     C:\studies\year3\period1\Embedded_Systems_programming\Labs\Lab1\lpc_board_nxp_lpcxpresso_1549\Debug\liblpc_board_nxp_lpcxpresso_1549.a(board.o)
                                                  ./src/lab1ex3.o
Board_LED_Test                                    C:\studies\year3\period1\Embedded_Systems_programming\Labs\Lab1\lpc_board_nxp_lpcxpresso_1549\Debug\liblpc_board_nxp_lpcxpresso_1549.a(board.o)
Board_LED_Toggle                                  C:\studies\year3\period1\Embedded_Systems_programming\Labs\Lab1\lpc_board_nxp_lpcxpresso_1549\Debug\liblpc_board_nxp_lpcxpresso_1549.a(board.o)
Board_SetupClocking                               C:\studies\year3\period1\Embedded_Systems_programming\Labs\Lab1\lpc_board_nxp_lpcxpresso_1549\Debug\liblpc_board_nxp_lpcxpresso_1549.a(board_sysinit.o)
Board_SetupMuxing                                 C:\studies\year3\period1\Embedded_Systems_programming\Labs\Lab1\lpc_board_nxp_lpcxpresso_1549\Debug\liblpc_board_nxp_lpcxpresso_1549.a(board_sysinit.o)
Board_SystemInit                                  C:\studies\year3\period1\Embedded_Systems_programming\Labs\Lab1\lpc_board_nxp_lpcxpresso_1549\Debug\liblpc_board_nxp_lpcxpresso_1549.a(board_sysinit.o)
                                                  ./src/sysinit.o
Board_UARTGetChar                                 C:\studies\year3\period1\Embedded_Systems_programming\Labs\Lab1\lpc_board_nxp_lpcxpresso_1549\Debug\liblpc_board_nxp_lpcxpresso_1549.a(board.o)
Board_UARTPutChar                                 C:\studies\year3\period1\Embedded_Systems_programming\Labs\Lab1\lpc_board_nxp_lpcxpresso_1549\Debug\liblpc_board_nxp_lpcxpresso_1549.a(board.o)
Board_UARTPutSTR                                  C:\studies\year3\period1\Embedded_Systems_programming\Labs\Lab1\lpc_board_nxp_lpcxpresso_1549\Debug\liblpc_board_nxp_lpcxpresso_1549.a(board.o)
BusFault_Handler                                  ./src/cr_startup_lpc15xx.o
CAN_IRQHandler                                    ./src/cr_startup_lpc15xx.o
CRP_WORD                                          ./src/crp.o
Chip_Clock_DisablePeriphClock                     C:\studies\year3\period1\Embedded_Systems_programming\Labs\Lab1\lpc_chip_15xx\Debug\liblpc_chip_15xx.a(clock_15xx.o)
                                                  C:\studies\year3\period1\Embedded_Systems_programming\Labs\Lab1\lpc_chip_15xx\Debug\liblpc_chip_15xx.a(uart_15xx.o)
                                                  C:\studies\year3\period1\Embedded_Systems_programming\Labs\Lab1\lpc_chip_15xx\Debug\liblpc_chip_15xx.a(gpio_15xx.o)
Chip_Clock_EnablePeriphClock                      C:\studies\year3\period1\Embedded_Systems_programming\Labs\Lab1\lpc_chip_15xx\Debug\liblpc_chip_15xx.a(clock_15xx.o)
                                                  C:\studies\year3\period1\Embedded_Systems_programming\Labs\Lab1\lpc_chip_15xx\Debug\liblpc_chip_15xx.a(uart_15xx.o)
                                                  C:\studies\year3\period1\Embedded_Systems_programming\Labs\Lab1\lpc_chip_15xx\Debug\liblpc_chip_15xx.a(gpio_15xx.o)
                                                  C:\studies\year3\period1\Embedded_Systems_programming\Labs\Lab1\lpc_chip_15xx\Debug\liblpc_chip_15xx.a(chip_15xx.o)
                                                  C:\studies\year3\period1\Embedded_Systems_programming\Labs\Lab1\lpc_board_nxp_lpcxpresso_1549\Debug\liblpc_board_nxp_lpcxpresso_1549.a(board_sysinit.o)
Chip_Clock_GetADCASYNCRate                        C:\studies\year3\period1\Embedded_Systems_programming\Labs\Lab1\lpc_chip_15xx\Debug\liblpc_chip_15xx.a(clock_15xx.o)
Chip_Clock_GetMainClockRate                       C:\studies\year3\period1\Embedded_Systems_programming\Labs\Lab1\lpc_chip_15xx\Debug\liblpc_chip_15xx.a(clock_15xx.o)
                                                  C:\studies\year3\period1\Embedded_Systems_programming\Labs\Lab1\lpc_board_nxp_lpcxpresso_1549\Debug\liblpc_board_nxp_lpcxpresso_1549.a(board.o)
Chip_Clock_GetMainClockSource                     C:\studies\year3\period1\Embedded_Systems_programming\Labs\Lab1\lpc_chip_15xx\Debug\liblpc_chip_15xx.a(clock_15xx.o)
Chip_Clock_GetMain_A_ClockRate                    C:\studies\year3\period1\Embedded_Systems_programming\Labs\Lab1\lpc_chip_15xx\Debug\liblpc_chip_15xx.a(clock_15xx.o)
Chip_Clock_GetMain_B_ClockRate                    C:\studies\year3\period1\Embedded_Systems_programming\Labs\Lab1\lpc_chip_15xx\Debug\liblpc_chip_15xx.a(clock_15xx.o)
Chip_Clock_GetSCTPLLInClockRate                   C:\studies\year3\period1\Embedded_Systems_programming\Labs\Lab1\lpc_chip_15xx\Debug\liblpc_chip_15xx.a(clock_15xx.o)
Chip_Clock_GetSCTPLLOutClockRate                  C:\studies\year3\period1\Embedded_Systems_programming\Labs\Lab1\lpc_chip_15xx\Debug\liblpc_chip_15xx.a(clock_15xx.o)
Chip_Clock_GetSysTickClockRate                    C:\studies\year3\period1\Embedded_Systems_programming\Labs\Lab1\lpc_chip_15xx\Debug\liblpc_chip_15xx.a(clock_15xx.o)
Chip_Clock_GetSystemClockRate                     C:\studies\year3\period1\Embedded_Systems_programming\Labs\Lab1\lpc_chip_15xx\Debug\liblpc_chip_15xx.a(clock_15xx.o)
                                                  C:\studies\year3\period1\Embedded_Systems_programming\Labs\Lab1\lpc_chip_15xx\Debug\liblpc_chip_15xx.a(chip_15xx.o)
Chip_Clock_GetSystemPLLInClockRate                C:\studies\year3\period1\Embedded_Systems_programming\Labs\Lab1\lpc_chip_15xx\Debug\liblpc_chip_15xx.a(clock_15xx.o)
Chip_Clock_GetSystemPLLOutClockRate               C:\studies\year3\period1\Embedded_Systems_programming\Labs\Lab1\lpc_chip_15xx\Debug\liblpc_chip_15xx.a(clock_15xx.o)
Chip_Clock_GetUARTBaseClockRate                   C:\studies\year3\period1\Embedded_Systems_programming\Labs\Lab1\lpc_chip_15xx\Debug\liblpc_chip_15xx.a(clock_15xx.o)
                                                  C:\studies\year3\period1\Embedded_Systems_programming\Labs\Lab1\lpc_chip_15xx\Debug\liblpc_chip_15xx.a(uart_15xx.o)
Chip_Clock_GetUSBPLLInClockRate                   C:\studies\year3\period1\Embedded_Systems_programming\Labs\Lab1\lpc_chip_15xx\Debug\liblpc_chip_15xx.a(clock_15xx.o)
Chip_Clock_GetUSBPLLOutClockRate                  C:\studies\year3\period1\Embedded_Systems_programming\Labs\Lab1\lpc_chip_15xx\Debug\liblpc_chip_15xx.a(clock_15xx.o)
Chip_Clock_SetCLKOUTSource                        C:\studies\year3\period1\Embedded_Systems_programming\Labs\Lab1\lpc_chip_15xx\Debug\liblpc_chip_15xx.a(clock_15xx.o)
Chip_Clock_SetMainClockSource                     C:\studies\year3\period1\Embedded_Systems_programming\Labs\Lab1\lpc_chip_15xx\Debug\liblpc_chip_15xx.a(clock_15xx.o)
                                                  C:\studies\year3\period1\Embedded_Systems_programming\Labs\Lab1\lpc_chip_15xx\Debug\liblpc_chip_15xx.a(sysinit_15xx.o)
Chip_Clock_SetPLLBypass                           C:\studies\year3\period1\Embedded_Systems_programming\Labs\Lab1\lpc_chip_15xx\Debug\liblpc_chip_15xx.a(clock_15xx.o)