Archive member included to satisfy reference by file (symbol)

C:\studies\year3\period1\Embedded_Systems_programming\Labs\Lab1\lpc_board_nxp_lpcxpresso_1549\Debug\liblpc_board_nxp_lpcxpresso_1549.a(board.o)
                              ./example/src/systick.o (Board_LED_Set)
C:\studies\year3\period1\Embedded_Systems_programming\Labs\Lab1\lpc_board_nxp_lpcxpresso_1549\Debug\liblpc_board_nxp_lpcxpresso_1549.a(board_sysinit.o)
                              ./example/src/sysinit.o (Board_SystemInit)
C:\studies\year3\period1\Embedded_Systems_programming\Labs\Lab1\lpc_chip_15xx\Debug\liblpc_chip_15xx.a(chip_15xx.o)
                              ./example/src/systick.o (SystemCoreClockUpdate)
C:\studies\year3\period1\Embedded_Systems_programming\Labs\Lab1\lpc_chip_15xx\Debug\liblpc_chip_15xx.a(clock_15xx.o)
                              C:\studies\year3\period1\Embedded_Systems_programming\Labs\Lab1\lpc_board_nxp_lpcxpresso_1549\Debug\liblpc_board_nxp_lpcxpresso_1549.a(board.o) (Chip_Clock_GetMainClockRate)
C:\studies\year3\period1\Embedded_Systems_programming\Labs\Lab1\lpc_chip_15xx\Debug\liblpc_chip_15xx.a(gpio_15xx.o)
                              C:\studies\year3\period1\Embedded_Systems_programming\Labs\Lab1\lpc_board_nxp_lpcxpresso_1549\Debug\liblpc_board_nxp_lpcxpresso_1549.a(board.o) (Chip_GPIO_Init)
C:\studies\year3\period1\Embedded_Systems_programming\Labs\Lab1\lpc_chip_15xx\Debug\liblpc_chip_15xx.a(iocon_15xx.o)
                              C:\studies\year3\period1\Embedded_Systems_programming\Labs\Lab1\lpc_board_nxp_lpcxpresso_1549\Debug\liblpc_board_nxp_lpcxpresso_1549.a(board_sysinit.o) (Chip_IOCON_SetPinMuxing)
C:\studies\year3\period1\Embedded_Systems_programming\Labs\Lab1\lpc_chip_15xx\Debug\liblpc_chip_15xx.a(swm_15xx.o)
                              C:\studies\year3\period1\Embedded_Systems_programming\Labs\Lab1\lpc_board_nxp_lpcxpresso_1549\Debug\liblpc_board_nxp_lpcxpresso_1549.a(board.o) (Chip_SWM_MovablePinAssign)
C:\studies\year3\period1\Embedded_Systems_programming\Labs\Lab1\lpc_chip_15xx\Debug\liblpc_chip_15xx.a(sysctl_15xx.o)
                              C:\studies\year3\period1\Embedded_Systems_programming\Labs\Lab1\lpc_board_nxp_lpcxpresso_1549\Debug\liblpc_board_nxp_lpcxpresso_1549.a(board_sysinit.o) (Chip_SYSCTL_AssertPeriphReset)
C:\studies\year3\period1\Embedded_Systems_programming\Labs\Lab1\lpc_chip_15xx\Debug\liblpc_chip_15xx.a(sysinit_15xx.o)
                              C:\studies\year3\period1\Embedded_Systems_programming\Labs\Lab1\lpc_board_nxp_lpcxpresso_1549\Debug\liblpc_board_nxp_lpcxpresso_1549.a(board_sysinit.o) (Chip_SetupXtalClocking)
C:\studies\year3\period1\Embedded_Systems_programming\Labs\Lab1\lpc_chip_15xx\Debug\liblpc_chip_15xx.a(uart_15xx.o)
                              C:\studies\year3\period1\Embedded_Systems_programming\Labs\Lab1\lpc_board_nxp_lpcxpresso_1549\Debug\liblpc_board_nxp_lpcxpresso_1549.a(board.o) (Chip_UART_Init)
C:\studies\year3\period1\Embedded_Systems_programming\Labs\Lab1\lpc_chip_15xx\Debug\liblpc_chip_15xx.a(ring_buffer.o)
                              C:\studies\year3\period1\Embedded_Systems_programming\Labs\Lab1\lpc_chip_15xx\Debug\liblpc_chip_15xx.a(uart_15xx.o) (RingBuffer_Insert)
c:/additional_crap/mcuxpressoide_11.2.1_4149/ide/plugins/com.nxp.mcuxpresso.tools.win32_11.2.0.202008311134/tools/bin/../lib/gcc/arm-none-eabi/9.2.1/thumb/v7-m/nofp\libgcc.a(_aeabi_uldivmod.o)
                              C:\studies\year3\period1\Embedded_Systems_programming\Labs\Lab1\lpc_chip_15xx\Debug\liblpc_chip_15xx.a(clock_15xx.o) (__aeabi_uldivmod)
c:/additional_crap/mcuxpressoide_11.2.1_4149/ide/plugins/com.nxp.mcuxpresso.tools.win32_11.2.0.202008311134/tools/bin/../lib/gcc/arm-none-eabi/9.2.1/thumb/v7-m/nofp\libgcc.a(_udivmoddi4.o)
                              c:/additional_crap/mcuxpressoide_11.2.1_4149/ide/plugins/com.nxp.mcuxpresso.tools.win32_11.2.0.202008311134/tools/bin/../lib/gcc/arm-none-eabi/9.2.1/thumb/v7-m/nofp\libgcc.a(_aeabi_uldivmod.o) (__udivmoddi4)
c:/additional_crap/mcuxpressoide_11.2.1_4149/ide/plugins/com.nxp.mcuxpresso.tools.win32_11.2.0.202008311134/tools/bin/../lib/gcc/arm-none-eabi/9.2.1/thumb/v7-m/nofp\libgcc.a(_dvmd_tls.o)
                              c:/additional_crap/mcuxpressoide_11.2.1_4149/ide/plugins/com.nxp.mcuxpresso.tools.win32_11.2.0.202008311134/tools/bin/../lib/gcc/arm-none-eabi/9.2.1/thumb/v7-m/nofp\libgcc.a(_aeabi_uldivmod.o) (__aeabi_ldiv0)
c:/additional_crap/mcuxpressoide_11.2.1_4149/ide/plugins/com.nxp.mcuxpresso.tools.win32_11.2.0.202008311134/tools/bin/../lib/gcc/arm-none-eabi/9.2.1/../../../../arm-none-eabi/lib/thumb/v7-m/nofp\libc.a(lib_a-memcpy.o)
                              C:\studies\year3\period1\Embedded_Systems_programming\Labs\Lab1\lpc_chip_15xx\Debug\liblpc_chip_15xx.a(ring_buffer.o) (memcpy)

Allocating common symbols
Common symbol       size              file

[...]
Memory Configuration

Name             Origin             Length             Attributes
MFlash256        0x00000000         0x00040000         xr
Ram0_16          0x02000000         0x00004000         xrw
Ram1_16          0x02004000         0x00004000         xrw
Ram2_4           0x02008000         0x00001000         xrw
*default*        0x00000000         0xffffffff

Linker script and memory map

LOAD ./example/src/cr_startup_lpc15xx.o
LOAD ./example/src/sysinit.o
LOAD ./example/src/systick.o
LOAD C:\studies\year3\period1\Embedded_Systems_programming\Labs\Lab1\lpc_board_nxp_lpcxpresso_1549\Debug\liblpc_board_nxp_lpcxpresso_1549.a
LOAD C:\studies\year3\period1\Embedded_Systems_programming\Labs\Lab1\lpc_chip_15xx\Debug\liblpc_chip_15xx.a
START GROUP
LOAD c:/additional_crap/mcuxpressoide_11.2.1_4149/ide/plugins/com.nxp.mcuxpresso.tools.win32_11.2.0.202008311134/tools/bin/../lib/gcc/arm-none-eabi/9.2.1/thumb/v7-m/nofp\libgcc.a
LOAD c:/additional_crap/mcuxpressoide_11.2.1_4149/ide/plugins/com.nxp.mcuxpresso.tools.win32_11.2.0.202008311134/tools/bin/../lib/gcc/arm-none-eabi/9.2.1/../../../../arm-none-eabi/lib/thumb/v7-m/nofp\libc.a
LOAD c:/additional_crap/mcuxpressoide_11.2.1_4149/ide/plugins/com.nxp.mcuxpresso.tools.win32_11.2.0.202008311134/tools/bin/../lib/gcc/arm-none-eabi/9.2.1/../../../../arm-none-eabi/lib/thumb/v7-m/nofp\libm.a
LOAD c:/additional_crap/mcuxpressoide_11.2.1_4149/ide/plugins/com.nxp.mcuxpresso.tools.win32_11.2.0.202008311134/tools/bin/../lib/gcc/arm-none-eabi/9.2.1/../../../../arm-none-eabi/lib/thumb/v7-m/nofp\libcr_newlib_nohost.a
END GROUP
                0x00000000                __base_MFlash256 = 0x0
                0x00000000                __base_Flash = 0x0
                0x00040000                __top_MFlash256 = 0x40000
                0x00040000                __top_Flash = 0x40000
                0x02000000                __base_Ram0_16 = 0x2000000
                0x02000000                __base_RAM = 0x2000000
                0x02004000                __top_Ram0_16 = 0x2004000
                0x02004000                __top_RAM = 0x2004000
                0x02004000                __base_Ram1_16 = 0x2004000
                0x02004000                __base_RAM2 = 0x2004000
                0x02008000                __top_Ram1_16 = 0x2008000
                0x02008000                __top_RAM2 = 0x2008000
                0x02008000                __base_Ram2_4 = 0x2008000
                0x02008000                __base_RAM3 = 0x2008000
                0x02009000                __top_Ram2_4 = 0x2009000
                0x02009000                __top_RAM3 = 0x2009000

.text           0x00000000     0x14a4
 FILL mask 0xff
                0x00000000                __vectors_start__ = ABSOLUTE (.)
 *(.isr_vector)
 .isr_vector    0x00000000       0xfc ./example/src/cr_startup_lpc15xx.o
                0x00000000                g_pfnVectors
                0x000000fc                . = ALIGN (0x4)
                0x000000fc                __section_table_start = .
                0x000000fc                __data_section_table = .
                0x000000fc        0x4 LONG 0x14ac LOADADDR (.data)
                0x00000100        0x4 LONG 0x2000000 ADDR (.data)
                0x00000104        0x4 LONG 0x0 SIZEOF (.data)
                0x00000108        0x4 LONG 0x14ac LOADADDR (.data_RAM2)
                0x0000010c        0x4 LONG 0x2004000 ADDR (.data_RAM2)
                0x00000110        0x4 LONG 0x0 SIZEOF (.data_RAM2)
                0x00000114        0x4 LONG 0x14ac LOADADDR (.data_RAM3)
                0x00000118        0x4 LONG 0x2008000 ADDR (.data_RAM3)
                0x0000011c        0x4 LONG 0x0 SIZEOF (.data_RAM3)
                0x00000120                __data_section_table_end = .
                0x00000120                __bss_section_table = .
                0x00000120        0x4 LONG 0x2000000 ADDR (.bss)
                0x00000124        0x4 LONG 0x4 SIZEOF (.bss)
                0x00000128        0x4 LONG 0x2004000 ADDR (.bss_RAM2)
                0x0000012c        0x4 LONG 0x0 SIZEOF (.bss_RAM2)
                0x00000130        0x4 LONG 0x2008000 ADDR (.bss_RAM3)
                0x00000134        0x4 LONG 0x0 SIZEOF (.bss_RAM3)
                0x00000138                __bss_section_table_end = .
                0x00000138                __section_table_end = .
 *(.after_vectors*)
 .after_vectors
                0x00000138      0x140 ./example/src/cr_startup_lpc15xx.o
                0x00000138                data_init
                0x0000017c                bss_init
                0x000001b4                ResetISR
                0x0000023c                NMI_Handler
                0x00000242                HardFault_Handler
                0x00000248                MemManage_Handler
                0x0000024e                BusFault_Handler
                0x00000254                UsageFault_Handler
                0x0000025a                SVC_Handler
                0x00000260                DebugMon_Handler
                0x00000266                PendSV_Handler
                0x00000272                UART1_IRQHandler
                0x00000272                RTC_WAKE_IRQHandler
                0x00000272                UART0_IRQHandler
                0x00000272                RIT_IRQHandler
                0x00000272                SCT2_IRQHandler
                0x00000272                SPI1_IRQHandler
                0x00000272                PIN_INT6_IRQHandler
                0x00000272                IntDefaultHandler
                0x00000272                PIN_INT4_IRQHandler
                0x00000272                CAN_IRQHandler
                0x00000272                RTC_ALARM_IRQHandler
                0x00000272                ADC1_THCMP_IRQHandler
                0x00000272                ADC1_OVR_IRQHandler
                0x00000272                USBWakeup_IRQHandler
                0x00000272                MRT_IRQHandler
                0x00000272                UART2_IRQHandler
                0x00000272                PIN_INT5_IRQHandler
                0x00000272                SCT1_IRQHandler
                0x00000272                PIN_INT2_IRQHandler
                0x00000272                USB_FIQHandler
                0x00000272                SCT3_IRQHandler
                0x00000272                PIN_INT7_IRQHandler
                0x00000272                PIN_INT1_IRQHandler
                0x00000272                USB_IRQHandler
                0x00000272                BOD_IRQHandler
                0x00000272                ADC0B_IRQHandler
                0x00000272                ACMP0_IRQHandler
                0x00000272                ADC0_OVR_IRQHandler
                0x00000272                WDT_IRQHandler
                0x00000272                ADC1B_IRQHandler
                0x00000272                PIN_INT0_IRQHandler
                0x00000272                QEI_IRQHandler
                0x00000272                ACMP3_IRQHandler
                0x00000272                GINT0_IRQHandler
                0x00000272                DAC_IRQHandler
                0x00000272                SPI0_IRQHandler
                0x00000272                EEPROM_IRQHandler
                0x00000272                ACMP2_IRQHandler
                0x00000272                I2C0_IRQHandler
                0x00000272                ADC1A_IRQHandler
                0x00000272                DMA_IRQHandler
                0x00000272                PIN_INT3_IRQHandler
                0x00000272                ACMP1_IRQHandler
                0x00000272                SCT0_IRQHandler
                0x00000272                ADC0A_IRQHandler
                0x00000272                FMC_IRQHandler
                0x00000272                GINT1_IRQHandler
                0x00000272                ADC0_THCMP_IRQHandler
 *(.text*)
 .text.SystemInit
                0x00000278        0xc ./example/src/sysinit.o
                0x00000278                SystemInit
 .text.NVIC_SetPriority
                0x00000284       0x54 ./example/src/systick.o
 .text.SysTick_Config
                0x000002d8       0x44 ./example/src/systick.o
 .text.Chip_Clock_SetSysTickClockDiv
                0x0000031c       0x20 ./example/src/systick.o
 .text.SysTick_Handler
                0x0000033c       0x14 ./example/src/systick.o
                0x0000033c                SysTick_Handler
 .text.main     0x00000350       0x44 ./example/src/systick.o
                0x00000350                main
 .text.Chip_IOCON_PinMuxSet
                0x00000394       0x2c C:\studies\year3\period1\Embedded_Systems_programming\Labs\Lab1\lpc_board_nxp_lpcxpresso_1549\Debug\liblpc_board_nxp_lpcxpresso_1549.a(board.o)
 .text.Chip_SWM_MovablePortPinAssign
                0x000003c0       0x30 C:\studies\year3\period1\Embedded_Systems_programming\Labs\Lab1\lpc_board_nxp_lpcxpresso_1549\Debug\liblpc_board_nxp_lpcxpresso_1549.a(board.o)
 .text.Chip_GPIO_SetPinState
                0x000003f0       0x36 C:\studies\year3\period1\Embedded_Systems_programming\Labs\Lab1\lpc_board_nxp_lpcxpresso_1549\Debug\liblpc_board_nxp_lpcxpresso_1549.a(board.o)
 .text.Chip_GPIO_SetPinDIROutput
                0x00000426       0x3c C:\studies\year3\period1\Embedded_Systems_programming\Labs\Lab1\lpc_board_nxp_lpcxpresso_1549\Debug\liblpc_board_nxp_lpcxpresso_1549.a(board.o)
 .text.Chip_GPIO_SetPinToggle
                0x00000462       0x30 C:\studies\year3\period1\Embedded_Systems_programming\Labs\Lab1\lpc_board_nxp_lpcxpresso_1549\Debug\liblpc_board_nxp_lpcxpresso_1549.a(board.o)
 .text.Chip_UART_Enable
                0x00000492       0x1e C:\studies\year3\period1\Embedded_Systems_programming\Labs\Lab1\lpc_board_nxp_lpcxpresso_1549\Debug\liblpc_board_nxp_lpcxpresso_1549.a(board.o)
 .text.Chip_UART_TXEnable
                0x000004b0       0x1e C:\studies\year3\period1\Embedded_Systems_programming\Labs\Lab1\lpc_board_nxp_lpcxpresso_1549\Debug\liblpc_board_nxp_lpcxpresso_1549.a(board.o)
 .text.Chip_UART_ConfigData
                0x000004ce       0x28 C:\studies\year3\period1\Embedded_Systems_programming\Labs\Lab1\lpc_board_nxp_lpcxpresso_1549\Debug\liblpc_board_nxp_lpcxpresso_1549.a(board.o)
 *fill*         0x000004f6        0x2 ff
 .text.Board_Debug_Init
                0x000004f8       0x70 C:\studies\year3\period1\Embedded_Systems_programming\Labs\Lab1\lpc_board_nxp_lpcxpresso_1549\Debug\liblpc_board_nxp_lpcxpresso_1549.a(board.o)
                0x000004f8                Board_Debug_Init
 .text.Board_LED_Init
                0x00000568       0x60 C:\studies\year3\period1\Embedded_Systems_programming\Labs\Lab1\lpc_board_nxp_lpcxpresso_1549\Debug\liblpc_board_nxp_lpcxpresso_1549.a(board.o)
 .text.Board_LED_Set
                0x000005c8       0x54 C:\studies\year3\period1\Embedded_Systems_programming\Labs\Lab1\lpc_board_nxp_lpcxpresso_1549\Debug\liblpc_board_nxp_lpcxpresso_1549.a(board.o)
                0x000005c8                Board_LED_Set
 .text.Board_LED_Toggle
                0x0000061c       0x30 C:\studies\year3\period1\Embedded_Systems_programming\Labs\Lab1\lpc_board_nxp_lpcxpresso_1549\Debug\liblpc_board_nxp_lpcxpresso_1549.a(board.o)
                0x0000061c                Board_LED_Toggle
 .text.Board_Init
                0x0000064c       0x18 C:\studies\year3\period1\Embedded_Systems_programming\Labs\Lab1\lpc_board_nxp_lpcxpresso_1549\Debug\liblpc_board_nxp_lpcxpresso_1549.a(board.o)
                0x0000064c                Board_Init
 .text.Chip_SYSCTL_PeriphReset
                0x00000664       0x22 C:\studies\year3\period1\Embedded_Systems_programming\Labs\Lab1\lpc_board_nxp_lpcxpresso_1549\Debug\liblpc_board_nxp_lpcxpresso_1549.a(board_sysinit.o)
 *fill*         0x00000686        0x2 ff
 .text.Chip_Clock_SetUSBPLLSource
                0x00000688       0x20 C:\studies\year3\period1\Embedded_Systems_programming\Labs\Lab1\lpc_board_nxp_lpcxpresso_1549\Debug\liblpc_board_nxp_lpcxpresso_1549.a(board_sysinit.o)
 .text.Chip_Clock_SetupUSBPLL
                0x000006a8       0x34 C:\studies\year3\period1\Embedded_Systems_programming\Labs\Lab1\lpc_board_nxp_lpcxpresso_1549\Debug\liblpc_board_nxp_lpcxpresso_1549.a(board_sysinit.o)
 .text.Chip_Clock_IsUSBPLLLocked
                0x000006dc       0x24 C:\studies\year3\period1\Embedded_Systems_programming\Labs\Lab1\lpc_board_nxp_lpcxpresso_1549\Debug\liblpc_board_nxp_lpcxpresso_1549.a(board_sysinit.o)
 .text.Chip_Clock_SetSysTickClockDiv
                0x00000700       0x20 C:\studies\year3\period1\Embedded_Systems_programming\Labs\Lab1\lpc_board_nxp_lpcxpresso_1549\Debug\liblpc_board_nxp_lpcxpresso_1549.a(board_sysinit.o)
 .text.Chip_SWM_MovablePortPinAssign
                0x00000720       0x30 C:\studies\year3\period1\Embedded_Systems_programming\Labs\Lab1\lpc_board_nxp_lpcxpresso_1549\Debug\liblpc_board_nxp_lpcxpresso_1549.a(board_sysinit.o)
 .text.Board_SetupMuxing
                0x00000750       0x84 C:\studies\year3\period1\Embedded_Systems_programming\Labs\Lab1\lpc_board_nxp_lpcxpresso_1549\Debug\liblpc_board_nxp_lpcxpresso_1549.a(board_sysinit.o)
                0x00000750                Board_SetupMuxing
 .text.Board_SetupClocking
                0x000007d4       0x3a C:\studies\year3\period1\Embedded_Systems_programming\Labs\Lab1\lpc_board_nxp_lpcxpresso_1549\Debug\liblpc_board_nxp_lpcxpresso_1549.a(board_sysinit.o)
                0x000007d4                Board_SetupClocking
 *fill*         0x0000080e        0x2 ff
 .text.Board_SystemInit
                0x00000810       0x1c C:\studies\year3\period1\Embedded_Systems_programming\Labs\Lab1\lpc_board_nxp_lpcxpresso_1549\Debug\liblpc_board_nxp_lpcxpresso_1549.a(board_sysinit.o)
                0x00000810                Board_SystemInit
 .text.SystemCoreClockUpdate
                0x0000082c       0x18 C:\studies\year3\period1\Embedded_Systems_programming\Labs\Lab1\lpc_chip_15xx\Debug\liblpc_chip_15xx.a(chip_15xx.o)
                0x0000082c                SystemCoreClockUpdate
 .text.Chip_Clock_SetMain_A_ClockSource
                0x00000844       0x20 C:\studies\year3\period1\Embedded_Systems_programming\Labs\Lab1\lpc_chip_15xx\Debug\liblpc_chip_15xx.a(clock_15xx.o)
 .text.Chip_Clock_GetMain_A_ClockSource
                0x00000864       0x18 C:\studies\year3\period1\Embedded_Systems_programming\Labs\Lab1\lpc_chip_15xx\Debug\liblpc_chip_15xx.a(clock_15xx.o)
 .text.Chip_Clock_SetMain_B_ClockSource
                0x0000087c       0x20 C:\studies\year3\period1\Embedded_Systems_programming\Labs\Lab1\lpc_chip_15xx\Debug\liblpc_chip_15xx.a(clock_15xx.o)
 .text.Chip_Clock_GetMain_B_ClockSource
                0x0000089c       0x18 C:\studies\year3\period1\Embedded_Systems_programming\Labs\Lab1\lpc_chip_15xx\Debug\liblpc_chip_15xx.a(clock_15xx.o)
 .text.Chip_Clock_GetSysTickClockDiv
                0x000008b4       0x18 C:\studies\year3\period1\Embedded_Systems_programming\Labs\Lab1\lpc_chip_15xx\Debug\liblpc_chip_15xx.a(clock_15xx.o)
 .text.Chip_Clock_SetUARTFRGDivider
                0x000008cc       0x20 C:\studies\year3\period1\Embedded_Systems_programming\Labs\Lab1\lpc_chip_15xx\Debug\liblpc_chip_15xx.a(clock_15xx.o)
 .text.Chip_Clock_GetUARTFRGDivider
                0x000008ec       0x18 C:\studies\year3\period1\Embedded_Systems_programming\Labs\Lab1\lpc_chip_15xx\Debug\liblpc_chip_15xx.a(clock_15xx.o)
 .text.Chip_Clock_GetMainOscRate
                0x00000904       0x14 C:\studies\year3\period1\Embedded_Systems_programming\Labs\Lab1\lpc_chip_15xx\Debug\liblpc_chip_15xx.a(clock_15xx.o)
 .text.Chip_Clock_GetIntOscRate
                0x00000918       0x14 C:\studies\year3\period1\Embedded_Systems_programming\Labs\Lab1\lpc_chip_15xx\Debug\liblpc_chip_15xx.a(clock_15xx.o)
 .text.Chip_Clock_GetRTCOscRate
                0x0000092c       0x14 C:\studies\year3\period1\Embedded_Systems_programming\Labs\Lab1\lpc_chip_15xx\Debug\liblpc_chip_15xx.a(clock_15xx.o)
 .text.Chip_Clock_GetWDTOSCRate
                0x00000940       0x14 C:\studies\year3\period1\Embedded_Systems_programming\Labs\Lab1\lpc_chip_15xx\Debug\liblpc_chip_15xx.a(clock_15xx.o)
 .text.Chip_Clock_GetPLLFreq
                0x00000954       0x26 C:\studies\year3\period1\Embedded_Systems_programming\Labs\Lab1\lpc_chip_15xx\Debug\liblpc_chip_15xx.a(clock_15xx.o)
 .text.Chip_Clock_GetPLLInClockRate
                0x0000097a       0x38 C:\studies\year3\period1\Embedded_Systems_programming\Labs\Lab1\lpc_chip_15xx\Debug\liblpc_chip_15xx.a(clock_15xx.o)
 *fill*         0x000009b2        0x2 ff
 .text.Chip_Clock_GetSystemPLLInClockRate
                0x000009b4       0x1c C:\studies\year3\period1\Embedded_Systems_programming\Labs\Lab1\lpc_chip_15xx\Debug\liblpc_chip_15xx.a(clock_15xx.o)
                0x000009b4                Chip_Clock_GetSystemPLLInClockRate
 .text.Chip_Clock_GetSystemPLLOutClockRate
                0x000009d0       0x24 C:\studies\year3\period1\Embedded_Systems_programming\Labs\Lab1\lpc_chip_15xx\Debug\liblpc_chip_15xx.a(clock_15xx.o)
                0x000009d0                Chip_Clock_GetSystemPLLOutClockRate
 .text.Chip_Clock_GetMain_A_ClockRate
                0x000009f4       0x4a C:\studies\year3\period1\Embedded_Systems_programming\Labs\Lab1\lpc_chip_15xx\Debug\liblpc_chip_15xx.a(clock_15xx.o)
                0x000009f4                Chip_Clock_GetMain_A_ClockRate
 *fill*         0x00000a3e        0x2 ff
 .text.Chip_Clock_GetMain_B_ClockRate
                0x00000a40       0x58 C:\studies\year3\period1\Embedded_Systems_programming\Labs\Lab1\lpc_chip_15xx\Debug\liblpc_chip_15xx.a(clock_15xx.o)
                0x00000a40                Chip_Clock_GetMain_B_ClockRate
 .text.Chip_Clock_SetMainClockSource
                0x00000a98       0x3c C:\studies\year3\period1\Embedded_Systems_programming\Labs\Lab1\lpc_chip_15xx\Debug\liblpc_chip_15xx.a(clock_15xx.o)
                0x00000a98                Chip_Clock_SetMainClockSource
 .text.Chip_Clock_GetMainClockRate
                0x00000ad4       0x28 C:\studies\year3\period1\Embedded_Systems_programming\Labs\Lab1\lpc_chip_15xx\Debug\liblpc_chip_15xx.a(clock_15xx.o)
                0x00000ad4                Chip_Clock_GetMainClockRate
 .text.Chip_Clock_EnablePeriphClock
                0x00000afc       0x58 C:\studies\year3\period1\Embedded_Systems_programming\Labs\Lab1\lpc_chip_15xx\Debug\liblpc_chip_15xx.a(clock_15xx.o)
                0x00000afc                Chip_Clock_EnablePeriphClock
 .text.Chip_Clock_GetSysTickClockRate
                0x00000b54       0x30 C:\studies\year3\period1\Embedded_Systems_programming\Labs\Lab1\lpc_chip_15xx\Debug\liblpc_chip_15xx.a(clock_15xx.o)
                0x00000b54                Chip_Clock_GetSysTickClockRate
 .text.Chip_Clock_GetUARTBaseClockRate
                0x00000b84       0x8c C:\studies\year3\period1\Embedded_Systems_programming\Labs\Lab1\lpc_chip_15xx\Debug\liblpc_chip_15xx.a(clock_15xx.o)
                0x00000b84                Chip_Clock_GetUARTBaseClockRate
 .text.Chip_Clock_SetUARTBaseClockRate
                0x00000c10       0xa4 C:\studies\year3\period1\Embedded_Systems_programming\Labs\Lab1\lpc_chip_15xx\Debug\liblpc_chip_15xx.a(clock_15xx.o)
                0x00000c10                Chip_Clock_SetUARTBaseClockRate
 .text.Chip_Clock_GetSystemClockRate
                0x00000cb4       0x1c C:\studies\year3\period1\Embedded_Systems_programming\Labs\Lab1\lpc_chip_15xx\Debug\liblpc_chip_15xx.a(clock_15xx.o)
                0x00000cb4                Chip_Clock_GetSystemClockRate
 .text.Chip_SYSCTL_PeriphReset
                0x00000cd0       0x22 C:\studies\year3\period1\Embedded_Systems_programming\Labs\Lab1\lpc_chip_15xx\Debug\liblpc_chip_15xx.a(gpio_15xx.o)
 .text.Chip_GPIO_Init
                0x00000cf2       0x2e C:\studies\year3\period1\Embedded_Systems_programming\Labs\Lab1\lpc_chip_15xx\Debug\liblpc_chip_15xx.a(gpio_15xx.o)
                0x00000cf2                Chip_GPIO_Init
 .text.Chip_IOCON_PinMuxSet
                0x00000d20       0x2c C:\studies\year3\period1\Embedded_Systems_programming\Labs\Lab1\lpc_chip_15xx\Debug\liblpc_chip_15xx.a(iocon_15xx.o)
 .text.Chip_IOCON_SetPinMuxing
                0x00000d4c       0x50 C:\studies\year3\period1\Embedded_Systems_programming\Labs\Lab1\lpc_chip_15xx\Debug\liblpc_chip_15xx.a(iocon_15xx.o)
                0x00000d4c                Chip_IOCON_SetPinMuxing
 .text.Chip_SWM_MovablePinAssign
                0x00000d9c       0x5c C:\studies\year3\period1\Embedded_Systems_programming\Labs\Lab1\lpc_chip_15xx\Debug\liblpc_chip_15xx.a(swm_15xx.o)
                0x00000d9c                Chip_SWM_MovablePinAssign
 .text.Chip_SYSCTL_AssertPeriphReset
                0x00000df8       0x4c C:\studies\year3\period1\Embedded_Systems_programming\Labs\Lab1\lpc_chip_15xx\Debug\liblpc_chip_15xx.a(sysctl_15xx.o)
                0x00000df8                Chip_SYSCTL_AssertPeriphReset
 .text.Chip_SYSCTL_DeassertPeriphReset
                0x00000e44       0x50 C:\studies\year3\period1\Embedded_Systems_programming\Labs\Lab1\lpc_chip_15xx\Debug\liblpc_chip_15xx.a(sysctl_15xx.o)
                0x00000e44                Chip_SYSCTL_DeassertPeriphReset
 .text.Chip_SYSCTL_PowerDown
                0x00000e94       0x40 C:\studies\year3\period1\Embedded_Systems_programming\Labs\Lab1\lpc_chip_15xx\Debug\liblpc_chip_15xx.a(sysctl_15xx.o)
                0x00000e94                Chip_SYSCTL_PowerDown
 .text.Chip_SYSCTL_PowerUp
                0x00000ed4       0x40 C:\studies\year3\period1\Embedded_Systems_programming\Labs\Lab1\lpc_chip_15xx\Debug\liblpc_chip_15xx.a(sysctl_15xx.o)
                0x00000ed4                Chip_SYSCTL_PowerUp
 .text.Chip_FMC_SetFLASHAccess
                0x00000f14       0x38 C:\studies\year3\period1\Embedded_Systems_programming\Labs\Lab1\lpc_chip_15xx\Debug\liblpc_chip_15xx.a(sysinit_15xx.o)
 .text.Chip_Clock_SetSystemPLLSource
                0x00000f4c       0x20 C:\studies\year3\period1\Embedded_Systems_programming\Labs\Lab1\lpc_chip_15xx\Debug\liblpc_chip_15xx.a(sysinit_15xx.o)
 .text.Chip_Clock_SetupSystemPLL
                0x00000f6c       0x34 C:\studies\year3\period1\Embedded_Systems_programming\Labs\Lab1\lpc_chip_15xx\Debug\liblpc_chip_15xx.a(sysinit_15xx.o)
 .text.Chip_Clock_IsSystemPLLLocked
                0x00000fa0       0x24 C:\studies\year3\period1\Embedded_Systems_programming\Labs\Lab1\lpc_chip_15xx\Debug\liblpc_chip_15xx.a(sysinit_15xx.o)
 .text.Chip_Clock_SetSysClockDiv
                0x00000fc4       0x20 C:\studies\year3\period1\Embedded_Systems_programming\Labs\Lab1\lpc_chip_15xx\Debug\liblpc_chip_15xx.a(sysinit_15xx.o)
 .text.Chip_SetupXtalClocking
                0x00000fe4       0x6c C:\studies\year3\period1\Embedded_Systems_programming\Labs\Lab1\lpc_chip_15xx\Debug\liblpc_chip_15xx.a(sysinit_15xx.o)
                0x00000fe4                Chip_SetupXtalClocking
 .text.Chip_SYSCTL_PeriphReset
                0x00001050       0x22 C:\studies\year3\period1\Embedded_Systems_programming\Labs\Lab1\lpc_chip_15xx\Debug\liblpc_chip_15xx.a(uart_15xx.o)
 *fill*         0x00001072        0x2 ff
 .text.getUARTClockID
                0x00001074       0x34 C:\studies\year3\period1\Embedded_Systems_programming\Labs\Lab1\lpc_chip_15xx\Debug\liblpc_chip_15xx.a(uart_15xx.o)
 .text.Chip_UART_Init
                0x000010a8       0x4c C:\studies\year3\period1\Embedded_Systems_programming\Labs\Lab1\lpc_chip_15xx\Debug\liblpc_chip_15xx.a(uart_15xx.o)
                0x000010a8                Chip_UART_Init
 .text.Chip_UART_SetBaud
                0x000010f4       0x2a C:\studies\year3\period1\Embedded_Systems_programming\Labs\Lab1\lpc_chip_15xx\Debug\liblpc_chip_15xx.a(uart_15xx.o)
                0x000010f4                Chip_UART_SetBaud
 *fill*         0x0000111e        0x2 ff
 .text          0x00001120       0x30 c:/additional_crap/mcuxpressoide_11.2.1_4149/ide/plugins/com.nxp.mcuxpresso.tools.win32_11.2.0.202008311134/tools/bin/../lib/gcc/arm-none-eabi/9.2.1/thumb/v7-m/nofp\libgcc.a(_aeabi_uldivmod.o)
                0x00001120                __aeabi_uldivmod
 .text          0x00001150      0x2c4 c:/additional_crap/mcuxpressoide_11.2.1_4149/ide/plugins/com.nxp.mcuxpresso.tools.win32_11.2.0.202008311134/tools/bin/../lib/gcc/arm-none-eabi/9.2.1/thumb/v7-m/nofp\libgcc.a(_udivmoddi4.o)
                0x00001150                __udivmoddi4
 .text          0x00001414        0x4 c:/additional_crap/mcuxpressoide_11.2.1_4149/ide/plugins/com.nxp.mcuxpresso.tools.win32_11.2.0.202008311134/tools/bin/../lib/gcc/arm-none-eabi/9.2.1/thumb/v7-m/nofp\libgcc.a(_dvmd_tls.o)
                0x00001414                __aeabi_idiv0
                0x00001414                __aeabi_ldiv0
 *(.rodata .rodata.* .constdata .constdata.*)
 .rodata.OscRateIn
                0x00001418        0x4 C:\studies\year3\period1\Embedded_Systems_programming\Labs\Lab1\lpc_board_nxp_lpcxpresso_1549\Debug\liblpc_board_nxp_lpcxpresso_1549.a(board.o)
                0x00001418                OscRateIn
 .rodata.RTCOscRateIn
                0x0000141c        0x4 C:\studies\year3\period1\Embedded_Systems_programming\Labs\Lab1\lpc_board_nxp_lpcxpresso_1549\Debug\liblpc_board_nxp_lpcxpresso_1549.a(board.o)
                0x0000141c                RTCOscRateIn
 .rodata.ledpins
                0x00001420        0x3 C:\studies\year3\period1\Embedded_Systems_programming\Labs\Lab1\lpc_board_nxp_lpcxpresso_1549\Debug\liblpc_board_nxp_lpcxpresso_1549.a(board.o)
 *fill*         0x00001423        0x1 ff
 .rodata.ledports
                0x00001424        0x3 C:\studies\year3\period1\Embedded_Systems_programming\Labs\Lab1\lpc_board_nxp_lpcxpresso_1549\Debug\liblpc_board_nxp_lpcxpresso_1549.a(board.o)
 *fill*         0x00001427        0x1 ff
 .rodata.ioconSetup
                0x00001428       0x74 C:\studies\year3\period1\Embedded_Systems_programming\Labs\Lab1\lpc_board_nxp_lpcxpresso_1549\Debug\liblpc_board_nxp_lpcxpresso_1549.a(board_sysinit.o)
 .rodata.swmSetup
                0x0000149c        0x6 C:\studies\year3\period1\Embedded_Systems_programming\Labs\Lab1\lpc_board_nxp_lpcxpresso_1549\Debug\liblpc_board_nxp_lpcxpresso_1549.a(board_sysinit.o)
                0x000014a4                . = ALIGN (0x4)
 *fill*         0x000014a2        0x2 ff

.glue_7         0x000014a4        0x0
 .glue_7        0x000014a4        0x0 linker stubs

.glue_7t        0x000014a4        0x0
 .glue_7t       0x000014a4        0x0 linker stubs

.vfp11_veneer   0x000014a4        0x0
 .vfp11_veneer  0x000014a4        0x0 linker stubs

.v4_bx          0x000014a4        0x0
 .v4_bx         0x000014a4        0x0 linker stubs

.iplt           0x000014a4        0x0
 .iplt          0x000014a4        0x0 ./example/src/cr_startup_lpc15xx.o

.ARM.extab
 *(.ARM.extab* .gnu.linkonce.armextab.*)

.ARM.exidx      0x000014a4        0x8
                0x000014a4                __exidx_start = .
 *(.ARM.exidx* .gnu.linkonce.armexidx.*)
 .ARM.exidx     0x000014a4        0x8 c:/additional_crap/mcuxpressoide_11.2.1_4149/ide/plugins/com.nxp.mcuxpresso.tools.win32_11.2.0.202008311134/tools/bin/../lib/gcc/arm-none-eabi/9.2.1/thumb/v7-m/nofp\libgcc.a(_udivmoddi4.o)
                0x000014ac                __exidx_end = .
                0x000014ac                _etext = .

.rel.dyn        0x000014ac        0x0
 .rel.iplt      0x000014ac        0x0 ./example/src/cr_startup_lpc15xx.o

.data_RAM2      0x02004000        0x0 load address 0x000014ac
 FILL mask 0xff
                [!provide]                PROVIDE (__start_data_RAM2 = .)
                [!provide]                PROVIDE (__start_data_Ram1_16 = .)
 *(.ramfunc.$RAM2)
 *(.ramfunc.$Ram1_16)
 *(.data.$RAM2)
 *(.data.$Ram1_16)
 *(.data.$RAM2.*)
 *(.data.$Ram1_16.*)
                0x02004000                . = ALIGN (0x4)
                [!provide]                PROVIDE (__end_data_RAM2 = .)
                [!provide]                PROVIDE (__end_data_Ram1_16 = .)

.data_RAM3      0x02008000        0x0 load address 0x000014ac
 FILL mask 0xff
                [!provide]                PROVIDE (__start_data_RAM3 = .)
                [!provide]                PROVIDE (__start_data_Ram2_4 = .)
 *(.ramfunc.$RAM3)
 *(.ramfunc.$Ram2_4)
 *(.data.$RAM3)
 *(.data.$Ram2_4)
 *(.data.$RAM3.*)
 *(.data.$Ram2_4.*)
                0x02008000                . = ALIGN (0x4)
                [!provide]                PROVIDE (__end_data_RAM3 = .)
                [!provide]                PROVIDE (__end_data_Ram2_4 = .)

.uninit_RESERVED
                0x02000000        0x0
                0x02000000                _start_uninit_RESERVED = .
 *(.bss.$RESERVED*)
                0x02000000                . = ALIGN (0x4)
                0x02000000                _end_uninit_RESERVED = .

.data           0x02000000        0x0 load address 0x000014ac
 FILL mask 0xff
                0x02000000                _data = .
                [!provide]                PROVIDE (__start_data_RAM = .)
                [!provide]                PROVIDE (__start_data_Ram0_16 = .)
 *(vtable)
 *(.ramfunc*)
 *(CodeQuickAccess)
 *(DataQuickAccess)
 *(RamFunction)
 *(.data*)
                0x02000000                . = ALIGN (0x4)
                0x02000000                _edata = .
                [!provide]                PROVIDE (__end_data_RAM = .)
                [!provide]                PROVIDE (__end_data_Ram0_16 = .)

.igot.plt       0x02000000        0x0 load address 0x000014ac
 .igot.plt      0x02000000        0x0 ./example/src/cr_startup_lpc15xx.o

.bss_RAM2       0x02004000        0x0
                [!provide]                PROVIDE (__start_bss_RAM2 = .)
                [!provide]                PROVIDE (__start_bss_Ram1_16 = .)
 *(.bss.$RAM2)
 *(.bss.$Ram1_16)
 *(.bss.$RAM2.*)
 *(.bss.$Ram1_16.*)
                0x02004000                . = ALIGN ((. != 0x0)?0x4:0x1)
                [!provide]                PROVIDE (__end_bss_RAM2 = .)
                [!provide]                PROVIDE (__end_bss_Ram1_16 = .)

.bss_RAM3       0x02008000        0x0
                [!provide]                PROVIDE (__start_bss_RAM3 = .)
                [!provide]                PROVIDE (__start_bss_Ram2_4 = .)
 *(.bss.$RAM3)
 *(.bss.$Ram2_4)
 *(.bss.$RAM3.*)
 *(.bss.$Ram2_4.*)
                0x02008000                . = ALIGN ((. != 0x0)?0x4:0x1)
                [!provide]                PROVIDE (__end_bss_RAM3 = .)
                [!provide]                PROVIDE (__end_bss_Ram2_4 = .)

.bss            0x02000000        0x4
                0x02000000                _bss = .
                [!provide]                PROVIDE (__start_bss_RAM = .)
                [!provide]                PROVIDE (__start_bss_Ram0_16 = .)
 *(.bss*)
 *(COMMON)
 COMMON         0x02000000        0x4 C:\studies\year3\period1\Embedded_Systems_programming\Labs\Lab1\lpc_chip_15xx\Debug\liblpc_chip_15xx.a(chip_15xx.o)
                0x02000000                SystemCoreClock
                0x02000004                . = ALIGN (0x4)
                0x02000004                _ebss = .
                [!provide]                PROVIDE (__end_bss_RAM = .)
                [!provide]                PROVIDE (__end_bss_Ram0_16 = .)
                [!provide]                PROVIDE (end = .)

.noinit_RAM2    0x02004000        0x0
                [!provide]                PROVIDE (__start_noinit_RAM2 = .)
                [!provide]                PROVIDE (__start_noinit_Ram1_16 = .)
 *(.noinit.$RAM2)
 *(.noinit.$Ram1_16)
 *(.noinit.$RAM2.*)
 *(.noinit.$Ram1_16.*)
                0x02004000                . = ALIGN (0x4)
                [!provide]                PROVIDE (__end_noinit_RAM2 = .)
                [!provide]                PROVIDE (__end_noinit_Ram1_16 = .)

.noinit_RAM3    0x02008000        0x0
                [!provide]                PROVIDE (__start_noinit_RAM3 = .)
                [!provide]                PROVIDE (__start_noinit_Ram2_4 = .)
 *(.noinit.$RAM3)
 *(.noinit.$Ram2_4)
 *(.noinit.$RAM3.*)
 *(.noinit.$Ram2_4.*)
                0x02008000                . = ALIGN (0x4)
                [!provide]                PROVIDE (__end_noinit_RAM3 = .)
                [!provide]                PROVIDE (__end_noinit_Ram2_4 = .)

.noinit         0x02000004        0x0
                0x02000004                _noinit = .
                [!provide]                PROVIDE (__start_noinit_RAM = .)
                [!provide]                PROVIDE (__start_noinit_Ram0_16 = .)
 *(.noinit*)
                0x02000004                . = ALIGN (0x4)
                0x02000004                _end_noinit = .
                [!provide]                PROVIDE (__end_noinit_RAM = .)
                [!provide]                PROVIDE (__end_noinit_Ram0_16 = .)
                [!provide]                PROVIDE (_pvHeapStart = DEFINED (__user_heap_base)?__user_heap_base:.)
                0x02004000                PROVIDE (_vStackTop = DEFINED (__user_stack_top)?__user_stack_top:(__top_Ram0_16 - 0x0))
                [!provide]                PROVIDE (__valid_user_code_checksum = (0x0 - ((((((_vStackTop + (ResetISR + 0x1)) + (NMI_Handler + 0x1)) + (HardFault_Handler + 0x1)) + (DEFINED (MemManage_Handler)?MemManage_Handler:0x0 + 0x1)) + (DEFINED (BusFault_Handler)?BusFault_Handler:0x0 + 0x1)) + (DEFINED (UsageFault_Handler)?UsageFault_Handler:0x0 + 0x1))))
                0x00000000                _image_start = LOADADDR (.text)
                0x000014ac                _image_end = (LOADADDR (.data) + SIZEOF (.data))
                0x000014ac                _image_size = (_image_end - _image_start)
OUTPUT(periph_blinky.axf elf32-littlearm)

.debug_info     0x00000000     0x7ed4
 .debug_info    0x00000000      0x29d ./example/src/cr_startup_lpc15xx.o
 .debug_info    0x0000029d      0x9fc ./example/src/sysinit.o
 .debug_info    0x00000c99     0x1444 ./example/src/systick.o
 .debug_info    0x000020dd      0xca8 C:\studies\year3\period1\Embedded_Systems_programming\Labs\Lab1\lpc_board_nxp_lpcxpresso_1549\Debug\liblpc_board_nxp_lpcxpresso_1549.a(board.o)
 .debug_info    0x00002d85      0xe7d C:\studies\year3\period1\Embedded_Systems_programming\Labs\Lab1\lpc_board_nxp_lpcxpresso_1549\Debug\liblpc_board_nxp_lpcxpresso_1549.a(board_sysinit.o)
 .debug_info    0x00003c02      0xa58 C:\studies\year3\period1\Embedded_Systems_programming\Labs\Lab1\lpc_chip_15xx\Debug\liblpc_chip_15xx.a(chip_15xx.o)
 .debug_info    0x0000465a      0xe4e C:\studies\year3\period1\Embedded_Systems_programming\Labs\Lab1\lpc_chip_15xx\Debug\liblpc_chip_15xx.a(clock_15xx.o)
 .debug_info    0x000054a8      0x6e5 C:\studies\year3\period1\Embedded_Systems_programming\Labs\Lab1\lpc_chip_15xx\Debug\liblpc_chip_15xx.a(gpio_15xx.o)
 .debug_info    0x00005b8d      0x2b0 C:\studies\year3\period1\Embedded_Systems_programming\Labs\Lab1\lpc_chip_15xx\Debug\liblpc_chip_15xx.a(iocon_15xx.o)
 .debug_info    0x00005e3d      0x6af C:\studies\year3\period1\Embedded_Systems_programming\Labs\Lab1\lpc_chip_15xx\Debug\liblpc_chip_15xx.a(swm_15xx.o)
 .debug_info    0x000064ec      0x816 C:\studies\year3\period1\Embedded_Systems_programming\Labs\Lab1\lpc_chip_15xx\Debug\liblpc_chip_15xx.a(sysctl_15xx.o)
 .debug_info    0x00006d02      0x7f0 C:\studies\year3\period1\Embedded_Systems_programming\Labs\Lab1\lpc_chip_15xx\Debug\liblpc_chip_15xx.a(sysinit_15xx.o)
 .debug_info    0x000074f2      0x9e2 C:\studies\year3\period1\Embedded_Systems_programming\Labs\Lab1\lpc_chip_15xx\Debug\liblpc_chip_15xx.a(uart_15xx.o)

.debug_abbrev   0x00000000     0x1a18
 .debug_abbrev  0x00000000      0x120 ./example/src/cr_startup_lpc15xx.o
 .debug_abbrev  0x00000120      0x1d9 ./example/src/sysinit.o
 .debug_abbrev  0x000002f9      0x2f2 ./example/src/systick.o
 .debug_abbrev  0x000005eb      0x26e C:\studies\year3\period1\Embedded_Systems_programming\Labs\Lab1\lpc_board_nxp_lpcxpresso_1549\Debug\liblpc_board_nxp_lpcxpresso_1549.a(board.o)
 .debug_abbrev  0x00000859      0x27e C:\studies\year3\period1\Embedded_Systems_programming\Labs\Lab1\lpc_board_nxp_lpcxpresso_1549\Debug\liblpc_board_nxp_lpcxpresso_1549.a(board_sysinit.o)
 .debug_abbrev  0x00000ad7      0x1ff C:\studies\year3\period1\Embedded_Systems_programming\Labs\Lab1\lpc_chip_15xx\Debug\liblpc_chip_15xx.a(chip_15xx.o)
 .debug_abbrev  0x00000cd6      0x2fd C:\studies\year3\period1\Embedded_Systems_programming\Labs\Lab1\lpc_chip_15xx\Debug\liblpc_chip_15xx.a(clock_15xx.o)
 .debug_abbrev  0x00000fd3      0x1b6 C:\studies\year3\period1\Embedded_Systems_programming\Labs\Lab1\lpc_chip_15xx\Debug\liblpc_chip_15xx.a(gpio_15xx.o)
 .debug_abbrev  0x00001189      0x16c C:\studies\year3\period1\Embedded_Systems_programming\Labs\Lab1\lpc_chip_15xx\Debug\liblpc_chip_15xx.a(iocon_15xx.o)
 .debug_abbrev  0x000012f5      0x198 C:\studies\year3\period1\Embedded_Systems_programming\Labs\Lab1\lpc_chip_15xx\Debug\liblpc_chip_15xx.a(swm_15xx.o)
 .debug_abbrev  0x0000148d      0x169 C:\studies\year3\period1\Embedded_Systems_programming\Labs\Lab1\lpc_chip_15xx\Debug\liblpc_chip_15xx.a(sysctl_15xx.o)
 .debug_abbrev  0x000015f6      0x1f2 C:\studies\year3\period1\Embedded_Systems_programming\Labs\Lab1\lpc_chip_15xx\Debug\liblpc_chip_15xx.a(sysinit_15xx.o)
 .debug_abbrev  0x000017e8      0x230 C:\studies\year3\period1\Embedded_Systems_programming\Labs\Lab1\lpc_chip_15xx\Debug\liblpc_chip_15xx.a(uart_15xx.o)

.debug_aranges  0x00000000      0x5d0
 .debug_aranges
                0x00000000       0x80 ./example/src/cr_startup_lpc15xx.o
 .debug_aranges
                0x00000080       0x20 ./example/src/sysinit.o
 .debug_aranges
                0x000000a0       0x40 ./example/src/systick.o
 .debug_aranges
                0x000000e0       0xd0 C:\studies\year3\period1\Embedded_Systems_programming\Labs\Lab1\lpc_board_nxp_lpcxpresso_1549\Debug\liblpc_board_nxp_lpcxpresso_1549.a(board.o)
 .debug_aranges
                0x000001b0       0x60 C:\studies\year3\period1\Embedded_Systems_programming\Labs\Lab1\lpc_board_nxp_lpcxpresso_1549\Debug\liblpc_board_nxp_lpcxpresso_1549.a(board_sysinit.o)
 .debug_aranges
                0x00000210       0x50 C:\studies\year3\period1\Embedded_Systems_programming\Labs\Lab1\lpc_chip_15xx\Debug\liblpc_chip_15xx.a(chip_15xx.o)
 .debug_aranges
                0x00000260      0x128 C:\studies\year3\period1\Embedded_Systems_programming\Labs\Lab1\lpc_chip_15xx\Debug\liblpc_chip_15xx.a(clock_15xx.o)
 .debug_aranges
                0x00000388       0x70 C:\studies\year3\period1\Embedded_Systems_programming\Labs\Lab1\lpc_chip_15xx\Debug\liblpc_chip_15xx.a(gpio_15xx.o)
 .debug_aranges
                0x000003f8       0x28 C:\studies\year3\period1\Embedded_Systems_programming\Labs\Lab1\lpc_chip_15xx\Debug\liblpc_chip_15xx.a(iocon_15xx.o)
 .debug_aranges
                0x00000420       0x40 C:\studies\year3\period1\Embedded_Systems_programming\Labs\Lab1\lpc_chip_15xx\Debug\liblpc_chip_15xx.a(swm_15xx.o)
 .debug_aranges
                0x00000460       0x50 C:\studies\year3\period1\Embedded_Systems_programming\Labs\Lab1\lpc_chip_15xx\Debug\liblpc_chip_15xx.a(sysctl_15xx.o)
 .debug_aranges
                0x000004b0       0x58 C:\studies\year3\period1\Embedded_Systems_programming\Labs\Lab1\lpc_chip_15xx\Debug\liblpc_chip_15xx.a(sysinit_15xx.o)
 .debug_aranges
                0x00000508       0xc8 C:\studies\year3\period1\Embedded_Systems_programming\Labs\Lab1\lpc_chip_15xx\Debug\liblpc_chip_15xx.a(uart_15xx.o)

.debug_ranges   0x00000000      0x500
 .debug_ranges  0x00000000       0x70 ./example/src/cr_startup_lpc15xx.o
 .debug_ranges  0x00000070       0x10 ./example/src/sysinit.o
 .debug_ranges  0x00000080       0x30 ./example/src/systick.o
 .debug_ranges  0x000000b0       0xc0 C:\studies\year3\period1\Embedded_Systems_programming\Labs\Lab1\lpc_board_nxp_lpcxpresso_1549\Debug\liblpc_board_nxp_lpcxpresso_1549.a(board.o)
 .debug_ranges  0x00000170       0x50 C:\studies\year3\period1\Embedded_Systems_programming\Labs\Lab1\lpc_board_nxp_lpcxpresso_1549\Debug\liblpc_board_nxp_lpcxpresso_1549.a(board_sysinit.o)
 .debug_ranges  0x000001c0       0x40 C:\studies\year3\period1\Embedded_Systems_programming\Labs\Lab1\lpc_chip_15xx\Debug\liblpc_chip_15xx.a(chip_15xx.o)
 .debug_ranges  0x00000200      0x118 C:\studies\year3\period1\Embedded_Systems_programming\Labs\Lab1\lpc_chip_15xx\Debug\liblpc_chip_15xx.a(clock_15xx.o)
 .debug_ranges  0x00000318       0x60 C:\studies\year3\period1\Embedded_Systems_programming\Labs\Lab1\lpc_chip_15xx\Debug\liblpc_chip_15xx.a(gpio_15xx.o)
 .debug_ranges  0x00000378       0x18 C:\studies\year3\period1\Embedded_Systems_programming\Labs\Lab1\lpc_chip_15xx\Debug\liblpc_chip_15xx.a(iocon_15xx.o)
 .debug_ranges  0x00000390       0x30 C:\studies\year3\period1\Embedded_Systems_programming\Labs\Lab1\lpc_chip_15xx\Debug\liblpc_chip_15xx.a(swm_15xx.o)
 .debug_ranges  0x000003c0       0x40 C:\studies\year3\period1\Embedded_Systems_programming\Labs\Lab1\lpc_chip_15xx\Debug\liblpc_chip_15xx.a(sysctl_15xx.o)
 .debug_ranges  0x00000400       0x48 C:\studies\year3\period1\Embedded_Systems_programming\Labs\Lab1\lpc_chip_15xx\Debug\liblpc_chip_15xx.a(sysinit_15xx.o)
 .debug_ranges  0x00000448       0xb8 C:\studies\year3\period1\Embedded_Systems_programming\Labs\Lab1\lpc_chip_15xx\Debug\liblpc_chip_15xx.a(uart_15xx.o)

.debug_macro    0x00000000     0x6e9d
 .debug_macro   0x00000000       0x23 ./example/src/cr_startup_lpc15xx.o
 .debug_macro   0x00000023      0xaae ./example/src/cr_startup_lpc15xx.o
 .debug_macro   0x00000ad1      0x3dd ./example/src/sysinit.o
 .debug_macro   0x00000eae       0x22 ./example/src/sysinit.o
 .debug_macro   0x00000ed0       0x8e ./example/src/sysinit.o
 .debug_macro   0x00000f5e       0x51 ./example/src/sysinit.o
 .debug_macro   0x00000faf       0xef ./example/src/sysinit.o
 .debug_macro   0x0000109e       0x6a ./example/src/sysinit.o
 .debug_macro   0x00001108      0x1df ./example/src/sysinit.o
 .debug_macro   0x000012e7       0x22 ./example/src/sysinit.o
 .debug_macro   0x00001309       0x7b ./example/src/sysinit.o
 .debug_macro   0x00001384       0x10 ./example/src/sysinit.o
 .debug_macro   0x00001394       0x2d ./example/src/sysinit.o
 .debug_macro   0x000013c1       0x3a ./example/src/sysinit.o
 .debug_macro   0x000013fb       0x2d ./example/src/sysinit.o
 .debug_macro   0x00001428      0xa7d ./example/src/sysinit.o
 .debug_macro   0x00001ea5      0x1b4 ./example/src/sysinit.o
 .debug_macro   0x00002059       0xca ./example/src/sysinit.o
 .debug_macro   0x00002123       0x18 ./example/src/sysinit.o
 .debug_macro   0x0000213b       0xb2 ./example/src/sysinit.o
 .debug_macro   0x000021ed       0x70 ./example/src/sysinit.o
 .debug_macro   0x0000225d       0x46 ./example/src/sysinit.o
 .debug_macro   0x000022a3       0xd0 ./example/src/sysinit.o
 .debug_macro   0x00002373       0x40 ./example/src/sysinit.o
 .debug_macro   0x000023b3      0x233 ./example/src/sysinit.o
 .debug_macro   0x000025e6       0x16 ./example/src/sysinit.o
 .debug_macro   0x000025fc       0x88 ./example/src/sysinit.o
 .debug_macro   0x00002684       0x34 ./example/src/sysinit.o
 .debug_macro   0x000026b8       0x6a ./example/src/sysinit.o
 .debug_macro   0x00002722       0x40 ./example/src/sysinit.o
 .debug_macro   0x00002762       0x1c ./example/src/sysinit.o
 .debug_macro   0x0000277e       0x16 ./example/src/sysinit.o
 .debug_macro   0x00002794      0x10c ./example/src/sysinit.o
 .debug_macro   0x000028a0      0x2a9 ./example/src/sysinit.o
 .debug_macro   0x00002b49       0x76 ./example/src/sysinit.o
 .debug_macro   0x00002bbf       0x22 ./example/src/sysinit.o
 .debug_macro   0x00002be1      0x152 ./example/src/sysinit.o
 .debug_macro   0x00002d33       0x82 ./example/src/sysinit.o
 .debug_macro   0x00002db5       0xe6 ./example/src/sysinit.o
 .debug_macro   0x00002e9b       0x3a ./example/src/sysinit.o
 .debug_macro   0x00002ed5       0x34 ./example/src/sysinit.o
 .debug_macro   0x00002f09       0x10 ./example/src/sysinit.o
 .debug_macro   0x00002f19       0x76 ./example/src/sysinit.o
 .debug_macro   0x00002f8f       0x58 ./example/src/sysinit.o
 .debug_macro   0x00002fe7      0x2ca ./example/src/sysinit.o
 .debug_macro   0x000032b1      0x22b ./example/src/sysinit.o
 .debug_macro   0x000034dc       0x2e ./example/src/sysinit.o
 .debug_macro   0x0000350a       0x34 ./example/src/sysinit.o
 .debug_macro   0x0000353e       0x5e ./example/src/sysinit.o
 .debug_macro   0x0000359c       0x18 ./example/src/sysinit.o
 .debug_macro   0x000035b4       0x35 ./example/src/sysinit.o
 .debug_macro   0x000035e9       0x34 ./example/src/sysinit.o
 .debug_macro   0x0000361d       0x16 ./example/src/sysinit.o
 .debug_macro   0x00003633       0x97 ./example/src/sysinit.o
 .debug_macro   0x000036ca      0x339 ./example/src/sysinit.o
 .debug_macro   0x00003a03       0xfd ./example/src/sysinit.o
 .debug_macro   0x00003b00       0x10 ./example/src/sysinit.o
 .debug_macro   0x00003b10       0x58 ./example/src/sysinit.o
 .debug_macro   0x00003b68       0x1f ./example/src/sysinit.o
 .debug_macro   0x00003b87       0x43 ./example/src/sysinit.o
 .debug_macro   0x00003bca       0x20 ./example/src/sysinit.o
 .debug_macro   0x00003bea      0x18e ./example/src/sysinit.o
 .debug_macro   0x00003d78       0x10 ./example/src/sysinit.o
 .debug_macro   0x00003d88       0x1c ./example/src/sysinit.o
 .debug_macro   0x00003da4       0x52 ./example/src/sysinit.o
 .debug_macro   0x00003df6       0x40 ./example/src/sysinit.o
 .debug_macro   0x00003e36       0x10 ./example/src/sysinit.o
 .debug_macro   0x00003e46       0x40 ./example/src/sysinit.o
 .debug_macro   0x00003e86       0xd7 ./example/src/sysinit.o
 .debug_macro   0x00003f5d       0x1c ./example/src/sysinit.o
 .debug_macro   0x00003f79       0x3d ./example/src/sysinit.o
 .debug_macro   0x00003fb6       0x16 ./example/src/sysinit.o
 .debug_macro   0x00003fcc      0x16f ./example/src/sysinit.o
 .debug_macro   0x0000413b       0x20 ./example/src/sysinit.o
 .debug_macro   0x0000415b      0x3e3 ./example/src/systick.o
 .debug_macro   0x0000453e      0x284 C:\studies\year3\period1\Embedded_Systems_programming\Labs\Lab1\lpc_board_nxp_lpcxpresso_1549\Debug\liblpc_board_nxp_lpcxpresso_1549.a(board.o)
 .debug_macro   0x000047c2      0xaa8 C:\studies\year3\period1\Embedded_Systems_programming\Labs\Lab1\lpc_board_nxp_lpcxpresso_1549\Debug\liblpc_board_nxp_lpcxpresso_1549.a(board.o)
 .debug_macro   0x0000526a       0x10 C:\studies\year3\period1\Embedded_Systems_programming\Labs\Lab1\lpc_board_nxp_lpcxpresso_1549\Debug\liblpc_board_nxp_lpcxpresso_1549.a(board.o)
 .debug_macro   0x0000527a      0x12e C:\studies\year3\period1\Embedded_Systems_programming\Labs\Lab1\lpc_board_nxp_lpcxpresso_1549\Debug\liblpc_board_nxp_lpcxpresso_1549.a(board.o)
 .debug_macro   0x000053a8      0x5b3 C:\studies\year3\period1\Embedded_Systems_programming\Labs\Lab1\lpc_board_nxp_lpcxpresso_1549\Debug\liblpc_board_nxp_lpcxpresso_1549.a(board.o)
 .debug_macro   0x0000595b       0x22 C:\studies\year3\period1\Embedded_Systems_programming\Labs\Lab1\lpc_board_nxp_lpcxpresso_1549\Debug\liblpc_board_nxp_lpcxpresso_1549.a(board.o)
 .debug_macro   0x0000597d       0x9a C:\studies\year3\period1\Embedded_Systems_programming\Labs\Lab1\lpc_board_nxp_lpcxpresso_1549\Debug\liblpc_board_nxp_lpcxpresso_1549.a(board.o)
 .debug_macro   0x00005a17       0x12 C:\studies\year3\period1\Embedded_Systems_programming\Labs\Lab1\lpc_board_nxp_lpcxpresso_1549\Debug\liblpc_board_nxp_lpcxpresso_1549.a(board.o)
 .debug_macro   0x00005a29      0x288 C:\studies\year3\period1\Embedded_Systems_programming\Labs\Lab1\lpc_board_nxp_lpcxpresso_1549\Debug\liblpc_board_nxp_lpcxpresso_1549.a(board_sysinit.o)
 .debug_macro   0x00005cb1      0x239 C:\studies\year3\period1\Embedded_Systems_programming\Labs\Lab1\lpc_chip_15xx\Debug\liblpc_chip_15xx.a(chip_15xx.o)
 .debug_macro   0x00005eea      0x239 C:\studies\year3\period1\Embedded_Systems_programming\Labs\Lab1\lpc_chip_15xx\Debug\liblpc_chip_15xx.a(clock_15xx.o)
 .debug_macro   0x00006123      0x239 C:\studies\year3\period1\Embedded_Systems_programming\Labs\Lab1\lpc_chip_15xx\Debug\liblpc_chip_15xx.a(gpio_15xx.o)
 .debug_macro   0x0000635c      0x239 C:\studies\year3\period1\Embedded_Systems_programming\Labs\Lab1\lpc_chip_15xx\Debug\liblpc_chip_15xx.a(iocon_15xx.o)
 .debug_macro   0x00006595      0x245 C:\studies\year3\period1\Embedded_Systems_programming\Labs\Lab1\lpc_chip_15xx\Debug\liblpc_chip_15xx.a(swm_15xx.o)
 .debug_macro   0x000067da      0x251 C:\studies\year3\period1\Embedded_Systems_programming\Labs\Lab1\lpc_chip_15xx\Debug\liblpc_chip_15xx.a(sysctl_15xx.o)
 .debug_macro   0x00006a2b      0x239 C:\studies\year3\period1\Embedded_Systems_programming\Labs\Lab1\lpc_chip_15xx\Debug\liblpc_chip_15xx.a(sysinit_15xx.o)
 .debug_macro   0x00006c64      0x239 C:\studies\year3\period1\Embedded_Systems_programming\Labs\Lab1\lpc_chip_15xx\Debug\liblpc_chip_15xx.a(uart_15xx.o)

.debug_line     0x00000000     0x5581
 .debug_line    0x00000000      0x16d ./example/src/cr_startup_lpc15xx.o
 .debug_line    0x0000016d      0x7cd ./example/src/sysinit.o
 .debug_line    0x0000093a      0x8a6 ./example/src/systick.o
 .debug_line    0x000011e0      0x87d C:\studies\year3\period1\Embedded_Systems_programming\Labs\Lab1\lpc_board_nxp_lpcxpresso_1549\Debug\liblpc_board_nxp_lpcxpresso_1549.a(board.o)
 .debug_line    0x00001a5d      0x6bd C:\studies\year3\period1\Embedded_Systems_programming\Labs\Lab1\lpc_board_nxp_lpcxpresso_1549\Debug\liblpc_board_nxp_lpcxpresso_1549.a(board_sysinit.o)
 .debug_line    0x0000211a      0x5ad C:\studies\year3\period1\Embedded_Systems_programming\Labs\Lab1\lpc_chip_15xx\Debug\liblpc_chip_15xx.a(chip_15xx.o)
 .debug_line    0x000026c7      0x9ce C:\studies\year3\period1\Embedded_Systems_programming\Labs\Lab1\lpc_chip_15xx\Debug\liblpc_chip_15xx.a(clock_15xx.o)
 .debug_line    0x00003095      0x623 C:\studies\year3\period1\Embedded_Systems_programming\Labs\Lab1\lpc_chip_15xx\Debug\liblpc_chip_15xx.a(gpio_15xx.o)
 .debug_line    0x000036b8      0x52a C:\studies\year3\period1\Embedded_Systems_programming\Labs\Lab1\lpc_chip_15xx\Debug\liblpc_chip_15xx.a(iocon_15xx.o)
 .debug_line    0x00003be2      0x595 C:\studies\year3\period1\Embedded_Systems_programming\Labs\Lab1\lpc_chip_15xx\Debug\liblpc_chip_15xx.a(swm_15xx.o)
 .debug_line    0x00004177      0x5ea C:\studies\year3\period1\Embedded_Systems_programming\Labs\Lab1\lpc_chip_15xx\Debug\liblpc_chip_15xx.a(sysctl_15xx.o)
 .debug_line    0x00004761      0x60b C:\studies\year3\period1\Embedded_Systems_programming\Labs\Lab1\lpc_chip_15xx\Debug\liblpc_chip_15xx.a(sysinit_15xx.o)
 .debug_line    0x00004d6c      0x815 C:\studies\year3\period1\Embedded_Systems_programming\Labs\Lab1\lpc_chip_15xx\Debug\liblpc_chip_15xx.a(uart_15xx.o)

.debug_str      0x00000000    0x17a89
 .debug_str     0x00000000     0x2ffe ./example/src/cr_startup_lpc15xx.o
                               0x3011 (size before relaxing)
 .debug_str     0x00002ffe    0x1051e ./example/src/sysinit.o
                              0x13590 (size before relaxing)
 .debug_str     0x0001351c      0x6da ./example/src/systick.o
                              0x13ca5 (size before relaxing)
 .debug_str     0x00013bf6     0x235a C:\studies\year3\period1\Embedded_Systems_programming\Labs\Lab1\lpc_board_nxp_lpcxpresso_1549\Debug\liblpc_board_nxp_lpcxpresso_1549.a(board.o)
                              0x1091b (size before relaxing)
 .debug_str     0x00015f50      0x5fe C:\studies\year3\period1\Embedded_Systems_programming\Labs\Lab1\lpc_board_nxp_lpcxpresso_1549\Debug\liblpc_board_nxp_lpcxpresso_1549.a(board_sysinit.o)
                              0x10f0d (size before relaxing)
 .debug_str     0x0001654e      0x150 C:\studies\year3\period1\Embedded_Systems_programming\Labs\Lab1\lpc_chip_15xx\Debug\liblpc_chip_15xx.a(chip_15xx.o)
                              0x105ba (size before relaxing)
 .debug_str     0x0001669e      0x89d C:\studies\year3\period1\Embedded_Systems_programming\Labs\Lab1\lpc_chip_15xx\Debug\liblpc_chip_15xx.a(clock_15xx.o)
                              0x109ca (size before relaxing)
 .debug_str     0x00016f3b       0xdf C:\studies\year3\period1\Embedded_Systems_programming\Labs\Lab1\lpc_chip_15xx\Debug\liblpc_chip_15xx.a(gpio_15xx.o)
                              0x10077 (size before relaxing)
 .debug_str     0x0001701a       0x41 C:\studies\year3\period1\Embedded_Systems_programming\Labs\Lab1\lpc_chip_15xx\Debug\liblpc_chip_15xx.a(iocon_15xx.o)
                               0xfb94 (size before relaxing)
 .debug_str     0x0001705b      0x55d C:\studies\year3\period1\Embedded_Systems_programming\Labs\Lab1\lpc_chip_15xx\Debug\liblpc_chip_15xx.a(swm_15xx.o)
                              0x1059c (size before relaxing)
 .debug_str     0x000175b8      0x183 C:\studies\year3\period1\Embedded_Systems_programming\Labs\Lab1\lpc_chip_15xx\Debug\liblpc_chip_15xx.a(sysctl_15xx.o)
                              0x10081 (size before relaxing)
 .debug_str     0x0001773b      0x13f C:\studies\year3\period1\Embedded_Systems_programming\Labs\Lab1\lpc_chip_15xx\Debug\liblpc_chip_15xx.a(sysinit_15xx.o)
                              0x10070 (size before relaxing)
 .debug_str     0x0001787a      0x20f C:\studies\year3\period1\Embedded_Systems_programming\Labs\Lab1\lpc_chip_15xx\Debug\liblpc_chip_15xx.a(uart_15xx.o)
                              0x101d3 (size before relaxing)

.comment        0x00000000       0x79
 .comment       0x00000000       0x79 ./example/src/cr_startup_lpc15xx.o
                                 0x7a (size before relaxing)
 .comment       0x00000079       0x7a ./example/src/sysinit.o
 .comment       0x00000079       0x7a ./example/src/systick.o
 .comment       0x00000079       0x7a C:\studies\year3\period1\Embedded_Systems_programming\Labs\Lab1\lpc_board_nxp_lpcxpresso_1549\Debug\liblpc_board_nxp_lpcxpresso_1549.a(board.o)
 .comment       0x00000079       0x7a C:\studies\year3\period1\Embedded_Systems_programming\Labs\Lab1\lpc_board_nxp_lpcxpresso_1549\Debug\liblpc_board_nxp_lpcxpresso_1549.a(board_sysinit.o)
 .comment       0x00000079       0x7a C:\studies\year3\period1\Embedded_Systems_programming\Labs\Lab1\lpc_chip_15xx\Debug\liblpc_chip_15xx.a(chip_15xx.o)
 .comment       0x00000079       0x7a C:\studies\year3\period1\Embedded_Systems_programming\Labs\Lab1\lpc_chip_15xx\Debug\liblpc_chip_15xx.a(clock_15xx.o)
 .comment       0x00000079       0x7a C:\studies\year3\period1\Embedded_Systems_programming\Labs\Lab1\lpc_chip_15xx\Debug\liblpc_chip_15xx.a(gpio_15xx.o)
 .comment       0x00000079       0x7a C:\studies\year3\period1\Embedded_Systems_programming\Labs\Lab1\lpc_chip_15xx\Debug\liblpc_chip_15xx.a(iocon_15xx.o)
 .comment       0x00000079       0x7a C:\studies\year3\period1\Embedded_Systems_programming\Labs\Lab1\lpc_chip_15xx\Debug\liblpc_chip_15xx.a(swm_15xx.o)
 .comment       0x00000079       0x7a C:\studies\year3\period1\Embedded_Systems_programming\Labs\Lab1\lpc_chip_15xx\Debug\liblpc_chip_15xx.a(sysctl_15xx.o)
 .comment       0x00000079       0x7a C:\studies\year3\period1\Embedded_Systems_programming\Labs\Lab1\lpc_chip_15xx\Debug\liblpc_chip_15xx.a(sysinit_15xx.o)
 .comment       0x00000079       0x7a C:\studies\year3\period1\Embedded_Systems_programming\Labs\Lab1\lpc_chip_15xx\Debug\liblpc_chip_15xx.a(uart_15xx.o)

.ARM.attributes
                0x00000000       0x2b
 .ARM.attributes
                0x00000000       0x2d ./example/src/cr_startup_lpc15xx.o
 .ARM.attributes
                0x0000002d       0x2d ./example/src/sysinit.o
 .ARM.attributes
                0x0000005a       0x2d ./example/src/systick.o
 .ARM.attributes
                0x00000087       0x2d C:\studies\year3\period1\Embedded_Systems_programming\Labs\Lab1\lpc_board_nxp_lpcxpresso_1549\Debug\liblpc_board_nxp_lpcxpresso_1549.a(board.o)
 .ARM.attributes
                0x000000b4       0x2d C:\studies\year3\period1\Embedded_Systems_programming\Labs\Lab1\lpc_board_nxp_lpcxpresso_1549\Debug\liblpc_board_nxp_lpcxpresso_1549.a(board_sysinit.o)
 .ARM.attributes
                0x000000e1       0x2d C:\studies\year3\period1\Embedded_Systems_programming\Labs\Lab1\lpc_chip_15xx\Debug\liblpc_chip_15xx.a(chip_15xx.o)
 .ARM.attributes
                0x0000010e       0x2d C:\studies\year3\period1\Embedded_Systems_programming\Labs\Lab1\lpc_chip_15xx\Debug\liblpc_chip_15xx.a(clock_15xx.o)
 .ARM.attributes
                0x0000013b       0x2d C:\studies\year3\period1\Embedded_Systems_programming\Labs\Lab1\lpc_chip_15xx\Debug\liblpc_chip_15xx.a(gpio_15xx.o)
 .ARM.attributes
                0x00000168       0x2d C:\studies\year3\period1\Embedded_Systems_programming\Labs\Lab1\lpc_chip_15xx\Debug\liblpc_chip_15xx.a(iocon_15xx.o)
 .ARM.attributes
                0x00000195       0x2d C:\studies\year3\period1\Embedded_Systems_programming\Labs\Lab1\lpc_chip_15xx\Debug\liblpc_chip_15xx.a(swm_15xx.o)
 .ARM.attributes
                0x000001c2       0x2d C:\studies\year3\period1\Embedded_Systems_programming\Labs\Lab1\lpc_chip_15xx\Debug\liblpc_chip_15xx.a(sysctl_15xx.o)
 .ARM.attributes
                0x000001ef       0x2d C:\studies\year3\period1\Embedded_Systems_programming\Labs\Lab1\lpc_chip_15xx\Debug\liblpc_chip_15xx.a(sysinit_15xx.o)
 .ARM.attributes
                0x0000021c       0x2d C:\studies\year3\period1\Embedded_Systems_programming\Labs\Lab1\lpc_chip_15xx\Debug\liblpc_chip_15xx.a(uart_15xx.o)
 .ARM.attributes
                0x00000249       0x1d c:/additional_crap/mcuxpressoide_11.2.1_4149/ide/plugins/com.nxp.mcuxpresso.tools.win32_11.2.0.202008311134/tools/bin/../lib/gcc/arm-none-eabi/9.2.1/thumb/v7-m/nofp\libgcc.a(_aeabi_uldivmod.o)
 .ARM.attributes
                0x00000266       0x2d c:/additional_crap/mcuxpressoide_11.2.1_4149/ide/plugins/com.nxp.mcuxpresso.tools.win32_11.2.0.202008311134/tools/bin/../lib/gcc/arm-none-eabi/9.2.1/thumb/v7-m/nofp\libgcc.a(_udivmoddi4.o)
 .ARM.attributes
                0x00000293       0x1d c:/additional_crap/mcuxpressoide_11.2.1_4149/ide/plugins/com.nxp.mcuxpresso.tools.win32_11.2.0.202008311134/tools/bin/../lib/gcc/arm-none-eabi/9.2.1/thumb/v7-m/nofp\libgcc.a(_dvmd_tls.o)

.debug_frame    0x00000000     0x1588
 .debug_frame   0x00000000      0x170 ./example/src/cr_startup_lpc15xx.o
 .debug_frame   0x00000170       0x2c ./example/src/sysinit.o
 .debug_frame   0x0000019c       0xc0 ./example/src/systick.o
 .debug_frame   0x0000025c      0x360 C:\studies\year3\period1\Embedded_Systems_programming\Labs\Lab1\lpc_board_nxp_lpcxpresso_1549\Debug\liblpc_board_nxp_lpcxpresso_1549.a(board.o)
 .debug_frame   0x000005bc      0x14c C:\studies\year3\period1\Embedded_Systems_programming\Labs\Lab1\lpc_board_nxp_lpcxpresso_1549\Debug\liblpc_board_nxp_lpcxpresso_1549.a(board_sysinit.o)
 .debug_frame   0x00000708      0x104 C:\studies\year3\period1\Embedded_Systems_programming\Labs\Lab1\lpc_chip_15xx\Debug\liblpc_chip_15xx.a(chip_15xx.o)
 .debug_frame   0x0000080c      0x4a8 C:\studies\year3\period1\Embedded_Systems_programming\Labs\Lab1\lpc_chip_15xx\Debug\liblpc_chip_15xx.a(clock_15xx.o)
 .debug_frame   0x00000cb4      0x1b4 C:\studies\year3\period1\Embedded_Systems_programming\Labs\Lab1\lpc_chip_15xx\Debug\liblpc_chip_15xx.a(gpio_15xx.o)
 .debug_frame   0x00000e68       0x5c C:\studies\year3\period1\Embedded_Systems_programming\Labs\Lab1\lpc_chip_15xx\Debug\liblpc_chip_15xx.a(iocon_15xx.o)
 .debug_frame   0x00000ec4       0xd4 C:\studies\year3\period1\Embedded_Systems_programming\Labs\Lab1\lpc_chip_15xx\Debug\liblpc_chip_15xx.a(swm_15xx.o)
 .debug_frame   0x00000f98      0x124 C:\studies\year3\period1\Embedded_Systems_programming\Labs\Lab1\lpc_chip_15xx\Debug\liblpc_chip_15xx.a(sysctl_15xx.o)
 .debug_frame   0x000010bc      0x12c C:\studies\year3\period1\Embedded_Systems_programming\Labs\Lab1\lpc_chip_15xx\Debug\liblpc_chip_15xx.a(sysinit_15xx.o)
 .debug_frame   0x000011e8      0x340 C:\studies\year3\period1\Embedded_Systems_programming\Labs\Lab1\lpc_chip_15xx\Debug\liblpc_chip_15xx.a(uart_15xx.o)
 .debug_frame   0x00001528       0x2c c:/additional_crap/mcuxpressoide_11.2.1_4149/ide/plugins/com.nxp.mcuxpresso.tools.win32_11.2.0.202008311134/tools/bin/../lib/gcc/arm-none-eabi/9.2.1/thumb/v7-m/nofp\libgcc.a(_aeabi_uldivmod.o)
 .debug_frame   0x00001554       0x34 c:/additional_crap/mcuxpressoide_11.2.1_4149/ide/plugins/com.nxp.mcuxpresso.tools.win32_11.2.0.202008311134/tools/bin/../lib/gcc/arm-none-eabi/9.2.1/thumb/v7-m/nofp\libgcc.a(_udivmoddi4.o)
